
run_log.txt:6:build	Set up job	2026-02-10T13:58:08.0365836Z Build 
Date: 2026-01-23T19:41:17Z
run_log.txt:16:build	Set up job	2026-02-10T13:58:08.0373051Z Image: 
ubuntu-24.04
run_log.txt:18:build	Set up job	2026-02-10T13:58:08.0374578Z 
Included Software: https://github.com/actions/runner-images/blob/ubun
tu24/20260201.15/images/ubuntu/Ubuntu2404-Readme.md
run_log.txt:19:build	Set up job	2026-02-10T13:58:08.0376289Z Image 
Release: https://github.com/actions/runner-images/releases/tag/ubuntu
24%2F20260201.15
run_log.txt:26:build	Set up job	2026-02-10T13:58:08.0384849Z Secret 
source: Actions
run_log.txt:34:build	Set up job	2026-02-10T13:58:10.4730311Z 
Complete job name: build
run_log.txt:43:build	Run actions/checkout@v4	
2026-02-10T13:58:10.5562373Z   sparse-checkout-cone-mode: true
run_log.txt:111:build	set up JDK 17	2026-02-10T13:58:15.7176624Z   
cache: gradle
run_log.txt:112:build	set up JDK 17	2026-02-10T13:58:15.7176826Z   
java-package: jdk
run_log.txt:115:build	set up JDK 17	2026-02-10T13:58:15.7177400Z   
server-username: GITHUB_ACTOR
run_log.txt:137:build	set up JDK 17	2026-02-10T13:58:17.2095777Z 
Cache Size: ~28 MB (29333349 B)
run_log.txt:158:build	Setup Gradle	2026-02-10T13:58:17.6537626Z   
JAVA_HOME: 
/opt/hostedtoolcache/Java_Temurin-Hotspot_jdk/17.0.18-8/x64
run_log.txt:176:build	Build with Gradle	2026-02-10T13:58:20.8336869Z 
  JAVA_HOME: 
/opt/hostedtoolcache/Java_Temurin-Hotspot_jdk/17.0.18-8/x64
run_log.txt:199:build	Build with Gradle	2026-02-10T13:58:23.4002190Z 
The client will now receive all logging from the daemon (pid: 2280). 
The daemon log file: 
/home/runner/.gradle/daemon/8.5/daemon-2280.out.log
run_log.txt:6841:build	Build with Gradle	
2026-02-10T13:59:28.5993876Z e: file:///home/runner/work/KidsVolumeLo
ck/KidsVolumeLock/app/src/main/java/com/example/kidsvolumelock/Volume
LockService.kt:28:17 Conflicting declarations: private final var 
isScreenReceiverRegistered: Boolean, private final var 
isScreenReceiverRegistered: Boolean
run_log.txt:6842:build	Build with Gradle	
2026-02-10T13:59:28.5997106Z e: file:///home/runner/work/KidsVolumeLo
ck/KidsVolumeLock/app/src/main/java/com/example/kidsvolumelock/Volume
LockService.kt:29:17 Conflicting declarations: private final var 
isScreenReceiverRegistered: Boolean, private final var 
isScreenReceiverRegistered: Boolean
run_log.txt:6843:build	Build with Gradle	
2026-02-10T13:59:28.5999654Z e: file:///home/runner/work/KidsVolumeLo
ck/KidsVolumeLock/app/src/main/java/com/example/kidsvolumelock/Volume
LockService.kt:224:18 Overload resolution ambiguity: 
run_log.txt:6846:build	Build with Gradle	
2026-02-10T13:59:28.6004389Z e: file:///home/runner/work/KidsVolumeLo
ck/KidsVolumeLock/app/src/main/java/com/example/kidsvolumelock/Volume
LockService.kt:231:17 Overload resolution ambiguity: 
run_log.txt:6849:build	Build with Gradle	
2026-02-10T13:59:28.6008922Z e: file:///home/runner/work/KidsVolumeLo
ck/KidsVolumeLock/app/src/main/java/com/example/kidsvolumelock/Volume
LockService.kt:241:17 Overload resolution ambiguity: 
run_log.txt:6852:build	Build with Gradle	
2026-02-10T13:59:28.6014074Z e: file:///home/runner/work/KidsVolumeLo
ck/KidsVolumeLock/app/src/main/java/com/example/kidsvolumelock/Volume
LockService.kt:243:17 Overload resolution ambiguity: 
run_log.txt:6855:build	Build with Gradle	
2026-02-10T13:59:28.6018755Z e: file:///home/runner/work/KidsVolumeLo
ck/KidsVolumeLock/app/src/main/java/com/example/kidsvolumelock/Volume
LockService.kt:261:14 Overload resolution ambiguity: 
run_log.txt:6858:build	Build with Gradle	
2026-02-10T13:59:28.6023470Z e: file:///home/runner/work/KidsVolumeLo
ck/KidsVolumeLock/app/src/main/java/com/example/kidsvolumelock/Volume
LockService.kt:282:42 Overload resolution ambiguity: 
run_log.txt:6863:build	Build with Gradle	
2026-02-10T13:59:28.8010365Z FAILURE: Build failed with an exception.


