02-10 11:56:38.147  2580 12391 D HwInputMethodManagerService: removeImeSurfaceFromWindowAsync.android.os.BinderProxy@ffe6dd5
02-10 11:56:38.147  2580  2609 I WindowManager: applyPostLayoutPolicyLw# 2 win: Window{6d39ae7 u0 com.android.settings/com.android.settings.HWSettings}
02-10 11:56:38.150  2580  2609 D HwWindowManagerServiceEx: recompute display mode
02-10 11:56:38.150  2580  2609 D HwWindowManagerServiceEx: recompute display mode
02-10 11:56:38.151  2580  2609 D HwWindowManagerServiceEx: recompute display mode
02-10 11:56:38.151  2580  2609 D HwWindowManagerServiceEx: recompute display mode
02-10 11:56:38.152  2580  2609 D HwWindowManagerServiceEx: recompute display mode
02-10 11:56:38.152  2580  2609 D HwWindowManagerServiceEx: recompute display mode
02-10 11:56:38.152  2580  2609 D HwWindowManagerServiceEx: recompute display mode
02-10 11:56:38.153  2580  2608 I HwBrightnessPgSceneDetection: isHealthEyeWhenFlod() sIsContainsFoldPkgfalse
02-10 11:56:38.164  2580  3957 D HwWindowManagerServiceEx: recompute display mode
02-10 11:56:38.164  2580  3957 D HwWindowManagerServiceEx: recompute display mode
02-10 11:56:38.164  2580  3957 D HwWindowManagerServiceEx: recompute display mode
02-10 11:56:38.165  2580  3957 D HwWindowManagerServiceEx: recompute display mode
02-10 11:56:38.165  2580  3957 D HwWindowManagerServiceEx: recompute display mode
02-10 11:56:38.165  2580  3957 D HwWindowManagerServiceEx: recompute display mode
02-10 11:56:38.165  2580  3957 D HwWindowManagerServiceEx: recompute display mode
02-10 11:56:38.165  2580  3957 I WindowManager: applyPostLayoutPolicyLw# 2 win: Window{6d39ae7 u0 com.android.settings/com.android.settings.HWSettings}
02-10 11:56:38.171  2580  2608 I HwBrightnessPgSceneDetection: isHealthEyeWhenFlod() sIsContainsFoldPkgfalse
02-10 11:56:38.172  2580  3957 D HwWindowManagerServiceEx: recompute display mode
02-10 11:56:38.172  2580  3957 I WindowManager: handleTopActivityLaunchingInDifferentOrientation background visible activity to cover config
02-10 11:56:38.172  2580  3957 D HwWindowManagerServiceEx: recompute display mode
02-10 11:56:38.172  2580  3957 D HwWindowManagerServiceEx: recompute display mode
02-10 11:56:38.253  2580 12391 W ProcBatteryStats: timer is not running , not stop, name: audioserver, uid: 1041, tag: AudioMix
02-10 11:56:38.254  2580 12391 W ProcBatteryStats: timer is not running , not stop, name: audioserver, uid: 1041, tag: AudioMix
02-10 11:56:38.256  2580 12391 W ProcBatteryStats: timer is not running , not stop, name: audioserver, uid: 1041, tag: AudioMix
02-10 11:56:38.262  2580  3957 W ProcBatteryStats: timer is not running , not stop, name: audioserver, uid: 1041, tag: AudioMix
02-10 11:56:38.823  9612  9612 I TransitionInfo: release all surface: Surface(name=Transition Root: Task=461)/@0x976ca90
02-10 11:56:38.823  3141  3515 I RemoteTransitionHandler: RemoteTransition onFinished RemoteTransition { remoteTransition = android.window.IRemoteTransition$Stub$Proxy@b5fc13, backRemoteTransition = , appThread = android.app.IApplicationThread$Stub$Proxy@9fc4e50, debugName = QuickstepLaunchHome }
02-10 11:56:38.826  3141  3233 I ShellTransitions: Active animation finished=(#2159)android.os.BinderProxy@36572db@0, merged=null, aborted=false
02-10 11:56:38.826  3141  3233 I CaptionWindowDecorViewModel: destroyWindowDecoration taskId=632
02-10 11:56:38.826  3141  3233 V WindowManagerShell: Transition animation finished (aborted=false), notifying core (#2159)android.os.BinderProxy@36572db@0
02-10 11:56:38.827  2580  3957 I TransitionController: finishTransition TransitionRecord{4ad4152 id=2159 type=OPEN flags=0x0}
02-10 11:56:38.828  2580  3957 V WindowManager: Loading animations: layout params pkg=com.android.settings resId=0x10302f9
02-10 11:56:38.828  2580  3957 V WindowManager: Loading animations: picked package=android
02-10 11:56:38.828  2580  2605 V WindowManager: Finish Transition #2159: created at 02-10 11:56:37.823 collect-started=0.396ms request-sent=55.897ms started=76.744ms ready=76.678ms sent=202.83ms finished=1003.958ms
02-10 11:56:38.828  2580  3957 V WindowManager: Loading animations: layout params pkg=com.android.settings resId=0x10302f9
02-10 11:56:38.828  2580  3957 V WindowManager: Loading animations: picked package=android
02-10 11:56:38.830  3141  3233 I WindowManagerShell: Track 0 became idle
02-10 11:56:38.830  3141  3233 I WindowManagerShell: All active transition animations finished
02-10 11:56:38.831  2580  2608 V ActivityTaskManager: Activity idle: null
02-10 11:56:38.832  2580  2608 D HwWindowManagerServiceEx: recompute display mode
02-10 11:56:38.834  2580  2618 I DE J DES: [effect] QR do nothing
02-10 11:56:38.834  2580  2618 I DE J DES: [effect] MEMC do nothing
02-10 11:56:38.836  2580  2618 I DE J DES: [effect] QR do nothing
02-10 11:56:38.836  2580  2618 I DE J DES: [effect] MEMC do nothing
02-10 11:56:38.839  2580  2609 I ActivityTaskManager: remove inputSink surface ActivityRecord{d9ac69 u0 com.android.settings/.HWSettings t632 mVisible=false mOccludesParent=true mode=fullscreen boundsRect(0, 0 - 1920, 1200)}
02-10 11:56:38.839  2580  2609 I hnWindowInfomationUpdate: addOrUpdateWindowInformation end ... 
02-10 11:56:38.840  2580  2609 I ActivityTaskManager: remove inputSink surface ActivityRecord{2d6690f u0 com.android.settings/.Settings$DevelopmentSettingsActivity t632 mVisible=false mOccludesParent=false mode=fullscreen boundsRect(0, 0 - 1920, 1200)}
02-10 11:56:38.840  2580  2609 I hnWindowInfomationUpdate: addOrUpdateWindowInformation end ... 
02-10 11:56:38.842  2580  2609 I WindowManager: Win Window{4b368ca u0 NotificationShade}, animationWallpaper=false, hasWallpaper=false, w.isOnScreen()=true, w.isDrawFinishedLw()=true
02-10 11:56:38.842  2580  2609 D HwWindowManagerServiceEx: recompute display mode
02-10 11:56:38.843  2580  2609 D HwWindowManagerServiceEx: recompute display mode
02-10 11:56:38.843  2580  2609 D HwWindowManagerServiceEx: recompute display mode
02-10 11:56:38.843  2580  2609 D HwWindowManagerServiceEx: recompute display mode
02-10 11:56:38.843  2580  2609 D HwWindowManagerServiceEx: recompute display mode
02-10 11:56:38.843  2580  2609 D HwWindowManagerServiceEx: recompute display mode
02-10 11:56:38.843  2580  2609 D HwWindowManagerServiceEx: recompute display mode
02-10 11:56:38.845  2580  2799 W JobScheduler.Concurrency: Had fewer than 16 in existence
02-10 11:56:38.846  2580  2799 W JobScheduler.Concurrency: Had fewer than 16 in existence
02-10 11:56:38.847  2580  2799 W JobScheduler.Concurrency: Had fewer than 16 in existence
02-10 11:56:38.847  2580  2608 I HwBrightnessPgSceneDetection: isHealthEyeWhenFlod() sIsContainsFoldPkgfalse
02-10 11:56:38.849  2580  2799 W JobScheduler.Concurrency: Had fewer than 16 in existence
02-10 11:56:38.850  2580  2799 W JobScheduler.Concurrency: Had fewer than 16 in existence
02-10 11:56:38.850  2580  2799 W JobScheduler.Concurrency: Had fewer than 16 in existence
02-10 11:56:38.851  2580  2799 I PowerManagerService: wakeLock.mDisabled:false, mDeviceIdleMode:false, mProcState:0
02-10 11:56:38.853  2580  2799 I PowerManagerService: wakeLock.mDisabled:false, mDeviceIdleMode:false, mProcState:0
02-10 11:56:38.853  2580  2799 W ProcBatteryStats: timer is running , not start, name: com.google.android.apps.youtube.kids, uid: 1110203, tag: *job*/@androidx.work.systemjobscheduler@com.google.android.apps.youtube.kids/androidx.work.impl.background.systemjob.SystemJobService#2006
02-10 11:56:38.854  2580  2799 E ProcessInfoCollector: getProcessInfo: failed to find this proc.
02-10 11:56:38.854  2580  2799 W ActivityManager: Service starting has been prevented by iaware or trustsbase sInfo ServiceInfo{21ce3e7 androidx.work.impl.background.systemjob.SystemJobService}
02-10 11:56:38.855  2580  2799 W ActivityManager: Unbind failed: could not find connection for android.app.LoadedApk$ServiceDispatcher$InnerConnection@f679b94
02-10 11:56:38.855  2580  2799 E JobScheduler.Concurrency: Error executing JobStatus{897c351 androidx.work.systemjobscheduler:u11a203/2006 @androidx.work.systemjobscheduler@com.google.android.apps.youtube.kids/androidx.work.impl.background.systemjob.SystemJobService u=11 s=1110203 TIME=-4d21h54m5s238ms:none NET READY}
02-10 11:56:38.856  2580  2799 W ProcBatteryStats: timer is not running , not stop, name: com.google.android.apps.youtube.kids, uid: 1110203, tag: *job*/@androidx.work.systemjobscheduler@com.google.android.apps.youtube.kids/androidx.work.impl.background.systemjob.SystemJobService#2006
02-10 11:56:38.865  2580 11313 D HwWindowManagerServiceEx: recompute display mode
02-10 11:56:38.865  2580 11313 D HwWindowManagerServiceEx: recompute display mode
02-10 11:56:38.866  2580 11313 D HwWindowManagerServiceEx: recompute display mode
02-10 11:56:38.866  2580 11313 D HwWindowManagerServiceEx: recompute display mode
02-10 11:56:38.867  2580 11313 D HwWindowManagerServiceEx: recompute display mode
02-10 11:56:38.867  2580 11313 D HwWindowManagerServiceEx: recompute display mode
02-10 11:56:38.869  2580 11313 D HwWindowManagerServiceEx: recompute display mode
02-10 11:56:38.875  2580  2608 I HwBrightnessPgSceneDetection: isHealthEyeWhenFlod() sIsContainsFoldPkgfalse
02-10 11:56:38.876  2580 11313 D HwWindowManagerServiceEx: recompute display mode
02-10 11:56:38.876  2580 11313 I WindowManager: handleTopActivityLaunchingInDifferentOrientation background visible activity to cover config
02-10 11:56:38.877  2580 11313 I hnWindowInfomationUpdate: toSaveActivityMode start ...title=com.android.settings/com.android.settings.HWSettings,returnNum=1isVisible=false
02-10 11:56:38.877  2580 11313 I hnWindowInfomationUpdate: toSaveActivityMode start ...mShownWindowMap.size()=1
02-10 11:56:38.877  2580 11313 D HwWindowManagerServiceEx: recompute display mode
02-10 11:56:38.877  2580 11313 D HwWindowManagerServiceEx: recompute display mode
02-10 11:56:38.896  2580 11313 D HwWindowManagerServiceEx: recompute display mode
02-10 11:56:38.897  2580 11313 D HwWindowManagerServiceEx: recompute display mode
02-10 11:56:38.897  2580 11313 D HwWindowManagerServiceEx: recompute display mode
02-10 11:56:38.897  2580 11313 D HwWindowManagerServiceEx: recompute display mode
02-10 11:56:38.898  2580 11313 D HwWindowManagerServiceEx: recompute display mode
02-10 11:56:38.898  2580 11313 D HwWindowManagerServiceEx: recompute display mode
02-10 11:56:38.898  2580 11313 D HwWindowManagerServiceEx: recompute display mode
02-10 11:56:38.902  2580  2608 I HwBrightnessPgSceneDetection: isHealthEyeWhenFlod() sIsContainsFoldPkgfalse
02-10 11:56:38.903  2580 11313 D HwWindowManagerServiceEx: recompute display mode
02-10 11:56:38.903  2580 11313 I WindowManager: handleTopActivityLaunchingInDifferentOrientation background visible activity to cover config
02-10 11:56:38.903  2580 11313 I hnWindowInfomationUpdate: toSaveActivityMode start ...title=com.android.settings/com.android.settings.Settings$DevelopmentSettingsActivity,returnNum=1isVisible=false
02-10 11:56:38.903  2580 11313 I hnWindowInfomationUpdate: toSaveActivityMode start ...mShownWindowMap.size()=0
02-10 11:56:38.904  2580 11313 D HwWindowManagerServiceEx: recompute display mode
02-10 11:56:38.904  2580 11313 D HwWindowManagerServiceEx: recompute display mode
02-10 11:56:38.940  2580  3957 D HwWindowManagerServiceEx: recompute display mode
02-10 11:56:38.940  2580  3957 D HwWindowManagerServiceEx: recompute display mode
02-10 11:56:38.940  2580  3957 D HwWindowManagerServiceEx: recompute display mode
02-10 11:56:38.940  2580  3957 D HwWindowManagerServiceEx: recompute display mode
02-10 11:56:38.941  2580  3957 D HwWindowManagerServiceEx: recompute display mode
02-10 11:56:38.941  2580  3957 D HwWindowManagerServiceEx: recompute display mode
02-10 11:56:38.941  2580  3957 D HwWindowManagerServiceEx: recompute display mode
02-10 11:56:38.945  2580  2608 I HwBrightnessPgSceneDetection: isHealthEyeWhenFlod() sIsContainsFoldPkgfalse
02-10 11:56:38.945  2580  3957 D HwWindowManagerServiceEx: recompute display mode
02-10 11:56:38.946  2580  3957 I WindowManager: handleTopActivityLaunchingInDifferentOrientation background visible activity to cover config
02-10 11:56:38.946  2580  3957 D HwWindowManagerServiceEx: recompute display mode
02-10 11:56:38.946  2580  3957 D HwWindowManagerServiceEx: recompute display mode
02-10 11:56:38.949  2580  3957 D HwWindowManagerServiceEx: recompute display mode
02-10 11:56:38.950  2580  3957 D HwWindowManagerServiceEx: recompute display mode
02-10 11:56:38.950  2580  3957 D HwWindowManagerServiceEx: recompute display mode
02-10 11:56:38.951  2580  3957 D HwWindowManagerServiceEx: recompute display mode
02-10 11:56:38.951  2580  3957 D HwWindowManagerServiceEx: recompute display mode
02-10 11:56:38.952  2580  3957 D HwWindowManagerServiceEx: recompute display mode
02-10 11:56:38.952  2580  3957 D HwWindowManagerServiceEx: recompute display mode
02-10 11:56:38.955  2580  2608 I HwBrightnessPgSceneDetection: isHealthEyeWhenFlod() sIsContainsFoldPkgfalse
02-10 11:56:38.955  2580  3957 D HwWindowManagerServiceEx: recompute display mode
02-10 11:56:38.955  2580  3957 I WindowManager: handleTopActivityLaunchingInDifferentOrientation background visible activity to cover config
02-10 11:56:38.955  2580  3957 D HwWindowManagerServiceEx: recompute display mode
02-10 11:56:38.955  2580  3957 D HwWindowManagerServiceEx: recompute display mode
02-10 11:56:38.960  2580  2608 I UsageStatsService: reportEvent : component= ComponentInfo{com.android.settings/com.android.settings.Settings$DevelopmentSettingsActivity} eventType= 23
02-10 11:56:38.961  2580  3957 I hnWindowInfomationUpdate: addOrUpdateWindowInformation end ... 
02-10 11:56:38.966  2580  2608 I UsageStatsService: reportEvent : component= ComponentInfo{com.android.settings/com.android.settings.HWSettings} eventType= 23
02-10 11:56:38.967  2580  3957 I hnWindowInfomationUpdate: addOrUpdateWindowInformation end ... 
02-10 11:56:38.972  2580  4458 I AppEyeTopApp: handleTopAppChange, bg, disable pid=9097, uid=1000
02-10 11:56:38.972  2580  3957 D HwActivityManagerServiceEx: getPackageNameForPid callingAppId: 1000
02-10 11:56:39.199  2580  3957 I HwNormalizedRampAnimator: onEvent, frameRate=60
02-10 11:56:39.199  2580  3957 I HwNormalizedRampAnimator: onEvent, frameRate=60
02-10 11:56:39.199  2580  3957 I HwNormalizedRampAnimator: onEvent, frameRate=60
02-10 11:56:39.431  2580  3957 W ProcBatteryStats: timer is not running , not stop, name: audioserver, uid: 1041, tag: AudioMix
02-10 11:56:39.433  2580  3957 I PowerManagerService: need release WakeLockSuspendBlocker
02-10 11:56:39.433  2580  3957 I PowerManagerService: Releasing suspend blocker "PowerManagerService.WakeLocks".
02-10 11:56:39.436  2580  3957 I BatteryService: Processing new values: info={chargerAcOnline=false,chargerUsbOnline=true,chargerWirelessOnline=false,maxChargingCurrent=500000,maxChargingVoltage=5000000,batteryStatus=2=CHARGING,batteryHealth=2=GOOD,batteryPresent=true,batteryLevel=66,batteryVoltage=4021,batteryTemperature=250,batteryFullCharge=8036000,batteryChargeCounter=3500000,batteryTechnology=Unknown,batteryCapacityLevel=3=NORMAL,chargerDockOnline=false}, mBatteryLevelCritical=false, mPlugType=2, mLastPlugType=2
02-10 11:56:39.436  2580  3957 I BatteryService: check conditions changed
02-10 11:56:39.487  2580  3957 I BatteryService: Processing new values: info={chargerAcOnline=false,chargerUsbOnline=true,chargerWirelessOnline=false,maxChargingCurrent=500000,maxChargingVoltage=5000000,batteryStatus=2=CHARGING,batteryHealth=2=GOOD,batteryPresent=true,batteryLevel=66,batteryVoltage=4023,batteryTemperature=250,batteryFullCharge=8036000,batteryChargeCounter=3500000,batteryTechnology=Unknown,batteryCapacityLevel=3=NORMAL,chargerDockOnline=false}, mBatteryLevelCritical=false, mPlugType=2, mLastPlugType=2
02-10 11:56:39.488  2580  3957 I BatteryService: check conditions changed
02-10 11:56:39.603  2580  2608 V LocalDisplayAdapter: getDisplayDeviceInfoLocked called,1200x1920, 1200x1920displayCutout null, roundedCorners null
02-10 11:56:39.604  2580  2608 I DisplayDeviceRepository: Display device changed: DisplayDeviceInfo{"Pantalla integrada": uniqueId="local:4630946403464778881", 1200 x 1920, modeId 2, renderFrameRate 60.000004, defaultModeId 2, supportedModes [{id=1, width=1200, height=1920, fps=90.0, alternativeRefreshRates=[60.000004], supportedHdrTypes=[]}, {id=2, width=1200, height=1920, fps=60.000004, alternativeRefreshRates=[90.0], supportedHdrTypes=[]}], colorMode 0, supportedColorModes [0], hdrCapabilities HdrCapabilities{mSupportedHdrTypes=[], mMaxLuminance=500.0, mMaxAverageLuminance=500.0, mMinLuminance=0.0}, allmSupported false, gameContentTypeSupported false, density 280, 207.346 x 206.644 dpi, appVsyncOff 1000000, presDeadline 16666666, touch INTERNAL, rotation 0, type INTERNAL, address {port=129, model=0x40446d37d86414}, deviceProductInfo DeviceProductInfo{name=, manufacturerPnpId=QCM, productId=1, modelYear=null, manufactureDate=ManufactureDate{week=27, year=2006}, connectionToSinkType=0}, state ON, committedState ON, frameRateOverride , brightnessMinimum 0.0, brightnessMaximum 1.0, brightnessDefault 0.12941177, hdrSdrRatio NaN, FLAG_ALLOWED_TO_BE_DEFAULT_DISPLAY, FLAG_ROTATES_WITH_CONTENT, FLAG_SECURE, FLAG_SUPPORTS_PROTECTED_BUFFERS, FLAG_TRUSTED, installOrientation 0, displayShape DisplayShape{ spec=1237991957 displayWidth=1200 displayHeight=1920 physicalPixelDisplaySizeRatio=1.0 rotation=0 offsetX=0 offsetY=0 scale=1.0}}
02-10 11:56:39.614  2580  2580 I HwMultiDisplayManager: onDisplayChanged: 0
02-10 11:56:39.619  2580  2606 I HwActivityTaskSupervisorEx: handleVrDisplayChanged displayId = 0
02-10 11:56:39.619  2580  2606 W HwActivityTaskSupervisorEx: handleVrDisplayChanged other vr mode displayId: 0
02-10 11:56:39.622  2580  2609 D HwWindowManagerServiceEx: recompute display mode
02-10 11:56:39.622  2580  2609 D HwWindowManagerServiceEx: recompute display mode
02-10 11:56:39.622  2580  2609 D HwWindowManagerServiceEx: recompute display mode
02-10 11:56:39.623  2580  2609 D HwWindowManagerServiceEx: recompute display mode
02-10 11:56:39.623  2580  2609 D HwWindowManagerServiceEx: recompute display mode
02-10 11:56:39.623  2580  2609 D HwWindowManagerServiceEx: recompute display mode
02-10 11:56:39.624  2580  2609 D HwWindowManagerServiceEx: recompute display mode
02-10 11:56:39.628  2580  2609 I LogicalDisplay: configureDisplayLocked mTempLayerStackRect=Rect(0, 0 - 1920, 1200) mTempDisplayRect=Rect(0, 0 - 1920, 1200) orientation = 1 mDisplayId=0
02-10 11:56:39.629  2580  2608 I HwBrightnessPgSceneDetection: isHealthEyeWhenFlod() sIsContainsFoldPkgfalse
02-10 11:56:40.161  2580 12371 D HwWindowManagerServiceEx: recompute display mode
02-10 11:56:40.162  2580 12371 D HwWindowManagerServiceEx: recompute display mode
02-10 11:56:40.162  2580 12371 D HwWindowManagerServiceEx: recompute display mode
02-10 11:56:40.162  2580 12371 D HwWindowManagerServiceEx: recompute display mode
02-10 11:56:40.162  2580 12371 D HwWindowManagerServiceEx: recompute display mode
02-10 11:56:40.162  2580 12371 D HwWindowManagerServiceEx: recompute display mode
02-10 11:56:40.163  2580 12371 D HwWindowManagerServiceEx: recompute display mode
02-10 11:56:40.166  2580  2608 I HwBrightnessPgSceneDetection: isHealthEyeWhenFlod() sIsContainsFoldPkgfalse
02-10 11:56:40.184  2580  2608 V LocalDisplayAdapter: getDisplayDeviceInfoLocked called,1200x1920, 1200x1920displayCutout null, roundedCorners null
02-10 11:56:40.184  2580 12371 I HwNormalizedRampAnimator: onEvent, frameRate=90
02-10 11:56:40.184  2580 12371 I HwNormalizedRampAnimator: onEvent, frameRate=90
02-10 11:56:40.184  2580 12371 I HwNormalizedRampAnimator: onEvent, frameRate=90
02-10 11:56:40.184  2580  2608 I DisplayDeviceRepository: Display device changed: DisplayDeviceInfo{"Pantalla integrada": uniqueId="local:4630946403464778881", 1200 x 1920, modeId 1, renderFrameRate 90.0, defaultModeId 2, supportedModes [{id=1, width=1200, height=1920, fps=90.0, alternativeRefreshRates=[60.000004], supportedHdrTypes=[]}, {id=2, width=1200, height=1920, fps=60.000004, alternativeRefreshRates=[90.0], supportedHdrTypes=[]}], colorMode 0, supportedColorModes [0], hdrCapabilities HdrCapabilities{mSupportedHdrTypes=[], mMaxLuminance=500.0, mMaxAverageLuminance=500.0, mMinLuminance=0.0}, allmSupported false, gameContentTypeSupported false, density 280, 207.346 x 206.644 dpi, appVsyncOff 1000000, presDeadline 17111111, touch INTERNAL, rotation 0, type INTERNAL, address {port=129, model=0x40446d37d86414}, deviceProductInfo DeviceProductInfo{name=, manufacturerPnpId=QCM, productId=1, modelYear=null, manufactureDate=ManufactureDate{week=27, year=2006}, connectionToSinkType=0}, state ON, committedState ON, frameRateOverride , brightnessMinimum 0.0, brightnessMaximum 1.0, brightnessDefault 0.12941177, hdrSdrRatio NaN, FLAG_ALLOWED_TO_BE_DEFAULT_DISPLAY, FLAG_ROTATES_WITH_CONTENT, FLAG_SECURE, FLAG_SUPPORTS_PROTECTED_BUFFERS, FLAG_TRUSTED, installOrientation 0, displayShape DisplayShape{ spec=1237991957 displayWidth=1200 displayHeight=1920 physicalPixelDisplaySizeRatio=1.0 rotation=0 offsetX=0 offsetY=0 scale=1.0}}
02-10 11:56:40.187  2580  2580 I HwMultiDisplayManager: onDisplayChanged: 0
02-10 11:56:40.193  2580  2606 I HwActivityTaskSupervisorEx: handleVrDisplayChanged displayId = 0
02-10 11:56:40.193  2580  2606 W HwActivityTaskSupervisorEx: handleVrDisplayChanged other vr mode displayId: 0
02-10 11:56:40.195  2580  2609 I LogicalDisplay: configureDisplayLocked mTempLayerStackRect=Rect(0, 0 - 1920, 1200) mTempDisplayRect=Rect(0, 0 - 1920, 1200) orientation = 1 mDisplayId=0
02-10 11:56:40.197  2580  2608 I HwBrightnessPgSceneDetection: isHealthEyeWhenFlod() sIsContainsFoldPkgfalse
02-10 11:56:40.591  2580 11313 D HwWindowManagerServiceEx: recompute display mode
02-10 11:56:40.592  2580 11313 D HwWindowManagerServiceEx: recompute display mode
02-10 11:56:40.592  2580 11313 D HwWindowManagerServiceEx: recompute display mode
02-10 11:56:40.593  2580 11313 D HwWindowManagerServiceEx: recompute display mode
02-10 11:56:40.593  2580 11313 D HwWindowManagerServiceEx: recompute display mode
02-10 11:56:40.594  2580 11313 D HwWindowManagerServiceEx: recompute display mode
02-10 11:56:40.594  2580 11313 D HwWindowManagerServiceEx: recompute display mode
02-10 11:56:40.599  2580  2608 I HwBrightnessPgSceneDetection: isHealthEyeWhenFlod() sIsContainsFoldPkgfalse
02-10 11:56:40.600  2580 11313 D HwWindowManagerServiceEx: recompute display mode
02-10 11:56:40.600  2580 11313 I WindowManager: handleTopActivityLaunchingInDifferentOrientation background visible activity to cover config
02-10 11:56:40.602  2580 11313 D HwWindowManagerServiceEx: recompute display mode
02-10 11:56:40.602  2580 11313 D HwWindowManagerServiceEx: recompute display mode
02-10 11:56:40.602  2580 11313 D HwWindowManagerServiceEx: recompute display mode
02-10 11:56:40.603  2580 11313 D HwWindowManagerServiceEx: recompute display mode
02-10 11:56:40.603  2580 11313 D HwWindowManagerServiceEx: recompute display mode
02-10 11:56:40.604  2580 11313 D HwWindowManagerServiceEx: recompute display mode
02-10 11:56:40.605  2580 11313 D HwWindowManagerServiceEx: recompute display mode
02-10 11:56:40.611  2580  2608 I HwBrightnessPgSceneDetection: isHealthEyeWhenFlod() sIsContainsFoldPkgfalse
02-10 11:56:40.622  2580 11313 V WindowManager: Loading animations: layout params pkg=com.android.systemui resId=0x0
02-10 11:56:40.622  2580 11313 D HwAppTransitionImpl: windowAnimations = 0 dose not come from system, not to override it.
02-10 11:56:40.623  2580 11313 I hnWindowInfomationUpdate: addOrUpdateWindowInformation end ... 
02-10 11:56:40.624  2580 11313 D HwWindowManagerServiceEx: recompute display mode
02-10 11:56:40.624  2580 11313 D HwWindowManagerServiceEx: recompute display mode
02-10 11:56:40.625  2580 11313 D HwWindowManagerServiceEx: recompute display mode
02-10 11:56:40.625  2580 11313 D HwWindowManagerServiceEx: recompute display mode
02-10 11:56:40.625  2580 11313 D HwWindowManagerServiceEx: recompute display mode
02-10 11:56:40.625  2580 11313 D HwWindowManagerServiceEx: recompute display mode
02-10 11:56:40.627  2580  2608 I HwBrightnessPgSceneDetection: isHealthEyeWhenFlod() sIsContainsFoldPkgfalse
02-10 11:56:40.627  2580 11313 D HwWindowManagerServiceEx: recompute display mode
02-10 11:56:40.628  2580 11313 I WindowManager: handleTopActivityLaunchingInDifferentOrientation background visible activity to cover config
02-10 11:56:40.628  2580 11313 D HwWindowManagerServiceEx: recompute display mode
02-10 11:56:40.628  2580 11313 D HwWindowManagerServiceEx: recompute display mode
02-10 11:56:40.631  2580 11313 D HwWindowManagerServiceEx: recompute display mode
02-10 11:56:40.632  2580 11313 D HwWindowManagerServiceEx: recompute display mode
02-10 11:56:40.632  2580 11313 D HwWindowManagerServiceEx: recompute display mode
02-10 11:56:40.632  2580 11313 D HwWindowManagerServiceEx: recompute display mode
02-10 11:56:40.632  2580 11313 D HwWindowManagerServiceEx: recompute display mode
02-10 11:56:40.632  2580 11313 D HwWindowManagerServiceEx: recompute display mode
02-10 11:56:40.636  2580  2608 I HwBrightnessPgSceneDetection: isHealthEyeWhenFlod() sIsContainsFoldPkgfalse
02-10 11:56:40.870  2580 11313 I HwNormalizedRampAnimator: onEvent, frameRate=60
02-10 11:56:40.870  2580 11313 I HwNormalizedRampAnimator: onEvent, frameRate=60
02-10 11:56:40.870  2580 11313 I HwNormalizedRampAnimator: onEvent, frameRate=60
02-10 11:56:41.308  2580  2831 D ActivityManager: freezing 8802 com.hihonor.remotepassword
02-10 11:56:41.549  1035 10202 I keystore2: system/security/keystore2/src/watchdog.rs:319 - Watchdog thread idle -> terminating. Have a great day.
02-10 11:56:41.938  2580 11313 I AlarmManager: remove alarm reason:1 alarms:[Alarm{629d566 type 3 origWhen 317295383081 whenElapsed 317295383081 PendingIntent{de3daa8: PendingIntentRecord{c9379c1 com.google.android.gms/com.google.android.gms.container startService}} com.google.android.gms procName com.google.android.gms}]
02-10 11:56:42.644  2580  2608 V LocalDisplayAdapter: getDisplayDeviceInfoLocked called,1200x1920, 1200x1920displayCutout null, roundedCorners null
02-10 11:56:42.646  2580  2608 I DisplayDeviceRepository: Display device changed: DisplayDeviceInfo{"Pantalla integrada": uniqueId="local:4630946403464778881", 1200 x 1920, modeId 2, renderFrameRate 60.000004, defaultModeId 2, supportedModes [{id=1, width=1200, height=1920, fps=90.0, alternativeRefreshRates=[60.000004], supportedHdrTypes=[]}, {id=2, width=1200, height=1920, fps=60.000004, alternativeRefreshRates=[90.0], supportedHdrTypes=[]}], colorMode 0, supportedColorModes [0], hdrCapabilities HdrCapabilities{mSupportedHdrTypes=[], mMaxLuminance=500.0, mMaxAverageLuminance=500.0, mMinLuminance=0.0}, allmSupported false, gameContentTypeSupported false, density 280, 207.346 x 206.644 dpi, appVsyncOff 1000000, presDeadline 16666666, touch INTERNAL, rotation 0, type INTERNAL, address {port=129, model=0x40446d37d86414}, deviceProductInfo DeviceProductInfo{name=, manufacturerPnpId=QCM, productId=1, modelYear=null, manufactureDate=ManufactureDate{week=27, year=2006}, connectionToSinkType=0}, state ON, committedState ON, frameRateOverride , brightnessMinimum 0.0, brightnessMaximum 1.0, brightnessDefault 0.12941177, hdrSdrRatio NaN, FLAG_ALLOWED_TO_BE_DEFAULT_DISPLAY, FLAG_ROTATES_WITH_CONTENT, FLAG_SECURE, FLAG_SUPPORTS_PROTECTED_BUFFERS, FLAG_TRUSTED, installOrientation 0, displayShape DisplayShape{ spec=1237991957 displayWidth=1200 displayHeight=1920 physicalPixelDisplaySizeRatio=1.0 rotation=0 offsetX=0 offsetY=0 scale=1.0}}
02-10 11:56:42.654  2580  2580 I HwMultiDisplayManager: onDisplayChanged: 0
02-10 11:56:42.658  2580  2606 I HwActivityTaskSupervisorEx: handleVrDisplayChanged displayId = 0
02-10 11:56:42.658  2580  2606 W HwActivityTaskSupervisorEx: handleVrDisplayChanged other vr mode displayId: 0
02-10 11:56:42.663  2580  2609 I LogicalDisplay: configureDisplayLocked mTempLayerStackRect=Rect(0, 0 - 1920, 1200) mTempDisplayRect=Rect(0, 0 - 1920, 1200) orientation = 1 mDisplayId=0
02-10 11:56:42.676  2580  2608 I HwBrightnessPgSceneDetection: isHealthEyeWhenFlod() sIsContainsFoldPkgfalse
02-10 11:56:42.677  2580  2608 I HwBrightnessPgSceneDetection: isHealthEyeWhenFlod() sIsContainsFoldPkgfalse
02-10 11:56:42.771  2580  8561 W TaskStackActivitiesFilter: appFilter no data
02-10 11:56:42.771  2580  8561 D TaskStackActivitiesFilter: whiteAppFilter no data
02-10 11:56:42.771  2580  8561 D TaskStackActivitiesFilter: listNum com.hihonor.magicvoice 1
02-10 11:56:42.772  2580  8561 I ActivityManager: Killing 9853:com.hihonor.magicvoice/u0a63 (adj 700): iAwareR[LowMem](recent-provider) -1ms
02-10 11:56:42.775  2580  2858 I CollectDataProc: [activity restore]  com.hihonor.magicvoice [killed reason] iAwareR[LowMem]
02-10 11:56:42.778  2580  3060 I ActivityManager: ProcessRecord to clean, name: com.hihonor.magicvoice, uid: 10063, app: ProcessRecord{2545740 9853:com.hihonor.magicvoice/u0a63}
02-10 11:56:42.779  2580  3060 D HWMW_HwMagicWindowConfig: this product do not support magic window unlock false
02-10 11:56:42.779  2580  3060 I HWMW_HwMagicWinAmsPolicy: onProcessDied return, container: com.android.server.wm.HwMagicLocalContainer@d503838
02-10 11:56:42.779  2580  3007 W HwAudioServiceEx: SoundEffectState bundle get reserved is invalid
02-10 11:56:42.781  2580  2618 I HwPowerManagerService: appdie release wakelock, pid = 9853, uid = 10063
02-10 11:56:42.781  2580  2606 D DisplayManagerService: Drop pending events for gone uid 10063
02-10 11:56:42.786  2580  3957 D HwActivityManagerServiceEx: getPackageNameForPid callingAppId: 1000
02-10 11:56:42.786  2580 12357 D HwActivityManagerServiceEx: getPackageNameForPid callingAppId: 1000
02-10 11:56:42.787  2580 12357 D HwActivityManagerServiceEx: getPackageNameForPid callingAppId: 1000
02-10 11:56:42.797  2580  8561 W TaskStackActivitiesFilter: appFilter no data
02-10 11:56:42.797  2580  8561 D TaskStackActivitiesFilter: whiteAppFilter no data
02-10 11:56:42.797  2580  8561 D TaskStackActivitiesFilter: listNum com.google.android.healthconnect.controller 1
02-10 11:56:42.797  2580  8561 I ActivityManager: Killing 9737:com.google.android.healthconnect.controller/u0a159 (adj 700): iAwareR[LowMem](recent-provider) -1ms
02-10 11:56:42.798  2580  2858 I CollectDataProc: [activity restore]  com.google.android.healthconnect.controller [killed reason] iAwareR[LowMem]
02-10 11:56:42.801  2580  3060 I ActivityManager: ProcessRecord to clean, name: com.google.android.healthconnect.controller, uid: 10159, app: ProcessRecord{2670018 9737:com.google.android.healthconnect.controller/u0a159}
02-10 11:56:42.801  2580  3060 D HWMW_HwMagicWindowConfig: this product do not support magic window unlock false
02-10 11:56:42.801  2580  3060 I HWMW_HwMagicWinAmsPolicy: onProcessDied return, container: com.android.server.wm.HwMagicLocalContainer@d503838
02-10 11:56:42.802  2580  3007 W HwAudioServiceEx: SoundEffectState bundle get reserved is invalid
02-10 11:56:42.802  2580  2618 I HwPowerManagerService: appdie release wakelock, pid = 9737, uid = 10159
02-10 11:56:42.805  2580  2606 D DisplayManagerService: Drop pending events for gone uid 10159
02-10 11:56:42.810  2580 12357 D HwActivityManagerServiceEx: getPackageNameForPid callingAppId: 1000
02-10 11:56:42.811  2580  8561 W TaskStackActivitiesFilter: appFilter no data
02-10 11:56:42.811  2580  8561 D TaskStackActivitiesFilter: whiteAppFilter no data
02-10 11:56:42.811  2580  8561 D TaskStackActivitiesFilter: listNum com.google.android.cellbroadcastreceiver 1
02-10 11:56:42.811  2580  8561 I ActivityManager: Killing 9329:com.google.android.cellbroadcastreceiver/u0a164 (adj 700): iAwareR[LowMem](recent-provider) -1ms
02-10 11:56:42.814  2580  2858 I CollectDataProc: [activity restore]  com.google.android.cellbroadcastreceiver [killed reason] iAwareR[LowMem]
02-10 11:56:42.816  2580 11313 D HwActivityManagerServiceEx: getPackageNameForPid callingAppId: 1000
02-10 11:56:42.817  2580 12357 D HwActivityManagerServiceEx: getPackageNameForPid callingAppId: 1000
02-10 11:56:42.818  2580  3060 I ActivityManager: ProcessRecord to clean, name: com.google.android.cellbroadcastreceiver, uid: 10164, app: ProcessRecord{cd397e 9329:com.google.android.cellbroadcastreceiver/u0a164}
02-10 11:56:42.819  2580  3060 D HWMW_HwMagicWindowConfig: this product do not support magic window unlock false
02-10 11:56:42.819  2580  3060 I HWMW_HwMagicWinAmsPolicy: onProcessDied return, container: com.android.server.wm.HwMagicLocalContainer@d503838
02-10 11:56:42.819  2580  2618 I HwPowerManagerService: appdie release wakelock, pid = 9329, uid = 10164
02-10 11:56:42.819  2580  3007 W HwAudioServiceEx: SoundEffectState bundle get reserved is invalid
02-10 11:56:42.821  2580  2606 D DisplayManagerService: Drop pending events for gone uid 10164
02-10 11:56:42.823  2580  8561 W TaskStackActivitiesFilter: appFilter no data
02-10 11:56:42.823  2580  8561 D TaskStackActivitiesFilter: whiteAppFilter no data
02-10 11:56:42.823  2580  8561 D TaskStackActivitiesFilter: listNum com.google.android.apps.wellbeing 1
02-10 11:56:42.823  2580  8561 I ActivityManager: Killing 9250:com.google.android.apps.wellbeing/u0a129 (adj 700): iAwareR[LowMem](recent-provider) -1ms
02-10 11:56:42.825  2580  3060 I ActivityManager: ProcessRecord to clean, name: com.google.android.apps.wellbeing, uid: 10129, app: ProcessRecord{a273770 9250:com.google.android.apps.wellbeing/u0a129}
02-10 11:56:42.825  2580  3060 D HWMW_HwMagicWindowConfig: this product do not support magic window unlock false
02-10 11:56:42.825  2580  3060 I HWMW_HwMagicWinAmsPolicy: onProcessDied return, container: com.android.server.wm.HwMagicLocalContainer@d503838
02-10 11:56:42.826  2580  2618 I HwPowerManagerService: appdie release wakelock, pid = 9250, uid = 10129
02-10 11:56:42.829  2580  8697 D HwActivityManagerServiceEx: getPackageNameForPid callingAppId: 1000
02-10 11:56:42.829  2580  5182 D HwActivityManagerServiceEx: getPackageNameForPid callingAppId: 1000
02-10 11:56:42.831  2580  3007 W HwAudioServiceEx: SoundEffectState bundle get reserved is invalid
02-10 11:56:42.832  2580  2606 D DisplayManagerService: Drop pending events for gone uid 10129
02-10 11:56:42.832  2580 11313 D HwActivityManagerServiceEx: getPackageNameForPid callingAppId: 1000
02-10 11:56:42.833  2580  2858 I CollectDataProc: [activity restore]  com.google.android.apps.wellbeing [killed reason] iAwareR[LowMem]
02-10 11:56:42.833  2580  8561 W TaskStackActivitiesFilter: appFilter no data
02-10 11:56:42.833  2580  8561 D TaskStackActivitiesFilter: whiteAppFilter no data
02-10 11:56:42.833  2580  8561 D TaskStackActivitiesFilter: listNum com.android.settings 1
02-10 11:56:42.833  2580  8561 I ActivityManager: Killing 10263:com.android.settings/u11s1000 (adj 915): iAwareR[LowMem](cch-empty) -1ms
02-10 11:56:42.835  2580  3060 I ActivityManager: ProcessRecord to clean, name: com.android.settings, uid: 1101000, app: ProcessRecord{fe2a87f 10263:com.android.settings/u11s1000}
02-10 11:56:42.835  2580  2827 D HwActivityManagerServiceEx: getPackageNameForPid callingAppId: 1000
02-10 11:56:42.835  2580  3060 D HWMW_HwMagicWindowConfig: this product do not support magic window unlock false
02-10 11:56:42.835  2580  3060 I HWMW_HwMagicWinAmsPolicy: onProcessDied return, container: com.android.server.wm.HwMagicLocalContainer@d503838
02-10 11:56:42.836  2580  8561 W TaskStackActivitiesFilter: appFilter no data
02-10 11:56:42.836  2580  8561 D TaskStackActivitiesFilter: whiteAppFilter no data
02-10 11:56:42.836  2580  8561 D TaskStackActivitiesFilter: listNum com.google.android.apps.youtube.kids 1
02-10 11:56:42.836  2580  2618 I HwPowerManagerService: appdie release wakelock, pid = 10263, uid = 1101000
02-10 11:56:42.837  2580  2858 I CollectDataProc: [activity restore]  com.android.settings [killed reason] iAwareR[LowMem]
02-10 11:56:42.839  2580  8561 I ActivityManager: Killing 13370:com.google.android.apps.youtube.kids/u0a203 (adj 200): iAwareR[LowMem](fg-service) 25605ms
02-10 11:56:42.840  2580 12357 D HwActivityManagerServiceEx: getPackageNameForPid callingAppId: 1000
02-10 11:56:42.840  2580 12357 D HwActivityManagerServiceEx: getPackageNameForPid callingAppId: 1000
02-10 11:56:42.843  2580  3060 I ActivityManager: ProcessRecord to clean, name: com.google.android.apps.youtube.kids, uid: 10203, app: ProcessRecord{d214835 13370:com.google.android.apps.youtube.kids/u0a203}
02-10 11:56:42.843  2580  3060 D HWMW_HwMagicWindowConfig: this product do not support magic window unlock false
02-10 11:56:42.843  2580  3060 I HWMW_HwMagicWinAmsPolicy: onProcessDied return, container: com.android.server.wm.HwMagicLocalContainer@d503838
02-10 11:56:42.845  2580  2618 I HwPowerManagerService: appdie release wakelock, pid = 13370, uid = 10203
02-10 11:56:42.846  2580  3060 I UsageStatsService: reportEvent : component= ComponentInfo{com.google.android.apps.youtube.kids/com.google.android.libraries.youtube.player.background.service.BackgroundPlayerService} eventType= 20
02-10 11:56:42.849  2580  3060 W TaskStackActivitiesFilter: blacklist no data
02-10 11:56:42.849  2580  3060 D TaskStackActivitiesFilter: whitelist no data
02-10 11:56:42.849  2580  3060 D TaskStackActivitiesFilter: shouldClearActivity com.google.android.apps.youtube.kids 1
02-10 11:56:42.849  2580  2608 I UsageStatsService: reportEvent : component= ComponentInfo{com.google.android.apps.youtube.kids/com.google.android.apps.youtube.kids.main.MainActivity} eventType= 24
02-10 11:56:42.850  2580  2580 I NotificationService: cancelNotificationLocked called,tell the app,reason = 8,sbn key = 0|com.google.android.apps.youtube.kids|2|null|10203
02-10 11:56:42.851  2580  2616 W UsageStatsService: Unexpected activity event reported! (com.google.android.apps.youtube.kids/com.google.android.apps.youtube.kids.main.MainActivity event : 23 instanceId : 228204829)
02-10 11:56:42.852  2580  3007 W HwAudioServiceEx: SoundEffectState bundle get reserved is invalid
02-10 11:56:42.852  2580  3007 W HwAudioServiceEx: SoundEffectState bundle get reserved is invalid
02-10 11:56:42.852  2580  2858 I CollectDataProc: [activity restore]  com.google.android.apps.youtube.kids [killed reason] iAwareR[LowMem]
02-10 11:56:42.853  2580  2580 D CompatibilityChangeReporter: Compat change id reported: 175319604; UID 1000; state: ENABLED
02-10 11:56:42.857  2580  2580 D CompatibilityChangeReporter: Compat change id reported: 195579280; UID 1000; state: ENABLED
02-10 11:56:42.858  2580  2606 D DisplayManagerService: Drop pending events for gone uid 10203
02-10 11:56:42.860  2580 12357 D HwActivityManagerServiceEx: getPackageNameForPid callingAppId: 1000
02-10 11:56:42.860  2580  8697 D HwActivityManagerServiceEx: getPackageNameForPid callingAppId: 1000
02-10 11:56:42.863  2580  2580 D CompatibilityChangeReporter: Compat change id reported: 175319604; UID 1101000; state: ENABLED
02-10 11:56:42.867  2580  2580 D CompatibilityChangeReporter: Compat change id reported: 195579280; UID 1101000; state: ENABLED
02-10 11:56:42.986  2580  8697 D TextToSpeechManagerPerUserService: Unbinding TTS engine: com.google.android.tts. Reason: client process death is reported
02-10 11:56:42.989  2580  2827 I WindowManager: WIN DEATH: Window{312eac1 u0 com.google.android.apps.youtube.kids/com.google.android.apps.youtube.kids.main.MainActivity}
02-10 11:56:42.990  2580  2827 I HwActivityTaskManagerServiceEx: [snapshot cache] Iaware Snapshot cache is closed
02-10 11:56:42.994  2580  2580 W TextToSpeechManagerPerUserService: Disconnected from TTS engine
02-10 11:56:42.994  2580  2580 I TextToSpeechManagerPerUserService: Failed running callback method: android.os.DeadObjectException
02-10 11:56:43.007  2580  2827 I WindowManager: cancelAnimation
02-10 11:56:43.007  2580  2827 I WindowManager: mActivityRecord.cancelAnimation
02-10 11:56:43.010  2580 11530 I MediaSessionStack: removeSession | record: com.google.android.apps.youtube.kids/YouTube playerlib (userId=0)
02-10 11:56:43.012  2580  2827 I WindowManager: setSurfaceControl null, caller = com.android.server.wm.WindowContainer.removeImmediately:874 com.android.server.wm.WindowState.removeImmediately:3017 com.android.server.wm.WindowState.removeIfPossible:3192 com.android.server.wm.WindowState$DeathRecipient.binderDied:3839 android.os.IBinder$DeathRecipient.binderDied:329 android.os.BinderProxy.sendDeathNotice:749 <bottom of call stack> <bottom of call stack> <bottom of call stack> <bottom of call stack> 
02-10 11:56:43.015  2580  2827 D HwWindowManagerServiceEx: recompute display mode
02-10 11:56:43.015  2580  2827 D HwWindowManagerServiceEx: recompute display mode
02-10 11:56:43.015  2580  2827 D HwWindowManagerServiceEx: recompute display mode
02-10 11:56:43.016  2580  2608 W ActivityManager: setHasOverlayUi called on unknown pid: 13370
02-10 11:56:43.019  2580  2827 D HwWindowManagerServiceEx: recompute display mode
02-10 11:56:43.020  2580  2827 D HwWindowManagerServiceEx: recompute display mode
02-10 11:56:43.020  2580  2827 D HwWindowManagerServiceEx: recompute display mode
02-10 11:56:43.026  2580  2608 I HwBrightnessPgSceneDetection: isHealthEyeWhenFlod() sIsContainsFoldPkgfalse
02-10 11:56:43.032  2580  2827 I MR2ServiceImpl: stopScan | manager: 1
02-10 11:56:43.049  2580  2580 V ProcessCleaner: cleanupPackageNotifications, userId=11|[com.android.settings]
02-10 11:56:43.050  2580  2580 V ProcessCleaner: cleanupPackageNotifications, userId=0|[com.google.android.apps.youtube.kids]
02-10 11:56:43.071  2580  2613 W Watchdog: waitState=[0] waitedHalf=[false]
02-10 11:56:43.071  2580  2613 W Watchdog: watchdogKick kickCounter=[150]
02-10 11:56:43.280  2580  3007 I HwAudioServiceEx: HwAudioHandlerEx receive unknown msg
02-10 11:56:43.302  2580  3007 I HwAudioServiceEx: HwAudioHandlerEx receive unknown msg
02-10 11:56:43.319  2580  3007 I HwAudioServiceEx: HwAudioHandlerEx receive unknown msg
02-10 11:56:43.326  2580  3007 I HwAudioServiceEx: HwAudioHandlerEx receive unknown msg
02-10 11:56:43.336  2580  3007 I HwAudioServiceEx: HwAudioHandlerEx receive unknown msg
02-10 11:56:43.344  2580  3007 I HwAudioServiceEx: HwAudioHandlerEx receive unknown msg
02-10 11:56:44.025  2580  2611 I AppEyeFwkBlock: do monitor
02-10 11:56:44.063  2580  2831 D ActivityManager: freezing 10235 android.process.media
02-10 11:56:44.974  2128  2693 I storaged: storaged_t::event: storage_info refreshed.
02-10 11:56:47.077 10030 10104 W ContextImpl: Calling a method in the system process without a qualified user: android.app.ContextImpl.sendBroadcast:1366 android.content.ContextWrapper.sendBroadcast:509 com.hihonor.searchservice.server.util.KeepAliveRunnable.keepAlive:96 com.hihonor.searchservice.server.util.KeepAliveRunnable.lambda$runKeepAlive$2:75 com.hihonor.searchservice.server.util.-$$Lambda$KeepAliveRunnable$F0ecuFTLzo74XEzeVqqY-h1rkxY.run:0 
02-10 11:56:48.973  2580  2831 D ActivityManager: freezing 10007 com.hihonor.coauthservice
02-10 11:56:50.026  2580  2611 I AppEyeFwkBlock: do monitor
02-10 11:56:53.331  2580  2831 D ActivityManager: freezing 1954 com.google.android.tts
02-10 11:56:54.267  2580  2831 D ActivityManager: freezing 10030 com.hihonor.searchservice
02-10 11:56:56.027  2580  2611 I AppEyeFwkBlock: do monitor
02-10 11:56:56.206  2580  4261 D CompatibilityChangeReporter: Compat change id reported: 253665015; UID 10130; state: ENABLED
02-10 11:56:56.206  2580  4261 D CompatibilityChangeReporter: Compat change id reported: 194532703; UID 10130; state: ENABLED
02-10 11:56:56.213  2580  4261 D CompatibilityChangeReporter: Compat change id reported: 271850009; UID 10130; state: ENABLED
02-10 11:56:56.413  2580  4261 E ProcessInfoCollector: getProcessInfo: proc should not less than zero.
02-10 11:56:56.413  2580  4261 W JobScheduler.Concurrency: Had fewer than 16 in existence
02-10 11:56:56.415  2580  4261 I PowerManagerService: wakeLock.mDisabled:false, mDeviceIdleMode:false, mProcState:0
02-10 11:56:56.415  2580  4261 I PowerManagerService: need acquire WakeLockSuspendBlocker
02-10 11:56:56.415  2580  4261 I PowerManagerService: Acquiring suspend blocker "PowerManagerService.WakeLocks".
02-10 11:56:56.419  2580  4261 I PowerManagerService: wakeLock.mDisabled:false, mDeviceIdleMode:false, mProcState:0
02-10 11:56:56.419  2580  4261 W ProcBatteryStats: timer is running , not start, name: com.google.android.googlequicksearchbox, uid: 10130, tag: *job*/@androidx.work.systemjobscheduler@com.google.android.googlequicksearchbox/androidx.work.impl.background.systemjob.SystemJobService#19812
02-10 11:56:56.420  2580  4261 E ProcessInfoCollector: getProcessInfo: failed to find this proc.
02-10 11:56:56.424  2580  4261 W ProcessStats: Tracking association SourceState{9862681 com.google.android.googlequicksearchbox:search/10130 ImpBg #831468} whose proc state 6 is better than process ProcessState{96f019c com.google.android.gms/10038 pkg=com.google.android.gms} proc state 13 (30 skipped)
02-10 11:56:56.526  2580  4261 V ActivityManager: startProcess: name=com.google.android.googlequicksearchbox:googleapp app=null knownToBeDead=true thread=null pid=-1 preloadStatus=-1
02-10 11:56:56.528  2580  4261 D CompatibilityChangeReporter: Compat change id reported: 135634846; UID 10130; state: DISABLED
02-10 11:56:56.529  2580  4261 D CompatibilityChangeReporter: Compat change id reported: 177438394; UID 10130; state: DISABLED
02-10 11:56:56.529  2580  4261 D CompatibilityChangeReporter: Compat change id reported: 135772972; UID 10130; state: DISABLED
02-10 11:56:56.529  2580  4261 D CompatibilityChangeReporter: Compat change id reported: 135754954; UID 10130; state: ENABLED
02-10 11:56:56.531  2580  2627 D CompatibilityChangeReporter: Compat change id reported: 143937733; UID 10130; state: ENABLED
02-10 11:56:56.531  2580  2627 I HWMW_HwMagicWinAmsPolicy: ### Execute -> overrideArgsForHwMagicWin, info: ApplicationInfo{6630fe com.google.android.googlequicksearchbox}
02-10 11:56:56.554  2580  2627 I ActivityManager: Start proc 10669:com.google.android.googlequicksearchbox:googleapp/u0a130 for service {com.google.android.googlequicksearchbox/com.google.android.libraries.search.integrations.tiktok.RemoteWorkerService_googleapp}
02-10 11:56:56.557  2580  3518 E ProcessInfoCollector: getProcessInfo: failed to find this proc.
02-10 11:56:56.600 10669 10669 D ActivityThread: Attach thread to application
02-10 11:56:56.602  2580  4261 D CompatibilityChangeReporter: Compat change id reported: 168419799; UID 10130; state: DISABLED
02-10 11:56:56.602  2580  4261 D CompatibilityChangeReporter: Compat change id reported: 273564678; UID 10130; state: DISABLED
02-10 11:56:56.604  2580  4261 D HwWindowManagerServiceEx: recompute display mode
02-10 11:56:56.615 10669 10680 I ActivityThread: Init compatible state: true
02-10 11:56:56.719  2580  3322 W ProcBatteryStats: timer is not running , not stop, name: com.google.android.googlequicksearchbox, uid: 10130, tag: *job*/@androidx.work.systemjobscheduler@com.google.android.googlequicksearchbox/androidx.work.impl.background.systemjob.SystemJobService#19812
02-10 11:56:56.719  2580  3322 I PowerManagerService: need release WakeLockSuspendBlocker
02-10 11:56:56.720  2580  3322 I PowerManagerService: Releasing suspend blocker "PowerManagerService.WakeLocks".
02-10 11:56:56.774  2580  2827 I PackageManager: setEnabledSetting pkg:com.google.android.googlequicksearchbox, className:com.google.android.apps.search.assistant.verticals.familyshare.FamilyShareActivity, newState:2, flags:1, userId:0, CallingPid:9485, CallingUid:10130
02-10 11:56:56.982 10669 10669 I ActivityThread: finishPreloaded preloadStatus 0
02-10 11:56:56.982  2580  4261 I ActivityManager: Flag disabled. Ignoring finishAttachApplication from uid: 10130. pid: 10669
02-10 11:56:56.997  2580  4261 I ActivityManager: Killing 7404:com.google.android.gms/u11a38 (adj 955): empty #10
02-10 11:56:56.999  2580  2858 I CollectDataProc: [activity restore]  com.google.android.gms [killed reason] empty
02-10 11:56:57.054  2580  2599 I ActivityManager: Dying app: ProcessRecord{504297f 7404:com.google.android.gms/u11a38}, pid: 7404, isNeedClearup: true, isFromBinderDied:true
02-10 11:56:57.054  2580  3007 W HwAudioServiceEx: SoundEffectState bundle get reserved is invalid
02-10 11:56:57.054  2580  2599 D HWMW_HwMagicWindowConfig: this product do not support magic window unlock false
02-10 11:56:57.054  2580  2599 I HWMW_HwMagicWinAmsPolicy: onProcessDied return, container: com.android.server.wm.HwMagicLocalContainer@d503838
02-10 11:56:57.054  2580  2618 I HwPowerManagerService: appdie release wakelock, pid = 7404, uid = 1110038
02-10 11:56:57.056  2580  2599 D CompatibilityChangeReporter: Compat change id reported: 261072174; UID 1110038; state: ENABLED
02-10 11:56:57.060  2580  2598 D HwActivityManagerServiceEx: getPackageNameForPid callingAppId: 1000
02-10 11:56:57.060  2580  3231 D HwActivityManagerServiceEx: getPackageNameForPid callingAppId: 1000
02-10 11:56:57.061  2580  3231 D HwActivityManagerServiceEx: getPackageNameForPid callingAppId: 1000
02-10 11:56:57.061  2580  2599 I ActivityManager: Killing 9866:com.hihonor.id:core/u0a49 (adj 999): empty #10
02-10 11:56:57.063  2580  2599 I ActivityManager: Killing 5155:android.process.acore/u0a24 (adj 999): empty #11
02-10 11:56:57.065  2580  2858 I CollectDataProc: [activity restore]  com.android.providers.contacts [killed reason] empty
02-10 11:56:57.066  2580  2599 I ActivityManager: Killing 9437:com.hihonor.photos/u0a187 (adj 999): empty #12
02-10 11:56:57.067  2580  2858 I CollectDataProc: [activity restore]  com.hihonor.photos [killed reason] empty
02-10 11:56:57.068  2580  2599 I ActivityManager: Killing 9516:com.hihonor.medialibrary/u0a62 (adj 999): empty #13
02-10 11:56:57.070  2580  2858 I CollectDataProc: [activity restore]  com.hihonor.medialibrary [killed reason] empty
