02-10 11:56:23.437  2580  3252 D HwWindowManagerServiceEx: recompute display mode
02-10 11:56:23.446  2580 11313 E WindowManager: Process Permission error! uid:10038
02-10 11:56:23.447  2580 11313 E WindowManager: check permission error, current package is com.google.uid.shared:10038 , it is not systemApp, callers is com.hihonor.android.view.IHwWindowManager$Stub.onTransact:1227 android.os.Binder.execTransactInternal:1366 android.os.Binder.execTransact:1310 <bottom of call stack> <bottom of call stack> <bottom of call stack> <bottom of call stack> <bottom of call stack> <bottom of call stack> <bottom of call stack> 
02-10 11:56:23.448  9371  9381 I ActivityThread: Init compatible state: true
02-10 11:56:23.458  2580  2831 D ActivityManager: freezing 8802 com.hihonor.remotepassword
02-10 11:56:23.474  2580  2609 D HwWindowManagerServiceEx: recompute display mode
02-10 11:56:23.475  2580  2609 D HwWindowManagerServiceEx: recompute display mode
02-10 11:56:23.475  2580  2609 D HwWindowManagerServiceEx: recompute display mode
02-10 11:56:23.476  2580  2609 D HwWindowManagerServiceEx: recompute display mode
02-10 11:56:23.476  2580  2609 D HwWindowManagerServiceEx: recompute display mode
02-10 11:56:23.477  2580  2609 D HwWindowManagerServiceEx: recompute display mode
02-10 11:56:23.478  2580  2609 I WindowManager: applyPostLayoutPolicyLw# 2 win: Window{6d39ae7 u0 com.android.settings/com.android.settings.HWSettings}
02-10 11:56:23.483  2580  2609 I HwWindowStateEx: isNeedWaitBaseActivityShown baseWindowState = Window{6d39ae7 u0 com.android.settings/com.android.settings.HWSettings}
02-10 11:56:23.484  2580  2609 I ActivityTaskManager: send PROCESS_STOPPING_AND_FINISHING_MSG
02-10 11:56:23.484  2580  2609 I hnWindowInfomationUpdate: toSaveActivityMode start ...title=com.android.settings/com.android.settings.Settings$HwSystemDashboardActivity,returnNum=1isVisible=true
02-10 11:56:23.485  2580  2609 I hnWindowInfomationUpdate: toSaveActivityMode start ...mShownWindowMap.size()=3
02-10 11:56:23.485  2580  2609 I hnWindowInfomationUpdate: addOrUpdateWindowInformation end ... 
02-10 11:56:23.486  2580  2609 I WMTransition: Start calculating TransitionInfo based on participants: {ActivityRecord{7634718 u0 com.android.settings/.Settings$WifiSettingsActivity t632 mVisible=true mOccludesParent=false mode=fullscreen boundsRect(0, 0 - 1920, 1200)}, ActivityRecord{fd665e2 u0 com.android.settings/.Settings$HwSystemDashboardActivity t632 mVisible=true mOccludesParent=false mode=fullscreen boundsRect(0, 0 - 1920, 1200)}}
02-10 11:56:23.486  2580  2609 I WMTransition: Initial targets: {761=ActivityRecord{7634718 u0 com.android.settings/.Settings$WifiSettingsActivity t632 mVisible=true mOccludesParent=false mode=fullscreen boundsRect(0, 0 - 1920, 1200)}, 763=ActivityRecord{fd665e2 u0 com.android.settings/.Settings$HwSystemDashboardActivity t632 mVisible=true mOccludesParent=false mode=fullscreen boundsRect(0, 0 - 1920, 1200)}}
02-10 11:56:23.486  2580  2609 I WMTransition: Final targets: [ActivityRecord{fd665e2 u0 com.android.settings/.Settings$HwSystemDashboardActivity t632 mVisible=true mOccludesParent=false mode=fullscreen boundsRect(0, 0 - 1920, 1200)}, ActivityRecord{7634718 u0 com.android.settings/.Settings$WifiSettingsActivity t632 mVisible=true mOccludesParent=false mode=fullscreen boundsRect(0, 0 - 1920, 1200)}]
02-10 11:56:23.489  2580  2609 I ActivityTaskManager: cropRectForSplitMode frameRect Rect(768, 0 - 1920, 1200)
02-10 11:56:23.489  2580  2609 I ActivityTaskManager: cropRectForSplitMode frameRect Rect(768, 0 - 1920, 1200)
02-10 11:56:23.489  2580  2609 D HwWindowManagerServiceEx: constructHnTransitionAnimationInfo wc size : 2
02-10 11:56:23.489  2580  2609 I HwWindowManagerServiceEx: constructHnTransitionAnimationInfo type: open activity : ActivityRecord{fd665e2 u0 com.android.settings/.Settings$HwSystemDashboardActivity t632 mVisible=true mOccludesParent=false mode=fullscreen boundsRect(0, 0 - 1920, 1200)}
02-10 11:56:23.489  2580  2609 D HwWindowManagerServiceEx: mIntelligentCardPosition = null
02-10 11:56:23.489  2580  2609 I HwWindowManagerServiceEx: constructHnTransitionAnimationInfo type: close activity : ActivityRecord{7634718 u0 com.android.settings/.Settings$WifiSettingsActivity t632 mVisible=true mOccludesParent=false mode=fullscreen boundsRect(0, 0 - 1920, 1200)}
02-10 11:56:23.489  2580  2609 D HwWindowManagerServiceEx: mIntelligentCardPosition = null
02-10 11:56:23.489  2580  2609 I HnTransitionEx: isActivityInRecentsTransient :false
02-10 11:56:23.490  2580  2609 D HwMultiWindowManager: setParticialSplitScreenStatus: status=false
02-10 11:56:23.492  2580  2609 I WindowManager: Win Window{4b368ca u0 NotificationShade}, animationWallpaper=false, hasWallpaper=false, w.isOnScreen()=false, w.isDrawFinishedLw()=false
02-10 11:56:23.492  2580  2609 D HwWindowManagerServiceEx: recompute display mode
02-10 11:56:23.493  2580  2609 D HwWindowManagerServiceEx: recompute display mode
02-10 11:56:23.493  2580  2609 D HwWindowManagerServiceEx: recompute display mode
02-10 11:56:23.493  2580  2605 V WindowManager: Sent Transition #2155 createdAt=02-10 11:56:23.141 via request=TransitionRequestInfo { type = OPEN, triggerTask = TaskInfo{userId=0 taskId=632 displayId=0 isRunning=true baseIntent=Intent { act=android.intent.action.MAIN cat=[android.intent.category.LAUNCHER] flg=0x10200000 cmp=com.android.settings/.HWSettings } baseActivity=ComponentInfo{com.android.settings/com.android.settings.HWSettings} topActivity=ComponentInfo{com.android.settings/com.android.settings.Settings$HwSystemDashboardActivity} origActivity=ComponentInfo{com.android.settings/com.android.settings.HWSettings} realActivity=ComponentInfo{com.android.settings/com.android.settings.HWSettings} numActivities=3 lastActiveTime=1935371356 isSupportsHwFreeForm=false appOrientationPolicy=1 affinity=1000:com.android.settings freeformPaddingType=0 shouldFreeformSetSurfaceCorner=false supportsHnSplitScreenMultiWindow=false supportsHnTopBotSplitScreenfalse supportsMultiWindow=true resizeMode=2 isResizeable=false minWidth=-1 minHeight=-1 defaultMinSize=220 token=WCT{RemoteToken{b3d524c Task{9d7a625 #632 type=standard A=1000:com.android.settings}}} topActivityType=1 pictureInPictureParams=null isAutoRemoveRecents=false shouldDockBigOverlays=false launchIntoPipHostTaskId=-1 lastParentTaskIdBeforePip=-1 displayCutoutSafeInsets=null topActivityInfo=ActivityInfo{7e64ead com.android.settings.Settings$HwSystemDashboardActivity} windowMode=1 launchCookies=[] positionInParent=Point(0, 0) parentTaskId=-1 isFocused=true isVisible=true isFreeformEnterPip=false isVisibleRequested=true isSleeping=false topActivityInSizeCompat=false topActivityEligibleForLetterboxEducation= false topActivityLetterboxed= false isFromDoubleTap= false topActivityLetterboxVerticalPosition= -1 topActivityLetterboxHorizontalPosition= -1 topActivityLetterboxWidth=-1 topActivityLetterboxHeight=-1 locusId=null displayAreaFeatureId=1 cameraCompatControlState=hidden targetScaleForVerticalInwardFold=1.0}, remoteTransition = null, displayChange = null }
02-10 11:56:23.493  2580  2609 D HwWindowManagerServiceEx: recompute display mode
02-10 11:56:23.493  2580  2605 V WindowManager:     startWCT=WindowContainerTransaction { changes = {} hops = [] errorCallbackToken=null taskFragmentOrganizer=null }
02-10 11:56:23.493  2580  2609 D HwWindowManagerServiceEx: recompute display mode
02-10 11:56:23.493  2580  2609 D HwWindowManagerServiceEx: recompute display mode
02-10 11:56:23.493  2580  2605 V WindowManager:     info={id=2155 t=OPEN f=0x0 trk=0 includeEmbeddedWindow=false isKeyGuardLocked=false r=[0@Point(0, 0)#true] c=[{null m=OPEN f=TRANSLUCENT|FILLS_TASK leash=Surface(name=ActivityRecord{fd665e2 u0 com.android.settings/.Settings$HwSystemDashboardActivity t632 mVisible=false mOccludesParent=false mode=fullscreen boundsRect(0, 0 - 1920, 1200)})/@0x7537fb5 sb=Rect(0, 0 - 0, 0) eb=Rect(0, 0 - 1920, 1200) d=-1->0 r=-1->1:-1 mSkipAnimation=false taskId = 632},{null m=TO_BACK f=TRANSLUCENT|FILLS_TASK leash=Surface(name=ActivityRecord{7634718 u0 com.android.settings/.Settings$WifiSettingsActivity t632 mVisible=false mOccludesParent=false mode=fullscreen boundsRect(0, 0 - 1920, 1200)})/@0xdabdb08 sb=Rect(0, 0 - 1920, 1200) eb=Rect(0, 0 - 1920, 1200) d=0 mSkipAnimation=false taskId = 632}]}
02-10 11:56:23.493  2580  2609 I WindowManager: applyPostLayoutPolicyLw# 2 win: Window{6d39ae7 u0 com.android.settings/com.android.settings.HWSettings}
02-10 11:56:23.494  3141  3233 I WindowManagerShell: onTransitionReady android.os.BinderProxy@443dc0b: {id=2155 t=OPEN f=0x0 trk=0 includeEmbeddedWindow=false isKeyGuardLocked=false r=[0@Point(0, 0)#true] c=[{null m=OPEN f=TRANSLUCENT|FILLS_TASK leash=Surface(name=ActivityRecord{fd665e2 u0 com.android.settings/.Settings$HwSystemDashboardActivity t632 mVisible=false mOccludesParent=false mode=fullscreen boundsRect(0, 0 - 1920, 1200)})/@0x9723ae8 sb=Rect(0, 0 - 0, 0) eb=Rect(0, 0 - 1920, 1200) d=-1->0 r=-1->1:-1 mSkipAnimation=false taskId = 632},{null m=TO_BACK f=TRANSLUCENT|FILLS_TASK leash=Surface(name=ActivityRecord{7634718 u0 com.android.settings/.Settings$WifiSettingsActivity t632 mVisible=false mOccludesParent=false mode=fullscreen boundsRect(0, 0 - 1920, 1200)})/@0xb05f501 sb=Rect(0, 0 - 1920, 1200) eb=Rect(0, 0 - 1920, 1200) d=0 mSkipAnimation=false taskId = 632}]}
02-10 11:56:23.494  3141  3233 I ShellTransitions: Transition ready: (#2155)android.os.BinderProxy@443dc0b@0 abort? false and playing: null
02-10 11:56:23.494  3141  3233 I WindowManagerShell: Playing animation for (#2155)android.os.BinderProxy@443dc0b@0
02-10 11:56:23.494  3141  3233 V WindowManagerShell:  try handler com.android.wm.shell.hnmultiwindow.MultiWindowTransitionHandler@3330df3
02-10 11:56:23.494  3141  3233 I MultiWindowTransitionHandler: shouldStartAnimation: false TransitionInfo: {id=2155 t=OPEN f=0x0 trk=0 includeEmbeddedWindow=false isKeyGuardLocked=false r=[0@Point(0, 0)#true] c=[{null m=OPEN f=TRANSLUCENT|FILLS_TASK leash=Surface(name=ActivityRecord{fd665e2 u0 com.android.settings/.Settings$HwSystemDashboardActivity t632 mVisible=false mOccludesParent=false mode=fullscreen boundsRect(0, 0 - 1920, 1200)})/@0x9723ae8 sb=Rect(0, 0 - 0, 0) eb=Rect(0, 0 - 1920, 1200) d=-1->0 r=-1->1:-1 mSkipAnimation=false taskId = 632},{null m=TO_BACK f=TRANSLUCENT|FILLS_TASK leash=Surface(name=ActivityRecord{7634718 u0 com.android.settings/.Settings$WifiSettingsActivity t632 mVisible=false mOccludesParent=false mode=fullscreen boundsRect(0, 0 - 1920, 1200)})/@0xb05f501 sb=Rect(0, 0 - 1920, 1200) eb=Rect(0, 0 - 1920, 1200) d=0 mSkipAnimation=false taskId = 632}]}
02-10 11:56:23.494  3141  3233 D MultiWindowTransitionHandler: transitType: 1
02-10 11:56:23.495  3141  3233 V WindowManagerShell:  try handler com.android.wm.shell.hnmagicwindow.HnMagicWindowTransitionController@7ef2ab0
02-10 11:56:23.495  3141  3233 V WindowManagerShell:  try handler com.android.wm.shell.activityembedding.ActivityEmbeddingController@3f6fd29
02-10 11:56:23.495  3141  3233 V WindowManagerShell:  try handler com.android.wm.shell.transition.DefaultMixedHandler@80278ae
02-10 11:56:23.495  3141  3233 V WindowManagerShell:  try handler com.android.wm.shell.keyguard.KeyguardTransitionHandler@e94842
02-10 11:56:23.495  3141  3233 V WindowManagerShell:  try handler com.android.wm.shell.recents.RecentsTransitionHandler@c641053
02-10 11:56:23.495  3141  3233 I ShellRecents: RecentsTransitionHandler.startAnimation: no controller found
02-10 11:56:23.495  3141  3233 V WindowManagerShell:  try handler com.android.wm.shell.pip.PipTransition@6c66d90
02-10 11:56:23.495  3141  3233 V WindowManagerShell:  try handler com.android.wm.shell.splitscreen.StageCoordinator@b70b530
02-10 11:56:23.495  3141  3233 V WindowManagerShell:  try handler com.android.wm.shell.freeform.FreeformTaskTransitionHandler@53eb689
02-10 11:56:23.495  3141  3233 V WindowManagerShell:  try handler com.android.wm.shell.transition.RemoteTransitionHandler@e47a68e
02-10 11:56:23.495  3141  3233 V WindowManagerShell: Transition doesn't have explicit remote, search filters for match for {id=2155 t=OPEN f=0x0 trk=0 includeEmbeddedWindow=false isKeyGuardLocked=false r=[0@Point(0, 0)#true] c=[{null m=OPEN f=TRANSLUCENT|FILLS_TASK leash=Surface(name=ActivityRecord{fd665e2 u0 com.android.settings/.Settings$HwSystemDashboardActivity t632 mVisible=false mOccludesParent=false mode=fullscreen boundsRect(0, 0 - 1920, 1200)})/@0x9723ae8 sb=Rect(0, 0 - 0, 0) eb=Rect(0, 0 - 1920, 1200) d=-1->0 r=-1->1:-1 mSkipAnimation=false taskId = 632},{null m=TO_BACK f=TRANSLUCENT|FILLS_TASK leash=Surface(name=ActivityRecord{7634718 u0 com.android.settings/.Settings$WifiSettingsActivity t632 mVisible=false mOccludesParent=false mode=fullscreen boundsRect(0, 0 - 1920, 1200)})/@0xb05f501 sb=Rect(0, 0 - 1920, 1200) eb=Rect(0, 0 - 1920, 1200) d=0 mSkipAnimation=false taskId = 632}]}
02-10 11:56:23.495  3141  3233 V WindowManagerShell:  Checking filter Pair{{types=[] flags=0x0] notFlags=0x100 checks=[{atype=home independent=true modes=[OPEN,TO_FRONT] flags=NONE mustBeTask=false order=ANY topActivity=ComponentInfo{com.hihonor.android.launcher/com.hihonor.android.launcher.unihome.UniHomeLauncher}},{atype=standard independent=true modes=[CLOSE,TO_BACK] flags=NONE mustBeTask=false order=ANY topActivity=null},{NOT atype=standard independent=true modes=[] flags=TRANSLUCENT mustBeTask=false order=ANY topActivity=null}]} RemoteTransition { remoteTransition = android.window.IRemoteTransition$Stub$Proxy@b5fc13, backRemoteTransition = , appThread = android.app.IApplicationThread$Stub$Proxy@9fc4e50, debugName = QuickstepLaunchHome }}
02-10 11:56:23.495  3141  3233 V WindowManagerShell:  Checking filter Pair{{types=[] flags=0x0] notFlags=0x100 checks=[{atype=home independent=true modes=[OPEN,TO_FRONT] flags=NONE mustBeTask=false order=ANY topActivity=ComponentInfo{com.hihonor.android.launcher/com.hihonor.android.launcher.unihome.UniHomeLauncher}},{atype=standard independent=true modes=[CLOSE,TO_BACK] flags=NONE mustBeTask=false order=ANY topActivity=null},{NOT atype=standard independent=true modes=[] flags=TRANSLUCENT mustBeTask=false order=ANY topActivity=null}]} RemoteTransition { remoteTransition = android.window.IRemoteTransition$Stub$Proxy@ccc00b6, backRemoteTransition = , appThread = android.app.IApplicationThread$Stub$Proxy@dd7f1b7, debugName = QuickstepLaunchHome }}
02-10 11:56:23.495  3141  3233 V WindowManagerShell:  Checking filter Pair{{types=[] flags=0x0] notFlags=0x100 checks=[{atype=home independent=true modes=[OPEN,TO_FRONT] flags=NONE mustBeTask=false order=ANY topActivity=ComponentInfo{com.hihonor.android.launcher/com.hihonor.android.launcher.unihome.UniHomeLauncher}},{atype=standard independent=true modes=[CLOSE,TO_BACK] flags=NONE mustBeTask=false order=ANY topActivity=null},{NOT atype=standard independent=true modes=[] flags=TRANSLUCENT mustBeTask=false order=ANY topActivity=null}]} RemoteTransition { remoteTransition = android.window.IRemoteTransition$Stub$Proxy@1517070, backRemoteTransition = , appThread = android.app.IApplicationThread$Stub$Proxy@68f2fe9, debugName = QuickstepLaunchHome }}
02-10 11:56:23.495  3141  3233 V WindowManagerShell:  Checking filter Pair{{types=[] flags=0x0] notFlags=0x100 checks=[{atype=home independent=true modes=[OPEN,TO_FRONT] flags=NONE mustBeTask=false order=ANY topActivity=ComponentInfo{com.hihonor.android.launcher/com.hihonor.android.launcher.unihome.UniHomeLauncher}},{atype=standard independent=true modes=[CLOSE,TO_BACK] flags=NONE mustBeTask=false order=ANY topActivity=null},{NOT atype=standard independent=true modes=[] flags=TRANSLUCENT mustBeTask=false order=ANY topActivity=null}]} RemoteTransition { remoteTransition = android.window.IRemoteTransition$Stub$Proxy@ba47a8e, backRemoteTransition = , appThread = android.app.IApplicationThread$Stub$Proxy@a33a2af, debugName = QuickstepLaunchHome }}
02-10 11:56:23.495  3141  3233 V WindowManagerShell:  Delegate animation for #2155 to null
02-10 11:56:23.495  3141  3233 E RemoteTransitionHandler: pending remote null
02-10 11:56:23.496  3141  3233 V WindowManagerShell:  try handler com.android.wm.shell.transition.DefaultTransitionHandler@1533245
02-10 11:56:23.496  3141  3233 I WindowManagerShell: start default transition animation, info = {id=2155 t=OPEN f=0x0 trk=0 includeEmbeddedWindow=false isKeyGuardLocked=false r=[0@Point(0, 0)#true] c=[{null m=OPEN f=TRANSLUCENT|FILLS_TASK leash=Surface(name=ActivityRecord{fd665e2 u0 com.android.settings/.Settings$HwSystemDashboardActivity t632 mVisible=false mOccludesParent=false mode=fullscreen boundsRect(0, 0 - 1920, 1200)})/@0x9723ae8 sb=Rect(0, 0 - 0, 0) eb=Rect(0, 0 - 1920, 1200) d=-1->0 r=-1->1:-1 mSkipAnimation=false taskId = 632},{null m=TO_BACK f=TRANSLUCENT|FILLS_TASK leash=Surface(name=ActivityRecord{7634718 u0 com.android.settings/.Settings$WifiSettingsActivity t632 mVisible=false mOccludesParent=false mode=fullscreen boundsRect(0, 0 - 1920, 1200)})/@0xb05f501 sb=Rect(0, 0 - 1920, 1200) eb=Rect(0, 0 - 1920, 1200) d=0 mSkipAnimation=false taskId = 632}]}
02-10 11:56:23.496  3141  3233 I DefaultTransitionHandler: start default transition, wallpaperTransit: 0
02-10 11:56:23.496  3141  3233 I DefaultTransitionHandler: loadAnimation: type=OPEN flags=0 changeMode=4 changeFlags=TRANSLUCENT|FILLS_TASK isOpeningType=true enter=false isTask=false overrideType=1 endBounds=Rect(0, 0 - 1920, 1200) options = { AnimationOptions type= ANIM_CUSTOM package=com.android.settings override=true b=Rect(0, 0 - 0, 0)}
02-10 11:56:23.496  3141  3233 I DefaultTransitionHandler: load custom animation=0x0, pkg=com.android.settings
02-10 11:56:23.496  3141  3233 E DefaultTransitionHandler: animation res null, {null m=TO_BACK f=TRANSLUCENT|FILLS_TASK leash=Surface(name=ActivityRecord{7634718 u0 com.android.settings/.Settings$WifiSettingsActivity t632 mVisible=false mOccludesParent=false mode=fullscreen boundsRect(0, 0 - 1920, 1200)})/@0xb05f501 sb=Rect(0, 0 - 1920, 1200) eb=Rect(0, 0 - 1920, 1200) d=0 mSkipAnimation=false taskId = 632}
02-10 11:56:23.496  3141  3233 I DefaultTransitionHandler: loadAnimation: type=OPEN flags=0 changeMode=1 changeFlags=TRANSLUCENT|FILLS_TASK isOpeningType=true enter=true isTask=false overrideType=1 endBounds=Rect(0, 0 - 1920, 1200) options = { AnimationOptions type= ANIM_CUSTOM package=com.android.settings override=true b=Rect(0, 0 - 0, 0)}
02-10 11:56:23.496  3141  3233 I DefaultTransitionHandler: load custom animation=0x0, pkg=com.android.settings
02-10 11:56:23.496  3141  3233 E DefaultTransitionHandler: animation res null, {null m=OPEN f=TRANSLUCENT|FILLS_TASK leash=Surface(name=ActivityRecord{fd665e2 u0 com.android.settings/.Settings$HwSystemDashboardActivity t632 mVisible=false mOccludesParent=false mode=fullscreen boundsRect(0, 0 - 1920, 1200)})/@0x9723ae8 sb=Rect(0, 0 - 0, 0) eb=Rect(0, 0 - 1920, 1200) d=-1->0 r=-1->1:-1 mSkipAnimation=false taskId = 632}
02-10 11:56:23.498  3141  3233 I ShellTransitions: Active animation finished=(#2155)android.os.BinderProxy@443dc0b@0, merged=null, aborted=false
02-10 11:56:23.499  3141  3233 V WindowManagerShell: Transition animation finished (aborted=false), notifying core (#2155)android.os.BinderProxy@443dc0b@0
02-10 11:56:23.500  2580  2776 I HWMW_HwMagicWinAmsPolicy: ### Execute -> finishActivityForHwMagicWin, finishActivity: ActivityRecord{7634718 u0 com.android.settings/.Settings$WifiSettingsActivity t632 f} mVisible=true mOccludesParent=false mode=fullscreen boundsRect(0, 0 - 1920, 1200)}, finishReason: app-request
02-10 11:56:23.500  2580  2776 I HWMW_HwMagicWinAmsPolicy: finishActivityForHwMagicWin return, finishActivity isn't magicWindow
02-10 11:56:23.500  2580  2776 D HwWindowManagerServiceEx: recompute display mode
02-10 11:56:23.501  2580  2776 D HwWindowManagerServiceEx: recompute display mode
02-10 11:56:23.501  2580 11313 I BLASTSyncEngine: transaction commit callback: 2155
02-10 11:56:23.505  2580  3252 I TransitionController: finishTransition TransitionRecord{919d430 id=2155 type=OPEN flags=0x0}
02-10 11:56:23.507  9097  9097 I VRI[Settings$HwSystemDashboardActivity]: send MSG_WINDOW_FOCUS_CHANGED msg
02-10 11:56:23.507  2580  3252 V WindowManager: Loading animations: layout params pkg=com.android.settings resId=0x10302f9
02-10 11:56:23.507  2580  3252 V WindowManager: Loading animations: picked package=android
02-10 11:56:23.507  2580  2605 V WindowManager: Finish Transition #2155: created at 02-10 11:56:23.141 collect-started=0.19ms request-sent=8.147ms started=10.515ms ready=35.527ms sent=348.38ms finished=363.953ms
02-10 11:56:23.507  9097  9097 I ViewRootImpl: focus window changed, set pointer icon to default
02-10 11:56:23.508  3141  3233 I WindowManagerShell: Track 0 became idle
02-10 11:56:23.508  3141  3233 I WindowManagerShell: All active transition animations finished
02-10 11:56:23.508  3141  3233 I WindowManagerShell:  animated by com.android.wm.shell.transition.DefaultTransitionHandler@1533245
02-10 11:56:23.509  2580  5181 I InputManager: setPointerIconType, iconType:10001, mPointerIconId:10001
02-10 11:56:23.509  3141  3233 I WindowManagerShell: Track 0 became idle
02-10 11:56:23.509  3141  3233 I WindowManagerShell: All active transition animations finished
02-10 11:56:23.510  2580  2608 I HwBrightnessPgSceneDetection: isHealthEyeWhenFlod() sIsContainsFoldPkgfalse
02-10 11:56:23.510  2580  2608 I HwBrightnessPgSceneDetection: isHealthEyeWhenFlod() sIsContainsFoldPkgfalse
02-10 11:56:23.511  2580  2609 I ActivityTaskManager: remove inputSink surface ActivityRecord{7634718 u0 com.android.settings/.Settings$WifiSettingsActivity t632 f} mVisible=false mOccludesParent=false mode=fullscreen boundsRect(0, 0 - 1920, 1200)}
02-10 11:56:23.511  2580  2609 I hnWindowInfomationUpdate: addOrUpdateWindowInformation end ... 
02-10 11:56:23.513  2580  2609 I WindowManager: Win Window{4b368ca u0 NotificationShade}, animationWallpaper=false, hasWallpaper=false, w.isOnScreen()=false, w.isDrawFinishedLw()=false
02-10 11:56:23.514  2580  2609 D HwWindowManagerServiceEx: recompute display mode
02-10 11:56:23.514  2580  2609 D HwWindowManagerServiceEx: recompute display mode
02-10 11:56:23.514  2580  2609 D HwWindowManagerServiceEx: recompute display mode
02-10 11:56:23.514  2580  2609 D HwWindowManagerServiceEx: recompute display mode
02-10 11:56:23.514  2580  2609 D HwWindowManagerServiceEx: recompute display mode
02-10 11:56:23.514  2580 11313 I HnVibratorManagerService: isSupportHwVibrator type:haptic.common.click_medium, isSupport:-1
02-10 11:56:23.514  2580  2609 D HwWindowManagerServiceEx: recompute display mode
02-10 11:56:23.515  2580  2609 I WindowManager: applyPostLayoutPolicyLw# 2 win: Window{6d39ae7 u0 com.android.settings/com.android.settings.HWSettings}
02-10 11:56:23.519  2580  2608 I HwBrightnessPgSceneDetection: isHealthEyeWhenFlod() sIsContainsFoldPkgfalse
02-10 11:56:23.519  2580  3252 I ContentProviderHelper: Need to start process com.hihonor.WifiDisplay for provider ContentProviderInfo{name=com.hihonor.associateassistant.wfd.WFDSearchProvider className=com.hihonor.associateassistant.wfd.WFDSearchProvider}, callerApp: ProcessRecord{e71ff28 9097:com.android.settings/1000}
02-10 11:56:23.519  2580  3252 V ActivityManager: startProcess: name=com.hihonor.WifiDisplay app=null knownToBeDead=false thread=null pid=-1 preloadStatus=-1
02-10 11:56:23.521  2580  3252 D CompatibilityChangeReporter: Compat change id reported: 135634846; UID 10189; state: DISABLED
02-10 11:56:23.521  2580  3252 D CompatibilityChangeReporter: Compat change id reported: 177438394; UID 10189; state: DISABLED
02-10 11:56:23.521  2580  3252 D CompatibilityChangeReporter: Compat change id reported: 135772972; UID 10189; state: DISABLED
02-10 11:56:23.521  2580  3252 D CompatibilityChangeReporter: Compat change id reported: 135754954; UID 10189; state: ENABLED
02-10 11:56:23.522  2580  2627 D CompatibilityChangeReporter: Compat change id reported: 143937733; UID 10189; state: ENABLED
02-10 11:56:23.524  2580  2627 I HWMW_HwMagicWinAmsPolicy: ### Execute -> overrideArgsForHwMagicWin, info: ApplicationInfo{83a4533 com.hihonor.associateassistant}
02-10 11:56:23.536  2580  2627 I ActivityManager: Start proc 9385:com.hihonor.WifiDisplay/u0a189 for content provider {com.hihonor.associateassistant/com.hihonor.associateassistant.wfd.WFDSearchProvider}
02-10 11:56:23.537  2580  3518 E ProcessInfoCollector: getProcessInfo: failed to find this proc.
02-10 11:56:23.586  9385  9385 D ActivityThread: Attach thread to application
02-10 11:56:23.588  2580  2776 D CompatibilityChangeReporter: Compat change id reported: 168419799; UID 10189; state: DISABLED
02-10 11:56:23.588  2580  2776 D CompatibilityChangeReporter: Compat change id reported: 273564678; UID 10189; state: DISABLED
02-10 11:56:23.590  2580  2776 D HwWindowManagerServiceEx: recompute display mode
02-10 11:56:23.590  2580  2776 D HwWindowManagerServiceEx: recompute display mode
02-10 11:56:23.599  2580  2799 D CompatibilityChangeReporter: Compat change id reported: 265195908; UID 10189; state: ENABLED
02-10 11:56:23.604  2580 12391 W ActivityManager: Unbind failed: could not find connection for android.os.BinderProxy@c0639a1
02-10 11:56:23.605  9385  9396 I ActivityThread: Init compatible state: false
02-10 11:56:23.606  2580  5181 D CompatibilityChangeReporter: Compat change id reported: 170503758; UID 10189; state: ENABLED
02-10 11:56:23.608  9097  9097 I ActivityThread: Remove activity client record, r= ActivityRecord{db9dbbf token=android.os.BinderProxy@28aadde {com.android.settings/com.android.settings.Settings$WifiSettingsActivity}} token= android.os.BinderProxy@28aadde
02-10 11:56:23.608  9097  9097 I VRI[Settings$WifiSettingsActivity]: dispatchDetachedFromWindow in doDie
02-10 11:56:23.608  2580 12391 D CoreBackPreview: Window{33c1b4a u0 com.android.settings/com.android.settings.Settings$WifiSettingsActivity}: Setting back callback null
02-10 11:56:23.611  9385  9385 I LoadedApk: appendApkLibPathIfNeeded: applicationInfo.primaryCpuAbi is null
02-10 11:56:23.612  2580  5181 I hnWindowInfomationUpdate: addOrUpdateWindowInformation end ... 
02-10 11:56:23.612  2580  5181 I WindowManager: setSurfaceControl null, caller = com.android.server.wm.WindowContainer.removeImmediately:874 com.android.server.wm.WindowState.removeImmediately:3017 com.android.server.wm.WindowState.removeIfPossible:3192 com.android.server.wm.WindowManagerService.removeWindow:2607 com.android.server.wm.Session.remove:248 android.view.IWindowSession$Stub.onTransact:858 com.android.server.wm.Session.onTransact:195 android.os.Binder.execTransactInternal:1366 android.os.Binder.execTransact:1310 <bottom of call stack> 
02-10 11:56:23.613  2580  5181 I WindowManager: removeLeash, the window position need update Window{34ead5a u0 InputMethod}
02-10 11:56:23.616  2580  5181 D HwWindowManagerServiceEx: recompute display mode
02-10 11:56:23.616  2580  5181 D HwWindowManagerServiceEx: recompute display mode
02-10 11:56:23.616  2580  5181 D HwWindowManagerServiceEx: recompute display mode
02-10 11:56:23.616  2580  5181 D HwWindowManagerServiceEx: recompute display mode
02-10 11:56:23.617  2580  5181 D HwWindowManagerServiceEx: recompute display mode
02-10 11:56:23.617  2580  5181 D HwWindowManagerServiceEx: recompute display mode
02-10 11:56:23.617  2580  5181 I WindowManager: applyPostLayoutPolicyLw# 2 win: Window{6d39ae7 u0 com.android.settings/com.android.settings.HWSettings}
02-10 11:56:23.620  2580  5181 I hnWindowInfomationUpdate: toSaveActivityMode start ...title=com.android.settings/com.android.settings.Settings$WifiSettingsActivity,returnNum=1isVisible=false
02-10 11:56:23.620  2580  5181 I hnWindowInfomationUpdate: toSaveActivityMode start ...mShownWindowMap.size()=2
02-10 11:56:23.620  2580  5181 D HwWindowManagerServiceEx: recompute display mode
02-10 11:56:23.621  2580  5181 I WindowManager: handleTopActivityLaunchingInDifferentOrientation background visible activity to cover config
02-10 11:56:23.621  2580  2609 I WindowManager: applyPostLayoutPolicyLw# 2 win: Window{6d39ae7 u0 com.android.settings/com.android.settings.HWSettings}
02-10 11:56:23.623  2580  2609 D HwWindowManagerServiceEx: recompute display mode
02-10 11:56:23.623  2580  2609 D HwWindowManagerServiceEx: recompute display mode
02-10 11:56:23.623  2580  2609 D HwWindowManagerServiceEx: recompute display mode
02-10 11:56:23.623  2580  2609 D HwWindowManagerServiceEx: recompute display mode
02-10 11:56:23.624  2580  2609 D HwWindowManagerServiceEx: recompute display mode
02-10 11:56:23.624  2580  2609 D HwWindowManagerServiceEx: recompute display mode
02-10 11:56:23.625  2580  2608 I HwBrightnessPgSceneDetection: isHealthEyeWhenFlod() sIsContainsFoldPkgfalse
02-10 11:56:23.625  2580  2608 I HwBrightnessPgSceneDetection: isHealthEyeWhenFlod() sIsContainsFoldPkgfalse
02-10 11:56:23.625  2580  3252 I WindowManager: removeWindowToken: displayid:0 binder:Token{ed1bcc4 ActivityRecord{7634718 u0 com.android.settings/.Settings$WifiSettingsActivity t632 f} mVisible=false mOccludesParent=false mode=fullscreen boundsRect(0, 0 - 1920, 1200)}} token:ActivityRecord{7634718 u0 com.android.settings/.Settings$WifiSettingsActivity t632 f} mVisible=false mOccludesParent=false mode=fullscreen boundsRect(0, 0 - 1920, 1200)}
02-10 11:56:23.626  2580  2608 I UsageStatsService: reportEvent : component= ComponentInfo{com.android.settings/com.android.settings.Settings$WifiSettingsActivity} eventType= 24
02-10 11:56:23.626  2580 12391 V InputMethodManagerService: startInputOrWindowGainedFocusInternalLocked: reason=WINDOW_FOCUS_GAIN client=android.os.BinderProxy@de7d5ce inputContext=null editorInfo=android.view.inputmethod.EditorInfo@d5a22b4 startInputFlags=VIEW_HAS_FOCUS|INITIAL_CONNECTION softInputMode=STATE_UNSPECIFIED|ADJUST_RESIZE|IS_FORWARD_NAVIGATION windowFlags=#81810120 unverifiedTargetSdkVersion=34 userId=0 imeDispatcher=android.window.ImeOnBackInvokedDispatcher@12bcedd
02-10 11:56:23.626  2580  3252 I ActivityTaskManager: destroy for ActivityRecord{7634718 u0 com.android.settings/.Settings$WifiSettingsActivity t632 f} mVisible=false mOccludesParent=false mode=fullscreen boundsRect(0, 0 - 1920, 1200)}, mLetterbox: null
02-10 11:56:23.626  2580  3252 I WindowManager: removeWindowToken: displayid:0 binder:Token{ed1bcc4 ActivityRecord{7634718 u0 com.android.settings/.Settings$WifiSettingsActivity t632 f} mVisible=false mOccludesParent=false mode=fullscreen boundsRect(0, 0 - 1920, 1200)}} token:null
02-10 11:56:23.627  2580  3252 I WindowManager: setSurfaceControl null, caller = com.android.server.wm.ActivityRecord.setSurfaceControl:2183 com.android.server.wm.WindowContainer.removeImmediately:874 com.android.server.wm.WindowToken.removeImmediately:413 com.android.server.wm.ActivityRecord.removeImmediately:5451 com.android.server.wm.ActivityRecord.removeIfPossible:5458 com.android.server.wm.ActivityRecord.onRemovedFromDisplay:5545 com.android.server.wm.DisplayContent.removeAppToken:1835 com.android.server.wm.ActivityRecord.removeFromHistory:5131 com.android.server.wm.ActivityRecord.destroyed:5211 com.android.server.wm.ActivityClientController.activityDestroyed:372 
02-10 11:56:23.630  2580  3252 I removeFromHistory: ActivityRecord{7634718 u0 com.android.settings/.Settings$WifiSettingsActivity t-1 f} mVisible=false mOccludesParent=false mode=fullscreen boundsRect(0, 0 - 1920, 1200)} reason activityDestroyed Callers=com.android.server.wm.ActivityRecord.destroyed:5211 com.android.server.wm.ActivityClientController.activityDestroyed:372 android.app.IActivityClientController$Stub.onTransact:714 com.android.server.wm.ActivityClientController.onTransact:214 android.os.Binder.execTransactInternal:1371 android.os.Binder.execTransact:1310 <bottom of call stack> <bottom of call stack> 
02-10 11:56:23.630  2580  3252 D HwWindowManagerServiceEx: recompute display mode
02-10 11:56:23.630  2580  3252 D HwWindowManagerServiceEx: recompute display mode
02-10 11:56:23.635  2580 12391 I PreventAccidentalTouchManager: updateFocusedWindow: focusedWindowForHideIme=null
02-10 11:56:23.635  2580 12391 I InputMethodManagerService: hideCurrentInputLocked: reason 12
02-10 11:56:23.635  2580 12391 V InputMethodManagerService: Creating new accessibility sessions for client ClientState{74df110 mUid=1000 mPid=9097 mSelfReportedDisplayId=0}
02-10 11:56:23.638  2580  5181 I WindowManager: removeLeash, the window position need update Window{34ead5a u0 InputMethod}
02-10 11:56:23.641  2580  2609 I WindowManager: applyPostLayoutPolicyLw# 2 win: Window{6d39ae7 u0 com.android.settings/com.android.settings.HWSettings}
02-10 11:56:23.642  2580  5181 W PackageConfigPersister: App-specific configuration not found for packageName: com.android.settings and userId: 0
02-10 11:56:23.643  2580  2609 D HwWindowManagerServiceEx: recompute display mode
02-10 11:56:23.644  2580  2608 I HwBrightnessPgSceneDetection: isHealthEyeWhenFlod() sIsContainsFoldPkgfalse
02-10 11:56:23.655  2580  5181 D InputMethodManagerService: IME window vis: 0 active: 0 inv: 0 displayId: 0
02-10 11:56:23.655  2580  5181 D HwInputMethodManagerService: removeImeSurfaceFromWindowAsync.android.os.BinderProxy@f74a78d
02-10 11:56:23.657  2580 12391 V ActivityTaskManager: Activity idle: ActivityRecord{fd665e2 u0 com.android.settings/.Settings$HwSystemDashboardActivity t632 mVisible=true mOccludesParent=false mode=fullscreen boundsRect(0, 0 - 1920, 1200)}
02-10 11:56:23.658  2580 12391 D HwWindowManagerServiceEx: recompute display mode
02-10 11:56:23.658  2580 12391 D HwWindowManagerServiceEx: recompute display mode
02-10 11:56:23.666  2580  2608 W ProcessStats: Tracking association SourceState{9d0694 com.google.android.gms.supervision/1110118 BFgs #831131} whose proc state 4 is better than process ProcessState{b90a031 com.google.android.gms.persistent/1110038 pkg=com.google.android.gms} proc state 9 (31 skipped)
02-10 11:56:23.704  2580 12391 D CompatibilityChangeReporter: Compat change id reported: 161145287; UID 10038; state: ENABLED
02-10 11:56:23.752  9385  9385 I ActivityThread: finishPreloaded preloadStatus 0
02-10 11:56:23.753  2580 12391 I ActivityManager: Flag disabled. Ignoring finishAttachApplication from uid: 10189. pid: 9385
02-10 11:56:23.795  9371  9371 I ActivityThread: finishPreloaded preloadStatus 0
02-10 11:56:23.795  2580  5181 I ActivityManager: Flag disabled. Ignoring finishAttachApplication from uid: 10038. pid: 9371
02-10 11:56:23.822  2580 12391 I HnAlarmManagerService: SHB_ELAPSED, alarm: f01495a, pkg=com.google.android.gms, whenElapsed=317295372030, shbElapsed= 0
02-10 11:56:23.879  2580  3252 I HwNormalizedRampAnimator: onEvent, frameRate=60
02-10 11:56:23.879  2580  3252 I HwNormalizedRampAnimator: onEvent, frameRate=60
02-10 11:56:23.879  2580  3252 I HwNormalizedRampAnimator: onEvent, frameRate=60
02-10 11:56:23.915  2580  3252 I ContentProviderHelper: Need to start process com.hihonor.photos for provider ContentProviderInfo{name=com.android.gallery3d.provider.GallerySettingsSearchProvider.provider className=com.android.gallery3d.provider.GallerySettingsSearchProvider}, callerApp: ProcessRecord{e71ff28 9097:com.android.settings/1000}
02-10 11:56:23.915  2580  3252 V ActivityManager: startProcess: name=com.hihonor.photos app=null knownToBeDead=false thread=null pid=-1 preloadStatus=-1
02-10 11:56:23.916  2580  3252 D CompatibilityChangeReporter: Compat change id reported: 135634846; UID 10187; state: DISABLED
02-10 11:56:23.916  2580  3252 D CompatibilityChangeReporter: Compat change id reported: 177438394; UID 10187; state: DISABLED
02-10 11:56:23.916  2580  3252 D CompatibilityChangeReporter: Compat change id reported: 135772972; UID 10187; state: DISABLED
02-10 11:56:23.916  2580  3252 D CompatibilityChangeReporter: Compat change id reported: 135754954; UID 10187; state: ENABLED
02-10 11:56:23.917  2580  2627 D CompatibilityChangeReporter: Compat change id reported: 143937733; UID 10187; state: ENABLED
02-10 11:56:23.918  2580  2627 I HWMW_HwMagicWinAmsPolicy: ### Execute -> overrideArgsForHwMagicWin, info: ApplicationInfo{7b1e362 com.hihonor.photos}
02-10 11:56:23.931  2580  2627 I ActivityManager: Start proc 9437:com.hihonor.photos/u0a187 for content provider {com.hihonor.photos/com.android.gallery3d.provider.GallerySettingsSearchProvider}
02-10 11:56:23.932  2580  3518 E ProcessInfoCollector: getProcessInfo: failed to find this proc.
02-10 11:56:23.944  2580  3252 D ActivityManager: sync unfroze 6915 com.google.process.gservices for 7
02-10 11:56:23.970  9437  9437 D ActivityThread: Attach thread to application
02-10 11:56:23.973  2580  3252 D CompatibilityChangeReporter: Compat change id reported: 168419799; UID 10187; state: DISABLED
02-10 11:56:23.973  2580  3252 D CompatibilityChangeReporter: Compat change id reported: 273564678; UID 10187; state: DISABLED
02-10 11:56:23.975  2580  3252 D HwWindowManagerServiceEx: recompute display mode
02-10 11:56:23.976  2580  3252 D HwWindowManagerServiceEx: recompute display mode
02-10 11:56:23.980  2580  2799 D CompatibilityChangeReporter: Compat change id reported: 265195908; UID 10187; state: ENABLED
02-10 11:56:23.983  2580  2776 D CompatibilityChangeReporter: Compat change id reported: 158482162; UID 10038; state: ENABLED
02-10 11:56:24.001  9437  9448 I ActivityThread: Init compatible state: false
02-10 11:56:24.004  2580  2776 D CompatibilityChangeReporter: Compat change id reported: 170503758; UID 10187; state: ENABLED
02-10 11:56:24.500  2580  2608 V LocalDisplayAdapter: getDisplayDeviceInfoLocked called,1200x1920, 1200x1920displayCutout null, roundedCorners null
02-10 11:56:24.507  2580  2608 I DisplayDeviceRepository: Display device changed: DisplayDeviceInfo{"Pantalla integrada": uniqueId="local:4630946403464778881", 1200 x 1920, modeId 2, renderFrameRate 60.000004, defaultModeId 2, supportedModes [{id=1, width=1200, height=1920, fps=90.0, alternativeRefreshRates=[60.000004], supportedHdrTypes=[]}, {id=2, width=1200, height=1920, fps=60.000004, alternativeRefreshRates=[90.0], supportedHdrTypes=[]}], colorMode 0, supportedColorModes [0], hdrCapabilities HdrCapabilities{mSupportedHdrTypes=[], mMaxLuminance=500.0, mMaxAverageLuminance=500.0, mMinLuminance=0.0}, allmSupported false, gameContentTypeSupported false, density 280, 207.346 x 206.644 dpi, appVsyncOff 1000000, presDeadline 16666666, touch INTERNAL, rotation 0, type INTERNAL, address {port=129, model=0x40446d37d86414}, deviceProductInfo DeviceProductInfo{name=, manufacturerPnpId=QCM, productId=1, modelYear=null, manufactureDate=ManufactureDate{week=27, year=2006}, connectionToSinkType=0}, state ON, committedState ON, frameRateOverride , brightnessMinimum 0.0, brightnessMaximum 1.0, brightnessDefault 0.12941177, hdrSdrRatio NaN, FLAG_ALLOWED_TO_BE_DEFAULT_DISPLAY, FLAG_ROTATES_WITH_CONTENT, FLAG_SECURE, FLAG_SUPPORTS_PROTECTED_BUFFERS, FLAG_TRUSTED, installOrientation 0, displayShape DisplayShape{ spec=1237991957 displayWidth=1200 displayHeight=1920 physicalPixelDisplaySizeRatio=1.0 rotation=0 offsetX=0 offsetY=0 scale=1.0}}
02-10 11:56:24.511  2580  2580 I HwMultiDisplayManager: onDisplayChanged: 0
02-10 11:56:24.527  2580  2606 I HwActivityTaskSupervisorEx: handleVrDisplayChanged displayId = 0
02-10 11:56:24.527  2580  2606 W HwActivityTaskSupervisorEx: handleVrDisplayChanged other vr mode displayId: 0
02-10 11:56:24.531  2580  2609 I WindowManager: applyPostLayoutPolicyLw# 2 win: Window{6d39ae7 u0 com.android.settings/com.android.settings.HWSettings}
02-10 11:56:24.536  2580  2609 I LogicalDisplay: configureDisplayLocked mTempLayerStackRect=Rect(0, 0 - 1920, 1200) mTempDisplayRect=Rect(0, 0 - 1920, 1200) orientation = 1 mDisplayId=0
02-10 11:56:24.538  2580  2608 I HwBrightnessPgSceneDetection: isHealthEyeWhenFlod() sIsContainsFoldPkgfalse
02-10 11:56:24.604  2580 11313 I HnAlarmManagerService: SHB_ELAPSED, alarm: 6b22a70, pkg=com.google.android.gms, whenElapsed=317295372811, shbElapsed= 0
02-10 11:56:24.614  2580  2608 V LocalDisplayAdapter: getDisplayDeviceInfoLocked called,1200x1920, 1200x1920displayCutout null, roundedCorners null
02-10 11:56:24.615  2580  2608 I DisplayDeviceRepository: Display device changed: DisplayDeviceInfo{"Pantalla integrada": uniqueId="local:4630946403464778881", 1200 x 1920, modeId 1, renderFrameRate 90.0, defaultModeId 2, supportedModes [{id=1, width=1200, height=1920, fps=90.0, alternativeRefreshRates=[60.000004], supportedHdrTypes=[]}, {id=2, width=1200, height=1920, fps=60.000004, alternativeRefreshRates=[90.0], supportedHdrTypes=[]}], colorMode 0, supportedColorModes [0], hdrCapabilities HdrCapabilities{mSupportedHdrTypes=[], mMaxLuminance=500.0, mMaxAverageLuminance=500.0, mMinLuminance=0.0}, allmSupported false, gameContentTypeSupported false, density 280, 207.346 x 206.644 dpi, appVsyncOff 1000000, presDeadline 17111111, touch INTERNAL, rotation 0, type INTERNAL, address {port=129, model=0x40446d37d86414}, deviceProductInfo DeviceProductInfo{name=, manufacturerPnpId=QCM, productId=1, modelYear=null, manufactureDate=ManufactureDate{week=27, year=2006}, connectionToSinkType=0}, state ON, committedState ON, frameRateOverride , brightnessMinimum 0.0, brightnessMaximum 1.0, brightnessDefault 0.12941177, hdrSdrRatio NaN, FLAG_ALLOWED_TO_BE_DEFAULT_DISPLAY, FLAG_ROTATES_WITH_CONTENT, FLAG_SECURE, FLAG_SUPPORTS_PROTECTED_BUFFERS, FLAG_TRUSTED, installOrientation 0, displayShape DisplayShape{ spec=1237991957 displayWidth=1200 displayHeight=1920 physicalPixelDisplaySizeRatio=1.0 rotation=0 offsetX=0 offsetY=0 scale=1.0}}
02-10 11:56:24.617  2580  2580 I HwMultiDisplayManager: onDisplayChanged: 0
02-10 11:56:24.619  2580  2606 I HwActivityTaskSupervisorEx: handleVrDisplayChanged displayId = 0
02-10 11:56:24.619  2580  2606 W HwActivityTaskSupervisorEx: handleVrDisplayChanged other vr mode displayId: 0
02-10 11:56:24.619  2580  3252 I HwNormalizedRampAnimator: onEvent, frameRate=90
02-10 11:56:24.619  2580  2609 I WindowManager: applyPostLayoutPolicyLw# 2 win: Window{6d39ae7 u0 com.android.settings/com.android.settings.HWSettings}
02-10 11:56:24.620  2580  3252 I HwNormalizedRampAnimator: onEvent, frameRate=90
02-10 11:56:24.620  2580  3252 I HwNormalizedRampAnimator: onEvent, frameRate=90
02-10 11:56:24.622  2580  2609 I LogicalDisplay: configureDisplayLocked mTempLayerStackRect=Rect(0, 0 - 1920, 1200) mTempDisplayRect=Rect(0, 0 - 1920, 1200) orientation = 1 mDisplayId=0
02-10 11:56:24.627  2580  2609 I WindowManager: applyPostLayoutPolicyLw# 2 win: Window{6d39ae7 u0 com.android.settings/com.android.settings.HWSettings}
02-10 11:56:24.627  2580  2608 I HwBrightnessPgSceneDetection: isHealthEyeWhenFlod() sIsContainsFoldPkgfalse
02-10 11:56:24.630  2580  2608 I HwBrightnessPgSceneDetection: isHealthEyeWhenFlod() sIsContainsFoldPkgfalse
02-10 11:56:24.633  2580  2888 I HwFingersSnapshooter[GestureCollectionMotion]: reset mIsCollectionFinished:true, mIsMoreCollectionsFinished:true, isNeedUpdate:false, mCollectionService:null, mMoreCollectionsService:null
02-10 11:56:24.641  2580 10450 E AdbDebuggingManager: Caught an exception opening the socket: java.io.IOException: No such file or directory
02-10 11:56:24.667  2580  5181 I ActivityTaskManager: START u0 {act=android.intent.action.MAIN hwFlg=0x4 cmp=com.android.settings/.Settings$DevelopmentSettingsActivity (has extras)} with LAUNCH_MULTIPLE from uid 1000
02-10 11:56:24.667  2580  5181 I HwAddViewManager: getInstance.
02-10 11:56:24.668  2580  5181 D HwGameAssistantController: isGameForeground? false
02-10 11:56:24.668  2580  5181 I ActivityTaskManager: ActivityRecord info: ActivityInfo{b56de6e com.android.settings.Settings$DevelopmentSettingsActivity}
02-10 11:56:24.670  2580  5181 I TransitionController: first create transition: TransitionRecord{27e33a5 id=-1 type=OPEN flags=0x0}, caller: com.android.server.wm.ActivityStarter.executeRequest:1793 com.android.server.wm.HwActivityStarter.executeRequest:352 com.android.server.wm.ActivityStarter.execute:1001 com.android.server.wm.HwActivityStarter.execute:683 com.android.server.wm.ActivityTaskManagerService.startActivityAsUser:1565 
02-10 11:56:24.670  2580  5181 I HWMW_HwMagicActivityStarter: ### Execute overrideIntentFlagForHwMagicWin focus ActivityRecord{fd665e2 u0 com.android.settings/.Settings$HwSystemDashboardActivity t632 mVisible=true mOccludesParent=false mode=fullscreen boundsRect(0, 0 - 1920, 1200)}, next: ActivityRecord{2d6690f u0 com.android.settings/.Settings$DevelopmentSettingsActivity, options: null
02-10 11:56:24.670  2580  5181 I HWMW_HwMagicWinAmsPolicy: overrideIntentFlagForHwMagicWin result: Bundle[{}]
02-10 11:56:24.670  2580  5181 D ActivityTaskManager: TaskLaunchParamsModifier:task=null activity=ActivityRecord{2d6690f u0 com.android.settings/.Settings$DevelopmentSettingsActivity t-1 mVisible=false mOccludesParent=false mode=undefined boundsRect(0, 0 - 0, 0)} display-area-from-source=DefaultTaskDisplayArea@124351193 display-id=0 task-display-area-windowing-mode=1 suggested-display-area=DefaultTaskDisplayArea@124351193
02-10 11:56:24.670  2580  5181 I ActivityStarter: shouldShowFreeformWindow realCallingPackage =com.android.settings isRes= true rotation= 1 orientation = -1 isPortarait = false sourceRecord = ActivityRecord{fd665e2 u0 com.android.settings/.Settings$HwSystemDashboardActivity t632 mVisible=true mOccludesParent=false mode=fullscreen boundsRect(0, 0 - 1920, 1200)} isMagicWin = false isForceRotation = false r.packageName = com.android.settings isAE= false sourceLaunchedFromPackage= com.android.settings isInBlackList= false r.info = ActivityInfo{b56de6e com.android.settings.Settings$DevelopmentSettingsActivity}
02-10 11:56:24.671  2580  5181 D ActivityTaskManager: TaskLaunchParamsModifier:task=Task{9d7a625 #632 type=standard A=1000:com.android.settings} activity=ActivityRecord{2d6690f u0 com.android.settings/.Settings$DevelopmentSettingsActivity t-1 mVisible=false mOccludesParent=false mode=undefined boundsRect(0, 0 - 0, 0)} display-area-from-source=DefaultTaskDisplayArea@124351193 display-id=0 task-display-area-windowing-mode=1 suggested-display-area=DefaultTaskDisplayArea@124351193 inherit-from-source=fullscreen non-freeform-task-display-area display-area=DefaultTaskDisplayArea@124351193 default-portrait freeform-size-mismatch=Rect(682, 103 - 1238, 1091)
02-10 11:56:24.671  2580  5181 I HwActivityTaskManagerServiceEx: isAppIsImportingData AMS return -> isCloningAppCloning=false
02-10 11:56:24.671  2580  5181 I WindowManager: addWindowToken: displayid:0 binder:Token{a16737a ActivityRecord{2d6690f u0 com.android.settings/.Settings$DevelopmentSettingsActivity t-1 mVisible=false mOccludesParent=false mode=undefined boundsRect(0, 0 - 0, 0)}} token:ActivityRecord{2d6690f u0 com.android.settings/.Settings$DevelopmentSettingsActivity t-1 mVisible=false mOccludesParent=false mode=undefined boundsRect(0, 0 - 0, 0)}
02-10 11:56:24.671  2580  5181 D ActivityTaskManager: setEnterOrExitFullScreenVideo isEnterOrExitFullScreenVideo = false
02-10 11:56:24.672  2580  5181 I ActivityTaskManager: onConfigurationChanged recordWindowInformationForPerformance this = ActivityRecord{2d6690f u0 com.android.settings/.Settings$DevelopmentSettingsActivity t632 mVisible=false mOccludesParent=false mode=fullscreen boundsRect(0, 0 - 1920, 1200)}
02-10 11:56:24.672  2580  5181 I hnWindowInfomationUpdate: toSaveActivityMode start ...title=com.android.settings/com.android.settings.Settings$DevelopmentSettingsActivity,returnNum=1isVisible=false
02-10 11:56:24.672  2580  5181 I hnWindowInfomationUpdate: toSaveActivityMode start ...mShownWindowMap.size()=2
02-10 11:56:24.673  2580  5181 D HwTaskEx: updateHwPCMultiCastOverrideConfiguration
02-10 11:56:24.674  2580  5181 I ActivityTaskManager: HWMW_startActivityInner POLICY_UPDATE_INTENT mSourceRecord ActivityRecord{fd665e2 u0 com.android.settings/.Settings$HwSystemDashboardActivity t632 mVisible=true mOccludesParent=false mode=fullscreen boundsRect(0, 0 - 1920, 1200)}
02-10 11:56:24.674  2580  5181 I ActivityTaskManager:  topFocused ActivityRecord{fd665e2 u0 com.android.settings/.Settings$HwSystemDashboardActivity t632 mVisible=true mOccludesParent=false mode=fullscreen boundsRect(0, 0 - 1920, 1200)}
02-10 11:56:24.674  2580  5181 I ActivityTaskManager:  mStartActivity ActivityRecord{2d6690f u0 com.android.settings/.Settings$DevelopmentSettingsActivity t632 mVisible=false mOccludesParent=false mode=fullscreen boundsRect(0, 0 - 1920, 1200)}
02-10 11:56:24.674  2580  5181 I HWMW_HwMagicWinAmsPolicy: ### Execute -> overrideIntentForHwMagicWin, focusToken: Token{bc628a9 ActivityRecord{fd665e2 u0 com.android.settings/.Settings$HwSystemDashboardActivity t632 mVisible=true mOccludesParent=false mode=fullscreen boundsRect(0, 0 - 1920, 1200)}}, reusedToken: null, isNewTask: false, topFocused: ActivityRecord{fd665e2 u0 com.android.settings/.Settings$HwSystemDashboardActivity t632 mVisible=true mOccludesParent=false mode=fullscreen boundsRect(0, 0 - 1920, 1200)}, next: ActivityRecord{2d6690f u0 com.android.settings/.Settings$DevelopmentSettingsActivity t632 mVisible=false mOccludesParent=false mode=fullscreen boundsRect(0, 0 - 1920, 1200)}, options: null
02-10 11:56:24.674  2580  5181 W HWMW_HwMagicActivityStarter: checkSettingValidity return, settingConfig is null
02-10 11:56:24.674  2580  5181 W HWMW_HwMagicWinManager: checkMwDividerPosition return, task: Task{9d7a625 #632 type=standard A=1000:com.android.settings}
02-10 11:56:24.674  2580  5181 I HWMW_HwMagicActivityStarter: overrideIntentForHwMagicWin appMode=com.android.server.wm.HwMagicModeBase@9a5cb7a
02-10 11:56:24.674  2580  5181 I HWMW_HwMagicActivityStarter: overrideIntentForHwMagicWin return, shouldn't enter magic window or isOtherMultiWinOptions
02-10 11:56:24.674  2580  5181 I HWMW_HwMagicWinAmsPolicy: overrideIntentForHwMagicWin result: Bundle[{}]
02-10 11:56:24.675  2580  5181 I PowerManagerService: wakeLock.mDisabled:false, mDeviceIdleMode:false, mProcState:0
