02-10 11:56:16.316  2580  2609 I WMTransition: Start calculating TransitionInfo based on participants: {Task{4e72ae8 #462 type=undefined A=10102:com.hihonor.android.launcher}, ActivityRecord{767e7e1 u0 com.google.android.apps.youtube.kids/.main.MainActivity t637 mVisible=true mOccludesParent=true mode=fullscreen boundsRect(0, 0 - 1920, 1200)}, Task{814b585 #461 type=home}, ActivityRecord{97285c9 u0 com.hihonor.android.launcher/.unihome.UniHomeLauncher t462 mVisible=true mOccludesParent=true mode=fullscreen boundsRect(0, 0 - 1920, 1200)}, WallpaperWindowToken{c8273ea token=android.os.Binder@c712fd5}, ActivityRecord{ccbd155 u0 com.hihonor.android.launcher/.unihome.UniHomeLauncher t-1 mVisible=false mOccludesParent=true mode=undefined boundsRect(0, 0 - 0, 0)}}
02-10 11:56:16.317  2580  2609 I WMTransition: Initial targets: {616=WallpaperWindowToken{c8273ea token=android.os.Binder@c712fd5}, 629=Task{814b585 #461 type=home}, 714=ActivityRecord{767e7e1 u0 com.google.android.apps.youtube.kids/.main.MainActivity t637 mVisible=true mOccludesParent=true mode=fullscreen boundsRect(0, 0 - 1920, 1200)}, 717=Task{4e72ae8 #462 type=undefined A=10102:com.hihonor.android.launcher}, 805=ActivityRecord{97285c9 u0 com.hihonor.android.launcher/.unihome.UniHomeLauncher t462 mVisible=true mOccludesParent=true mode=fullscreen boundsRect(0, 0 - 1920, 1200)}}
02-10 11:56:16.317  2580  2609 I WMTransition: Final targets: [Task{814b585 #461 type=home}, Task{e8c9360 #637 type=standard A=10203:com.google.android.apps.youtube.kids}, WallpaperWindowToken{c8273ea token=android.os.Binder@c712fd5}]
02-10 11:56:16.320  2580  2609 D HwWindowManagerServiceEx: constructHnTransitionAnimationInfo wc size : 3
02-10 11:56:16.320  2580  2609 I HwWindowManagerServiceEx: constructHnTransitionAnimationInfo type: open activity : ActivityRecord{97285c9 u0 com.hihonor.android.launcher/.unihome.UniHomeLauncher t462 mVisible=true mOccludesParent=true mode=fullscreen boundsRect(0, 0 - 1920, 1200)}
02-10 11:56:16.320  2580  2609 D HwWindowManagerServiceEx: mIntelligentCardPosition = null
02-10 11:56:16.320  2580  2609 I HwWindowManagerServiceEx: constructHnTransitionAnimationInfo type: close activity : ActivityRecord{767e7e1 u0 com.google.android.apps.youtube.kids/.main.MainActivity t637 mVisible=true mOccludesParent=true mode=fullscreen boundsRect(0, 0 - 1920, 1200)}
02-10 11:56:16.320  2580  2609 D HwWindowManagerServiceEx: isNeedIconAnimation mExitIconBitmap:false window true
02-10 11:56:16.320  2580  2609 D HwWindowManagerServiceEx: mIntelligentCardPosition = null
02-10 11:56:16.329  2580  2609 I WindowManager: EHDR real capture,task: Task{e8c9360 #637 type=standard A=10203:com.google.android.apps.youtube.kids} ,snapshot: TaskSnapshot{ mId=1770720976321 mCaptureTime=1935364538623243 mTopActivityComponent=com.google.android.apps.youtube.kids/.main.MainActivity mSnapshot=android.hardware.HardwareBuffer@3104490 (1920x1200) mColorSpace=sRGB IEC61966-2.1 (id=0, model=RGB) mOrientation=2 mRotation=1 mTaskSize=Point(1920, 1200) mContentInsets=[0,0][0,0] mLetterboxInsets=[0,0][0,0] mIsLowResolution=false mIsRealSnapshot=true mWindowingMode=1 mAppearance=0 mIsTranslucent=false mHasImeSurface=false mIsForceRotate=false
02-10 11:56:16.331  2580  2864 I HwWindowManagerServiceEx: com.google.android.apps.youtube.kids/com.google.android.apps.youtube.kids.main.MainActivity blur level: -1
02-10 11:56:16.331  2580  2864 I HwWindowManagerServiceEx: com.google.android.apps.youtube.kids blur level: -1
02-10 11:56:16.331  2580  2864 I HwWindowManagerServiceEx: getBlurLevel: 0
02-10 11:56:16.332  2580  2609 D HwMultiWindowManager: setParticialSplitScreenStatus: status=false
02-10 11:56:16.335  2580  2609 D HwWindowManagerServiceEx: recompute display mode
02-10 11:56:16.336  2580  3250 I NotificationService: pag com.google.android.apps.youtube.kids dosen't have notification permission
02-10 11:56:16.337  2580  2609 I WindowManager: Win Window{4b368ca u0 NotificationShade}, animationWallpaper=false, hasWallpaper=false, w.isOnScreen()=false, w.isDrawFinishedLw()=false
02-10 11:56:16.337  2580  2609 D HwWindowManagerServiceEx: recompute display mode
02-10 11:56:16.338  2580  2609 D HwWindowManagerServiceEx: recompute display mode
02-10 11:56:16.338  2580  2609 D HwWindowManagerServiceEx: recompute display mode
02-10 11:56:16.338  2580  2609 D HwWindowManagerServiceEx: recompute display mode
02-10 11:56:16.339  2580  2609 D HwWindowManagerServiceEx: recompute display mode
02-10 11:56:16.339  2580  2609 D HwWindowManagerServiceEx: recompute display mode
02-10 11:56:16.340  2580  2773 I NotificationService: pag com.google.android.youtube dosen't have notification permission
02-10 11:56:16.340  2580  2609 D HwWindowManagerServiceEx: recompute display mode
02-10 11:56:16.342  3141  3233 I WindowManagerShell: onTransitionReady android.os.BinderProxy@93822a4: {id=2150 t=OPEN f=0x0 trk=0 includeEmbeddedWindow=false isKeyGuardLocked=false r=[0@Point(0, 0)#false] c=[{WCT{android.window.IWindowContainerToken$Stub$Proxy@a962628} m=TO_FRONT f=SHOW_WALLPAPER|MOVE_TO_TOP leash=Surface(name=Task=461)/@0x7f53c2f sb=Rect(0, 0 - 1920, 1200) eb=Rect(0, 0 - 1920, 1200) d=0 mSkipAnimation=false taskId = 0},{WCT{android.window.IWindowContainerToken$Stub$Proxy@c7e9f41} m=TO_BACK f=NONE leash=Surface(name=Task=637)/@0x1640bc5 sb=Rect(0, 0 - 1920, 1200) eb=Rect(0, 0 - 1920, 1200) d=0 mSkipAnimation=false taskId = 0},{null m=TO_FRONT f=IS_WALLPAPER leash=Surface(name=WallpaperWindowToken{c8273ea token=android.os.Binder@c712fd5})/@0x28d391a sb=Rect(0, 0 - 1920, 1200) eb=Rect(0, 0 - 1920, 1200) d=0 mSkipAnimation=false taskId = 0}]}
02-10 11:56:16.342  3141  3233 I FreeformTaskTransitionObserver: onTransitionReady mode=3,taskId=0
02-10 11:56:16.342  3141  3233 I CaptionWindowDecorViewModel: Prepare to update decoration for task : 461
02-10 11:56:16.342  3141  3233 I CaptionWindowDecorViewModel: shouldn't show window decoration.
02-10 11:56:16.342  3141  3233 I FreeformTaskTransitionObserver: onTransitionReady mode=4,taskId=0
02-10 11:56:16.342  3141  3233 I ShellTransitions: Transition ready: (#2150)android.os.BinderProxy@93822a4@0 abort? false and playing: null
02-10 11:56:16.342  3141  3233 I WindowManagerShell: Playing animation for (#2150)android.os.BinderProxy@93822a4@0
02-10 11:56:16.342  3141  3233 V WindowManagerShell:  try handler com.android.wm.shell.hnmultiwindow.MultiWindowTransitionHandler@3330df3
02-10 11:56:16.342  3141  3233 I MultiWindowTransitionHandler: shouldStartAnimation: false TransitionInfo: {id=2150 t=OPEN f=0x0 trk=0 includeEmbeddedWindow=false isKeyGuardLocked=false r=[0@Point(0, 0)#false] c=[{WCT{android.window.IWindowContainerToken$Stub$Proxy@a962628} m=TO_FRONT f=SHOW_WALLPAPER|MOVE_TO_TOP leash=Surface(name=Task=461)/@0x7f53c2f sb=Rect(0, 0 - 1920, 1200) eb=Rect(0, 0 - 1920, 1200) d=0 mSkipAnimation=false taskId = 0},{WCT{android.window.IWindowContainerToken$Stub$Proxy@c7e9f41} m=TO_BACK f=NONE leash=Surface(name=Task=637)/@0x1640bc5 sb=Rect(0, 0 - 1920, 1200) eb=Rect(0, 0 - 1920, 1200) d=0 mSkipAnimation=false taskId = 0},{null m=TO_FRONT f=IS_WALLPAPER leash=Surface(name=WallpaperWindowToken{c8273ea token=android.os.Binder@c712fd5})/@0x28d391a sb=Rect(0, 0 - 1920, 1200) eb=Rect(0, 0 - 1920, 1200) d=0 mSkipAnimation=false taskId = 0}]}
02-10 11:56:16.342  3141  3233 D MultiWindowTransitionHandler: transitType: 1
02-10 11:56:16.344  3141  3233 V WindowManagerShell:  try handler com.android.wm.shell.hnmagicwindow.HnMagicWindowTransitionController@7ef2ab0
02-10 11:56:16.345  3141  3233 V WindowManagerShell:  try handler com.android.wm.shell.activityembedding.ActivityEmbeddingController@3f6fd29
02-10 11:56:16.345  3141  3233 V WindowManagerShell:  try handler com.android.wm.shell.transition.DefaultMixedHandler@80278ae
02-10 11:56:16.345  3141  3233 V WindowManagerShell:  try handler com.android.wm.shell.keyguard.KeyguardTransitionHandler@e94842
02-10 11:56:16.345  3141  3233 V WindowManagerShell:  try handler com.android.wm.shell.recents.RecentsTransitionHandler@c641053
02-10 11:56:16.345  3141  3233 I ShellRecents: RecentsTransitionHandler.startAnimation: no controller found
02-10 11:56:16.345  3141  3233 V WindowManagerShell:  try handler com.android.wm.shell.pip.PipTransition@6c66d90
02-10 11:56:16.345  3141  3233 V WindowManagerShell:  try handler com.android.wm.shell.splitscreen.StageCoordinator@b70b530
02-10 11:56:16.345  3141  3233 V WindowManagerShell:  try handler com.android.wm.shell.freeform.FreeformTaskTransitionHandler@53eb689
02-10 11:56:16.345  3141  3233 V WindowManagerShell:  try handler com.android.wm.shell.transition.RemoteTransitionHandler@e47a68e
02-10 11:56:16.345  3141  3233 V WindowManagerShell: Transition doesn't have explicit remote, search filters for match for {id=2150 t=OPEN f=0x0 trk=0 includeEmbeddedWindow=false isKeyGuardLocked=false r=[0@Point(0, 0)#false] c=[{WCT{android.window.IWindowContainerToken$Stub$Proxy@a962628} m=TO_FRONT f=SHOW_WALLPAPER|MOVE_TO_TOP leash=Surface(name=Task=461)/@0x7f53c2f sb=Rect(0, 0 - 1920, 1200) eb=Rect(0, 0 - 1920, 1200) d=0 mSkipAnimation=false taskId = 0},{WCT{android.window.IWindowContainerToken$Stub$Proxy@c7e9f41} m=TO_BACK f=NONE leash=Surface(name=Task=637)/@0x1640bc5 sb=Rect(0, 0 - 1920, 1200) eb=Rect(0, 0 - 1920, 1200) d=0 mSkipAnimation=false taskId = 0},{null m=TO_FRONT f=IS_WALLPAPER leash=Surface(name=WallpaperWindowToken{c8273ea token=android.os.Binder@c712fd5})/@0x28d391a sb=Rect(0, 0 - 1920, 1200) eb=Rect(0, 0 - 1920, 1200) d=0 mSkipAnimation=false taskId = 0}]}
02-10 11:56:16.345  3141  3233 V WindowManagerShell:  Checking filter Pair{{types=[] flags=0x0] notFlags=0x100 checks=[{atype=home independent=true modes=[OPEN,TO_FRONT] flags=NONE mustBeTask=false order=ANY topActivity=ComponentInfo{com.hihonor.android.launcher/com.hihonor.android.launcher.unihome.UniHomeLauncher}},{atype=standard independent=true modes=[CLOSE,TO_BACK] flags=NONE mustBeTask=false order=ANY topActivity=null},{NOT atype=standard independent=true modes=[] flags=TRANSLUCENT mustBeTask=false order=ANY topActivity=null}]} RemoteTransition { remoteTransition = android.window.IRemoteTransition$Stub$Proxy@b5fc13, backRemoteTransition = , appThread = android.app.IApplicationThread$Stub$Proxy@9fc4e50, debugName = QuickstepLaunchHome }}
02-10 11:56:16.345  3141  3233 D RemoteTransitionHandler: Found filterPair{{types=[] flags=0x0] notFlags=0x100 checks=[{atype=home independent=true modes=[OPEN,TO_FRONT] flags=NONE mustBeTask=false order=ANY topActivity=ComponentInfo{com.hihonor.android.launcher/com.hihonor.android.launcher.unihome.UniHomeLauncher}},{atype=standard independent=true modes=[CLOSE,TO_BACK] flags=NONE mustBeTask=false order=ANY topActivity=null},{NOT atype=standard independent=true modes=[] flags=TRANSLUCENT mustBeTask=false order=ANY topActivity=null}]} RemoteTransition { remoteTransition = android.window.IRemoteTransition$Stub$Proxy@b5fc13, backRemoteTransition = , appThread = android.app.IApplicationThread$Stub$Proxy@9fc4e50, debugName = QuickstepLaunchHome }}
02-10 11:56:16.346  3141  3233 V WindowManagerShell:  Delegate animation for #2150 to RemoteTransition { remoteTransition = android.window.IRemoteTransition$Stub$Proxy@b5fc13, backRemoteTransition = , appThread = android.app.IApplicationThread$Stub$Proxy@9fc4e50, debugName = QuickstepLaunchHome }
02-10 11:56:16.346  2580  3948 D HwWindowManagerServiceEx: recompute display mode
02-10 11:56:16.347  2580  3948 D HwWindowManagerServiceEx: recompute display mode
02-10 11:56:16.347  2580  3948 D HwWindowManagerServiceEx: recompute display mode
02-10 11:56:16.348  2580  3948 D HwWindowManagerServiceEx: recompute display mode
02-10 11:56:16.348  2580  3948 D HwWindowManagerServiceEx: recompute display mode
02-10 11:56:16.348  2580  3948 D HwWindowManagerServiceEx: recompute display mode
02-10 11:56:16.349  2580  3948 D HwWindowManagerServiceEx: recompute display mode
02-10 11:56:16.353  2580  3948 D HwWindowManagerServiceEx: recompute display mode
02-10 11:56:16.354  2580  3948 I WindowManager: handleTopActivityLaunchingInDifferentOrientation background visible activity to cover config
02-10 11:56:16.354  2580  3948 D HwWindowManagerServiceEx: recompute display mode
02-10 11:56:16.354  2580  3948 D HwWindowManagerServiceEx: recompute display mode
02-10 11:56:16.354  2580  3232 V ActivityTaskManager: Activity idle: ActivityRecord{97285c9 u0 com.hihonor.android.launcher/.unihome.UniHomeLauncher t462 mVisible=true mOccludesParent=true mode=fullscreen boundsRect(0, 0 - 1920, 1200)}
02-10 11:56:16.355  2580  3232 I PowerManagerService: need release WakeLockSuspendBlocker
02-10 11:56:16.355  2580  3232 I PowerManagerService: Releasing suspend blocker "PowerManagerService.WakeLocks".
02-10 11:56:16.356  2580  3232 D HwWindowManagerServiceEx: recompute display mode
02-10 11:56:16.356  2580  3232 I ActivityTaskManager: animating need stay in stopping state: com.google.android.apps.youtube.kids/.main.MainActivity
02-10 11:56:16.356  2580  2608 I ActivityTaskManager: animating need stay in stopping state: com.google.android.apps.youtube.kids/.main.MainActivity
02-10 11:56:16.357  2580  2608 I HwBrightnessPgSceneDetection: isHealthEyeWhenFlod() sIsContainsFoldPkgfalse
02-10 11:56:16.357  2580  2608 I HwBrightnessPgSceneDetection: isHealthEyeWhenFlod() sIsContainsFoldPkgfalse
02-10 11:56:16.357  2580  2608 I HwBrightnessPgSceneDetection: isHealthEyeWhenFlod() sIsContainsFoldPkgfalse
02-10 11:56:16.357  9612 10289 D TaskStackChangeListeners: sendMsg, onTaskSnapshotChanged: 75085964
02-10 11:56:16.358  9612  9612 D TaskStackChangeListeners: startHandle, onTaskSnapshotChanged: 75085964
02-10 11:56:16.358  9612  9612 D TaskStackChangeListeners: endHandle, onTaskSnapshotChanged: 75085964 ,cost: 0
02-10 11:56:16.358  2580  2605 V WindowManager: Sent Transition #2150 createdAt=02-10 11:56:16.016 via request=TransitionRequestInfo { type = OPEN, triggerTask = TaskInfo{userId=0 taskId=462 displayId=0 isRunning=true baseIntent=Intent { act=android.intent.action.MAIN cat=[android.intent.category.HOME] flg=0x10010000 pkg=com.hihonor.android.launcher cmp=com.hihonor.android.launcher/.unihome.UniHomeLauncher } baseActivity=ComponentInfo{com.hihonor.android.launcher/com.hihonor.android.launcher.unihome.UniHomeLauncher} topActivity=ComponentInfo{com.hihonor.android.launcher/com.hihonor.android.launcher.unihome.UniHomeLauncher} origActivity=null realActivity=ComponentInfo{com.hihonor.android.launcher/com.hihonor.android.launcher.unihome.UniHomeLauncher} numActivities=1 lastActiveTime=1935364260 isSupportsHwFreeForm=true appOrientationPolicy=1 affinity=10102:com.hihonor.android.launcher freeformPaddingType=0 shouldFreeformSetSurfaceCorner=false supportsHnSplitScreenMultiWindow=true supportsHnTopBotSplitScreenfalse supportsMultiWindow=true resizeMode=2 isResizeable=true minWidth=-1 minHeight=-1 defaultMinSize=220 token=WCT{RemoteToken{f97c1fd Task{4e72ae8 #462 type=undefined A=10102:com.hihonor.android.launcher}}} topActivityType=2 pictureInPictureParams=null isAutoRemoveRecents=false shouldDockBigOverlays=false launchIntoPipHostTaskId=-1 lastParentTaskIdBeforePip=-1 displayCutoutSafeInsets=null topActivityInfo=ActivityInfo{3b6f1d0 com.hihonor.android.launcher.unihome.UniHomeLauncher} windowMode=1 launchCookies=[] positionInParent=Point(0, 0) parentTaskId=-1 isFocused=true isVisible=false isFreeformEnterPip=false isVisibleRequested=true isSleeping=false topActivityInSizeCompat=false topActivityEligibleForLetterboxEducation= false topActivityLetterboxed= false isFromDoubleTap= false topActivityLetterboxVerticalPosition= -1 topActivityLetterboxHorizontalPosition= -1 topActivityLetterboxWidth=-1 topActivityLetterboxHeight=-1 locusId=LocusId[17_chars] displayAreaFeatureId=1 cameraCompatControlState=hidden targetScaleForVerticalInwardFold=1.0}, remoteTransition = null, displayChange = null }
02-10 11:56:16.358  2580  2605 V WindowManager:     startWCT=WindowContainerTransaction { changes = {} hops = [] errorCallbackToken=null taskFragmentOrganizer=null }
02-10 11:56:16.359  2580  2605 V WindowManager:     info={id=2150 t=OPEN f=0x0 trk=0 includeEmbeddedWindow=false isKeyGuardLocked=false r=[0@Point(0, 0)#false] c=[{WCT{RemoteToken{35f4437 Task{814b585 #461 type=home}}} m=TO_FRONT f=SHOW_WALLPAPER|MOVE_TO_TOP leash=Surface(name=Task=461)/@0xd84990c sb=Rect(0, 0 - 1920, 1200) eb=Rect(0, 0 - 1920, 1200) d=0 mSkipAnimation=false taskId = 0},{WCT{RemoteToken{aedf1af Task{e8c9360 #637 type=standard A=10203:com.google.android.apps.youtube.kids}}} m=TO_BACK f=NONE leash=Surface(name=Task=637)/@0x34d69bc sb=Rect(0, 0 - 1920, 1200) eb=Rect(0, 0 - 1920, 1200) d=0 mSkipAnimation=false taskId = 0},{null m=TO_FRONT f=IS_WALLPAPER leash=Surface(name=WallpaperWindowToken{c8273ea token=android.os.Binder@c712fd5})/@0x7f7fb1 sb=Rect(0, 0 - 1920, 1200) eb=Rect(0, 0 - 1920, 1200) d=0 mSkipAnimation=false taskId = 0}]}
02-10 11:56:16.359  2580  2608 I HwBrightnessPgSceneDetection: isHealthEyeWhenFlod() sIsContainsFoldPkgfalse
02-10 11:56:16.359  3141  3151 D TaskStackChangeListeners: sendMsg, onTaskSnapshotChanged: 89452157
02-10 11:56:16.361  2580  2620 I HwMultiWindowManager: top activity not inHwMagicWindowingMode
02-10 11:56:16.361  2580  2620 I HwMultiWindowManager: isSupportLock barInfo.isSupportLockfalse
02-10 11:56:16.361  2580  2620 E HWMW_HwMagicWinAmsPolicy: getTopTaskUnlockMode task Task{814b585 #461 type=home} is not magic window
02-10 11:56:16.361  3141  3141 D TaskStackChangeListeners: startHandle, onTaskSnapshotChanged: 89452157
02-10 11:56:16.362  3141  3141 D TaskStackChangeListeners: endHandle, onTaskSnapshotChanged: 89452157 ,cost: 1
02-10 11:56:16.363  3141  3233 I RemoteTransitionHandler: startAnimation {id=2150 t=OPEN f=0x0 trk=0 includeEmbeddedWindow=false isKeyGuardLocked=false r=[0@Point(0, 0)#false] c=[{WCT{android.window.IWindowContainerToken$Stub$Proxy@a962628} m=TO_FRONT f=SHOW_WALLPAPER|MOVE_TO_TOP leash=Surface(name=Task=461)/@0x7f53c2f sb=Rect(0, 0 - 1920, 1200) eb=Rect(0, 0 - 1920, 1200) d=0 mSkipAnimation=false taskId = 0},{WCT{android.window.IWindowContainerToken$Stub$Proxy@c7e9f41} m=TO_BACK f=NONE leash=Surface(name=Task=637)/@0x1640bc5 sb=Rect(0, 0 - 1920, 1200) eb=Rect(0, 0 - 1920, 1200) d=0 mSkipAnimation=false taskId = 0},{null m=TO_FRONT f=IS_WALLPAPER leash=Surface(name=WallpaperWindowToken{c8273ea token=android.os.Binder@c712fd5})/@0x28d391a sb=Rect(0, 0 - 1920, 1200) eb=Rect(0, 0 - 1920, 1200) d=0 mSkipAnimation=false taskId = 0}]} getChanges [{WCT{android.window.IWindowContainerToken$Stub$Proxy@a962628} m=TO_FRONT f=SHOW_WALLPAPER|MOVE_TO_TOP leash=Surface(name=Task=461)/@0x7f53c2f sb=Rect(0, 0 - 1920, 1200) eb=Rect(0, 0 - 1920, 1200) d=0 mSkipAnimation=false taskId = 0}, {WCT{android.window.IWindowContainerToken$Stub$Proxy@c7e9f41} m=TO_BACK f=NONE leash=Surface(name=Task=637)/@0x1640bc5 sb=Rect(0, 0 - 1920, 1200) eb=Rect(0, 0 - 1920, 1200) d=0 mSkipAnimation=false taskId = 0}, {null m=TO_FRONT f=IS_WALLPAPER leash=Surface(name=WallpaperWindowToken{c8273ea token=android.os.Binder@c712fd5})/@0x28d391a sb=Rect(0, 0 - 1920, 1200) eb=Rect(0, 0 - 1920, 1200) d=0 mSkipAnimation=false taskId = 0}]
02-10 11:56:16.364  3141  3233 I WindowManagerShell:  animated by com.android.wm.shell.transition.RemoteTransitionHandler@e47a68e
02-10 11:56:16.371  2580  2620 I HwMultiWindowManager: top activity not inHwMagicWindowingMode
02-10 11:56:16.371  2580  2620 I HwMultiWindowManager: isSupportLock barInfo.isSupportLockfalse
02-10 11:56:16.374  2580  2620 E HWMW_HwMagicWinAmsPolicy: getTopTaskUnlockMode task Task{814b585 #461 type=home} is not magic window
02-10 11:56:16.385  2580  3232 I BLASTSyncEngine: transaction commit callback: 2150
02-10 11:56:16.417  9612  9612 I VRI[UniHomeLauncher]: send MSG_WINDOW_FOCUS_CHANGED msg
02-10 11:56:16.421  9612  9994 W SyncRtSurface: mergeWithNextTransaction
02-10 11:56:16.430  2580 12357 V InputMethodManagerService: startInputOrWindowGainedFocusInternalLocked: reason=WINDOW_FOCUS_GAIN client=android.os.BinderProxy@cf09370 inputContext=null editorInfo=android.view.inputmethod.EditorInfo@60969cb startInputFlags=VIEW_HAS_FOCUS|INITIAL_CONNECTION softInputMode=STATE_ALWAYS_HIDDEN|ADJUST_PAN|IS_FORWARD_NAVIGATION windowFlags=#81910100 unverifiedTargetSdkVersion=33 userId=0 imeDispatcher=android.window.ImeOnBackInvokedDispatcher@e4015a8
02-10 11:56:16.430  2580 12357 I PreventAccidentalTouchManager: updateFocusedWindow: focusedWindowForHideIme=null
02-10 11:56:16.430  2580 12357 I InputMethodManagerService: hideCurrentInputLocked: reason 14
02-10 11:56:16.430  2580 12357 V InputMethodManagerService: unbindCurrentInputLocked: client=android.os.BinderProxy@e9dafff
02-10 11:56:16.431  2580 12357 V InputMethodManagerService: Creating new session for client ClientState{a965dd8 mUid=10102 mPid=9612 mSelfReportedDisplayId=0}
02-10 11:56:16.432  2580 12357 V InputMethodManagerService: Creating new accessibility sessions for client ClientState{a965dd8 mUid=10102 mPid=9612 mSelfReportedDisplayId=0}
02-10 11:56:16.435  2580  3232 V InputMethodManagerService: Enabling: SessionState{uid 10102 pid 9612 method 2f04657 session d42d7a7 channel ClientState{a965dd8 mUid=10102 mPid=9612 mSelfReportedDisplayId=0} (server)}
02-10 11:56:16.438  2580 12357 I WindowManager: removeLeash, the window position need update Window{34ead5a u0 InputMethod}
02-10 11:56:16.441  2580  4261 W PackageConfigPersister: App-specific configuration not found for packageName: com.hihonor.android.launcher and userId: 0
02-10 11:56:16.444  2580  2609 D HwWindowManagerServiceEx: recompute display mode
02-10 11:56:16.445  2580  2609 D HwWindowManagerServiceEx: recompute display mode
02-10 11:56:16.447  2580  4261 D InputMethodManagerService: IME window vis: 0 active: 0 inv: 0 displayId: 0
02-10 11:56:16.448  2580  3232 D HwInputMethodManagerService: removeImeSurfaceFromWindowAsync.android.os.BinderProxy@ffe6dd5
02-10 11:56:16.450  2580  2608 I HwBrightnessPgSceneDetection: isHealthEyeWhenFlod() sIsContainsFoldPkgfalse
02-10 11:56:16.454  2580  2609 D HwWindowManagerServiceEx: recompute display mode
02-10 11:56:16.455  2580  2609 D HwWindowManagerServiceEx: recompute display mode
02-10 11:56:16.456  2580  2609 D HwWindowManagerServiceEx: recompute display mode
02-10 11:56:16.456  2580  2609 D HwWindowManagerServiceEx: recompute display mode
02-10 11:56:16.457  2580  2609 D HwWindowManagerServiceEx: recompute display mode
02-10 11:56:16.458  2580  2609 D HwWindowManagerServiceEx: recompute display mode
02-10 11:56:16.458  2580  2609 D HwWindowManagerServiceEx: recompute display mode
02-10 11:56:16.460  2580  3232 D HwWindowManagerServiceEx: recompute display mode
02-10 11:56:16.461  2580  4261 D HwInputMethodManagerService: removeImeSurfaceFromWindowAsync.android.os.BinderProxy@f48ebcb
02-10 11:56:16.461  2580  3232 D HwWindowManagerServiceEx: recompute display mode
02-10 11:56:16.462  2580  3232 D HwWindowManagerServiceEx: recompute display mode
02-10 11:56:16.462  2580  3232 D HwWindowManagerServiceEx: recompute display mode
02-10 11:56:16.463  2580  3232 D HwWindowManagerServiceEx: recompute display mode
02-10 11:56:16.464  2580  3232 D HwWindowManagerServiceEx: recompute display mode
02-10 11:56:16.465  2580  3232 D HwWindowManagerServiceEx: recompute display mode
02-10 11:56:16.472  2580  3232 D HwWindowManagerServiceEx: recompute display mode
02-10 11:56:16.472  2580  3232 I WindowManager: handleTopActivityLaunchingInDifferentOrientation background visible activity to cover config
02-10 11:56:16.473  2580  3232 D HwWindowManagerServiceEx: recompute display mode
02-10 11:56:16.473  2580  3232 D HwWindowManagerServiceEx: recompute display mode
02-10 11:56:16.474  2580  2608 I HwBrightnessPgSceneDetection: isHealthEyeWhenFlod() sIsContainsFoldPkgfalse
02-10 11:56:16.475  2580  2608 I HwBrightnessPgSceneDetection: isHealthEyeWhenFlod() sIsContainsFoldPkgfalse
02-10 11:56:16.475  2580  2620 I HwMultiWindowManager: top activity not inHwMagicWindowingMode
02-10 11:56:16.476  2580  2620 I HwMultiWindowManager: isSupportLock barInfo.isSupportLockfalse
02-10 11:56:16.477  2580  2620 E HWMW_HwMagicWinAmsPolicy: getTopTaskUnlockMode task Task{814b585 #461 type=home} is not magic window
02-10 11:56:16.478  2580  2620 I HwMultiWindowManager: top activity not inHwMagicWindowingMode
02-10 11:56:16.478  2580  2620 I HwMultiWindowManager: isSupportLock barInfo.isSupportLockfalse
02-10 11:56:16.478  2580  2620 E HWMW_HwMagicWinAmsPolicy: getTopTaskUnlockMode task Task{814b585 #461 type=home} is not magic window
02-10 11:56:16.631  2580 10450 E AdbDebuggingManager: Caught an exception opening the socket: java.io.IOException: No such file or directory
02-10 11:56:17.128  9612  9612 I TransitionInfo: release all surface: Surface(name=Transition Root: Task=461)/@0xdae7abb
02-10 11:56:17.128  3141  5365 I RemoteTransitionHandler: RemoteTransition onFinished RemoteTransition { remoteTransition = android.window.IRemoteTransition$Stub$Proxy@b5fc13, backRemoteTransition = , appThread = android.app.IApplicationThread$Stub$Proxy@9fc4e50, debugName = QuickstepLaunchHome }
02-10 11:56:17.130  3141  3233 I ShellTransitions: Active animation finished=(#2150)android.os.BinderProxy@93822a4@0, merged=null, aborted=false
02-10 11:56:17.130  3141  3233 I CaptionWindowDecorViewModel: destroyWindowDecoration taskId=637
02-10 11:56:17.130  3141  3233 V WindowManagerShell: Transition animation finished (aborted=false), notifying core (#2150)android.os.BinderProxy@93822a4@0
02-10 11:56:17.131  2580  3948 I TransitionController: finishTransition TransitionRecord{12c145b id=2150 type=OPEN flags=0x0}
02-10 11:56:17.132  2580  2605 V WindowManager: Finish Transition #2150: created at 02-10 11:56:16.016 collect-started=0.309ms request-sent=54.288ms started=77.105ms ready=77.023ms sent=316.255ms finished=1115.797ms
02-10 11:56:17.133  2580  3948 V WindowManager: Loading animations: layout params pkg=com.google.android.apps.youtube.kids resId=0x10302ff
02-10 11:56:17.133  2580  3948 V WindowManager: Loading animations: picked package=android
02-10 11:56:17.136  3141  3233 I WindowManagerShell: Track 0 became idle
02-10 11:56:17.136  3141  3233 I WindowManagerShell: All active transition animations finished
02-10 11:56:17.137  2580  2608 V ActivityTaskManager: Activity idle: null
02-10 11:56:17.137  2580  2608 D HwWindowManagerServiceEx: recompute display mode
02-10 11:56:17.139  2580  2618 I DE J DES: [effect] QR do nothing
02-10 11:56:17.139  2580  2618 I DE J DES: [effect] MEMC do nothing
02-10 11:56:17.140  2580  2609 I ActivityTaskManager: remove inputSink surface ActivityRecord{767e7e1 u0 com.google.android.apps.youtube.kids/.main.MainActivity t637 mVisible=false mOccludesParent=true mode=fullscreen boundsRect(0, 0 - 1920, 1200)}
02-10 11:56:17.140  2580  2609 I hnWindowInfomationUpdate: addOrUpdateWindowInformation end ... 
02-10 11:56:17.142  2580  2609 I WindowManager: Win Window{4b368ca u0 NotificationShade}, animationWallpaper=false, hasWallpaper=false, w.isOnScreen()=false, w.isDrawFinishedLw()=false
02-10 11:56:17.143  2580  2609 D HwWindowManagerServiceEx: recompute display mode
02-10 11:56:17.143  2580  2609 D HwWindowManagerServiceEx: recompute display mode
02-10 11:56:17.143  2580  2609 D HwWindowManagerServiceEx: recompute display mode
02-10 11:56:17.143  2580  2609 D HwWindowManagerServiceEx: recompute display mode
02-10 11:56:17.143  2580  2609 D HwWindowManagerServiceEx: recompute display mode
02-10 11:56:17.143  2580  2609 D HwWindowManagerServiceEx: recompute display mode
02-10 11:56:17.143  2580  2609 D HwWindowManagerServiceEx: recompute display mode
02-10 11:56:17.147  2580  2608 I HwBrightnessPgSceneDetection: isHealthEyeWhenFlod() sIsContainsFoldPkgfalse
02-10 11:56:17.150  2580  2799 E ProcessInfoCollector: getProcessInfo: proc should not less than zero.
02-10 11:56:17.150  2580  2799 E ProcessInfoCollector: getProcessInfo: proc should not less than zero.
02-10 11:56:17.150  2580  2799 E ProcessInfoCollector: getProcessInfo: proc should not less than zero.
02-10 11:56:17.151  2580  2799 E ProcessInfoCollector: getProcessInfo: proc should not less than zero.
02-10 11:56:17.151  2580  2799 E ProcessInfoCollector: getProcessInfo: proc should not less than zero.
02-10 11:56:17.151  2580  2799 E ProcessInfoCollector: getProcessInfo: proc should not less than zero.
02-10 11:56:17.151  2580  2799 E ProcessInfoCollector: getProcessInfo: proc should not less than zero.
02-10 11:56:17.152  2580  3948 D CoreBackPreview: Window{312eac1 u0 com.google.android.apps.youtube.kids/com.google.android.apps.youtube.kids.main.MainActivity}: Setting back callback OnBackInvokedCallbackInfo{mCallback=android.window.IOnBackInvokedCallback$Stub$Proxy@bb032ee, mPriority=-1, mIsAnimationCallback=false}
02-10 11:56:17.155  2580  2799 E ProcessInfoCollector: getProcessInfo: proc should not less than zero.
02-10 11:56:17.155  2580  2799 I JobScheduler: isReadyToBeExecutedLocked, job is prohibit by iaware: JobStatus{af5116a androidx.work.systemjobscheduler:u0a199/990 @androidx.work.systemjobscheduler@com.netflix.mediaclient/androidx.work.impl.background.systemjob.SystemJobService u=0 s=10199 READY}
02-10 11:56:17.155  2580  2799 E ProcessInfoCollector: getProcessInfo: proc should not less than zero.
02-10 11:56:17.155  2580  2799 I JobScheduler: isReadyToBeExecutedLocked, job is prohibit by iaware: JobStatus{89f8d37 androidx.work.systemjobscheduler:u0a199/994 @androidx.work.systemjobscheduler@com.netflix.mediaclient/androidx.work.impl.background.systemjob.SystemJobService u=0 s=10199 READY}
02-10 11:56:17.155  2580  2799 E ProcessInfoCollector: getProcessInfo: proc should not less than zero.
02-10 11:56:17.155  2580  2799 I JobScheduler: isReadyToBeExecutedLocked, job is prohibit by iaware: JobStatus{88012a4 androidx.work.systemjobscheduler:u0a199/995 @androidx.work.systemjobscheduler@com.netflix.mediaclient/androidx.work.impl.background.systemjob.SystemJobService u=0 s=10199 READY}
02-10 11:56:17.156  2580  2799 E ProcessInfoCollector: getProcessInfo: proc should not less than zero.
02-10 11:56:17.156  2580  2799 I JobScheduler: isReadyToBeExecutedLocked, job is prohibit by iaware: JobStatus{7a2e65b androidx.work.systemjobscheduler:u0a199/992 @androidx.work.systemjobscheduler@com.netflix.mediaclient/androidx.work.impl.background.systemjob.SystemJobService u=0 s=10199 READY}
02-10 11:56:17.156  2580  2799 E ProcessInfoCollector: getProcessInfo: proc should not less than zero.
02-10 11:56:17.156  2580  2799 I JobScheduler: isReadyToBeExecutedLocked, job is prohibit by iaware: JobStatus{30e180d androidx.work.systemjobscheduler:u0a199/996 @androidx.work.systemjobscheduler@com.netflix.mediaclient/androidx.work.impl.background.systemjob.SystemJobService u=0 s=10199 READY}
02-10 11:56:17.156  2580  2799 E ProcessInfoCollector: getProcessInfo: proc should not less than zero.
02-10 11:56:17.156  2580  2799 I JobScheduler: isReadyToBeExecutedLocked, job is prohibit by iaware: JobStatus{2aa52e3 androidx.work.systemjobscheduler:u0a199/977 @androidx.work.systemjobscheduler@com.netflix.mediaclient/androidx.work.impl.background.systemjob.SystemJobService u=0 s=10199 NET READY}
02-10 11:56:17.158  2580  2620 I HwMultiWindowManager: top activity not inHwMagicWindowingMode
02-10 11:56:17.158  2580  2620 I HwMultiWindowManager: isSupportLock barInfo.isSupportLockfalse
02-10 11:56:17.158  2580  2620 E HWMW_HwMagicWinAmsPolicy: getTopTaskUnlockMode task Task{814b585 #461 type=home} is not magic window
02-10 11:56:17.160  2580  2799 W JobScheduler.Concurrency: Had fewer than 16 in existence
02-10 11:56:17.161  2580  2799 I PowerManagerService: wakeLock.mDisabled:false, mDeviceIdleMode:false, mProcState:0
02-10 11:56:17.161  2580  2799 I PowerManagerService: need acquire WakeLockSuspendBlocker
02-10 11:56:17.161  2580  2799 I PowerManagerService: Acquiring suspend blocker "PowerManagerService.WakeLocks".
02-10 11:56:17.163  2580  2799 I PowerManagerService: wakeLock.mDisabled:false, mDeviceIdleMode:false, mProcState:0
02-10 11:56:17.163  2580  2799 W ProcBatteryStats: timer is running , not start, name: com.google.android.apps.youtube.kids, uid: 1110203, tag: *job*/@androidx.work.systemjobscheduler@com.google.android.apps.youtube.kids/androidx.work.impl.background.systemjob.SystemJobService#1975
02-10 11:56:17.164  2580  2799 E ProcessInfoCollector: getProcessInfo: failed to find this proc.
02-10 11:56:17.164  2580  2799 W ActivityManager: Service starting has been prevented by iaware or trustsbase sInfo ServiceInfo{bf08ffa androidx.work.impl.background.systemjob.SystemJobService}
02-10 11:56:17.164  2580  2799 W ActivityManager: Unbind failed: could not find connection for android.app.LoadedApk$ServiceDispatcher$InnerConnection@6a7a9ab
02-10 11:56:17.165  2580  2799 E JobScheduler.Concurrency: Error executing JobStatus{7c8810 androidx.work.systemjobscheduler:u11a203/1975 @androidx.work.systemjobscheduler@com.google.android.apps.youtube.kids/androidx.work.impl.background.systemjob.SystemJobService u=11 s=1110203 TIME=-2d21h17m17s199ms:none READY}
02-10 11:56:17.165  2580  2799 W ProcBatteryStats: timer is not running , not stop, name: com.google.android.apps.youtube.kids, uid: 1110203, tag: *job*/@androidx.work.systemjobscheduler@com.google.android.apps.youtube.kids/androidx.work.impl.background.systemjob.SystemJobService#1975
02-10 11:56:17.165  2580  2799 I PowerManagerService: need release WakeLockSuspendBlocker
02-10 11:56:17.165  2580  2799 I PowerManagerService: Releasing suspend blocker "PowerManagerService.WakeLocks".
02-10 11:56:17.166  2580  2799 I PowerManagerService: wakeLock.mDisabled:false, mDeviceIdleMode:false, mProcState:0
02-10 11:56:17.166  2580  2799 I PowerManagerService: need acquire WakeLockSuspendBlocker
02-10 11:56:17.166  2580  2799 I PowerManagerService: Acquiring suspend blocker "PowerManagerService.WakeLocks".
02-10 11:56:17.168  2580  2799 I PowerManagerService: wakeLock.mDisabled:false, mDeviceIdleMode:false, mProcState:0
02-10 11:56:17.168  2580  2799 W ProcBatteryStats: timer is running , not start, name: com.google.android.apps.youtube.kids, uid: 1110203, tag: *job*/@androidx.work.systemjobscheduler@com.google.android.apps.youtube.kids/androidx.work.impl.background.systemjob.SystemJobService#2002
02-10 11:56:17.168  2580  2799 E ProcessInfoCollector: getProcessInfo: failed to find this proc.
02-10 11:56:17.168  2580  2799 W ActivityManager: Service starting has been prevented by iaware or trustsbase sInfo ServiceInfo{4a7b1c6 androidx.work.impl.background.systemjob.SystemJobService}
02-10 11:56:17.168  2580  2799 W ActivityManager: Unbind failed: could not find connection for android.app.LoadedApk$ServiceDispatcher$InnerConnection@8b53587
02-10 11:56:17.169  2580  2799 E JobScheduler.Concurrency: Error executing JobStatus{3e0669c androidx.work.systemjobscheduler:u11a203/2002 @androidx.work.systemjobscheduler@com.google.android.apps.youtube.kids/androidx.work.impl.background.systemjob.SystemJobService u=11 s=1110203 TIME=-4d21h57m44s454ms:none NET READY}
02-10 11:56:17.169  2580  2799 W ProcBatteryStats: timer is not running , not stop, name: com.google.android.apps.youtube.kids, uid: 1110203, tag: *job*/@androidx.work.systemjobscheduler@com.google.android.apps.youtube.kids/androidx.work.impl.background.systemjob.SystemJobService#2002
02-10 11:56:17.169  2580  2799 I PowerManagerService: need release WakeLockSuspendBlocker
02-10 11:56:17.169  2580  2799 I PowerManagerService: Releasing suspend blocker "PowerManagerService.WakeLocks".
02-10 11:56:17.170  2580  2799 I PowerManagerService: wakeLock.mDisabled:false, mDeviceIdleMode:false, mProcState:0
02-10 11:56:17.170  2580  2799 I PowerManagerService: need acquire WakeLockSuspendBlocker
02-10 11:56:17.170  2580  2799 I PowerManagerService: Acquiring suspend blocker "PowerManagerService.WakeLocks".
02-10 11:56:17.170  3141  3233 D ShellTaskOrganizer: apply finall BarInfo:HnMultiWindowBarInfo{color=0 shouldShow=false displayId=0 statusBarHeight=56 colorChange=false hidePopWindow=true packageName=com.hihonor.android.launcher isSupportLockfalse topTaskUnlockModefalse isDirectScreenPhone= false isInMouseMode= false }
02-10 11:56:17.171  2580  2799 I PowerManagerService: wakeLock.mDisabled:false, mDeviceIdleMode:false, mProcState:0
02-10 11:56:17.172  2580  2799 W ProcBatteryStats: timer is running , not start, name: com.google.android.apps.youtube.kids, uid: 1110203, tag: *job*/@androidx.work.systemjobscheduler@com.google.android.apps.youtube.kids/androidx.work.impl.background.systemjob.SystemJobService#2004
02-10 11:56:17.172  2580  2799 E ProcessInfoCollector: getProcessInfo: failed to find this proc.
02-10 11:56:17.172  2580  2799 W ActivityManager: Service starting has been prevented by iaware or trustsbase sInfo ServiceInfo{55d2452 androidx.work.impl.background.systemjob.SystemJobService}
02-10 11:56:17.173  2580  2799 W ActivityManager: Unbind failed: could not find connection for android.app.LoadedApk$ServiceDispatcher$InnerConnection@325a323
02-10 11:56:17.173  2580  2799 E JobScheduler.Concurrency: Error executing JobStatus{305bc59 androidx.work.systemjobscheduler:u11a203/2004 @androidx.work.systemjobscheduler@com.google.android.apps.youtube.kids/androidx.work.impl.background.systemjob.SystemJobService u=11 s=1110203 TIME=-4d21h57m44s416ms:none NET READY}
02-10 11:56:17.173  2580  2799 W ProcBatteryStats: timer is not running , not stop, name: com.google.android.apps.youtube.kids, uid: 1110203, tag: *job*/@androidx.work.systemjobscheduler@com.google.android.apps.youtube.kids/androidx.work.impl.background.systemjob.SystemJobService#2004
02-10 11:56:17.174  2580  2799 I PowerManagerService: need release WakeLockSuspendBlocker
02-10 11:56:17.174  2580  2799 I PowerManagerService: Releasing suspend blocker "PowerManagerService.WakeLocks".
02-10 11:56:17.174  2580  2799 I PowerManagerService: wakeLock.mDisabled:false, mDeviceIdleMode:false, mProcState:0
02-10 11:56:17.175  2580  2799 I PowerManagerService: need acquire WakeLockSuspendBlocker
02-10 11:56:17.175  2580  2799 I PowerManagerService: Acquiring suspend blocker "PowerManagerService.WakeLocks".
02-10 11:56:17.176  2580  2799 I PowerManagerService: wakeLock.mDisabled:false, mDeviceIdleMode:false, mProcState:0
02-10 11:56:17.176  2580  2799 W ProcBatteryStats: timer is running , not start, name: com.google.android.apps.youtube.kids, uid: 1110203, tag: *job*/@androidx.work.systemjobscheduler@com.google.android.apps.youtube.kids/androidx.work.impl.background.systemjob.SystemJobService#1991
02-10 11:56:17.177  2580  2799 E ProcessInfoCollector: getProcessInfo: failed to find this proc.
02-10 11:56:17.177  2580  2799 W ActivityManager: Service starting has been prevented by iaware or trustsbase sInfo ServiceInfo{c85339e androidx.work.impl.background.systemjob.SystemJobService}
02-10 11:56:17.177  2580  2799 W ActivityManager: Unbind failed: could not find connection for android.app.LoadedApk$ServiceDispatcher$InnerConnection@4a54e7f
02-10 11:56:17.178  2580  2799 E JobScheduler.Concurrency: Error executing JobStatus{72a1d85 androidx.work.systemjobscheduler:u11a203/1991 @androidx.work.systemjobscheduler@com.google.android.apps.youtube.kids/androidx.work.impl.background.systemjob.SystemJobService u=11 s=1110203 NET system stops=1 READY}
02-10 11:56:17.178  2580  2799 W ProcBatteryStats: timer is not running , not stop, name: com.google.android.apps.youtube.kids, uid: 1110203, tag: *job*/@androidx.work.systemjobscheduler@com.google.android.apps.youtube.kids/androidx.work.impl.background.systemjob.SystemJobService#1991
02-10 11:56:17.178  2580  2799 I PowerManagerService: need release WakeLockSuspendBlocker
02-10 11:56:17.178  2580  2799 I PowerManagerService: Releasing suspend blocker "PowerManagerService.WakeLocks".
02-10 11:56:17.178  2580  2799 I PowerManagerService: wakeLock.mDisabled:false, mDeviceIdleMode:false, mProcState:0
02-10 11:56:17.179  2580  2799 I PowerManagerService: need acquire WakeLockSuspendBlocker
02-10 11:56:17.179  2580  2799 I PowerManagerService: Acquiring suspend blocker "PowerManagerService.WakeLocks".
02-10 11:56:17.180  2580  2799 I PowerManagerService: wakeLock.mDisabled:false, mDeviceIdleMode:false, mProcState:0
02-10 11:56:17.180  2580  2799 W ProcBatteryStats: timer is running , not start, name: com.google.android.apps.youtube.kids, uid: 1110203, tag: *job*/@androidx.work.systemjobscheduler@com.google.android.apps.youtube.kids/androidx.work.impl.background.systemjob.SystemJobService#1989
02-10 11:56:17.181  2580  2799 E ProcessInfoCollector: getProcessInfo: failed to find this proc.
02-10 11:56:17.181  2580  2799 W ActivityManager: Service starting has been prevented by iaware or trustsbase sInfo ServiceInfo{98cebaa androidx.work.impl.background.systemjob.SystemJobService}
02-10 11:56:17.181  2580  2799 W ActivityManager: Unbind failed: could not find connection for android.app.LoadedApk$ServiceDispatcher$InnerConnection@4a539b
02-10 11:56:17.182  2580  2799 E JobScheduler.Concurrency: Error executing JobStatus{20e340b androidx.work.systemjobscheduler:u11a203/1989 @androidx.work.systemjobscheduler@com.google.android.apps.youtube.kids/androidx.work.impl.background.systemjob.SystemJobService u=11 s=1110203 NET system stops=1 READY}
02-10 11:56:17.182  2580  2799 W ProcBatteryStats: timer is not running , not stop, name: com.google.android.apps.youtube.kids, uid: 1110203, tag: *job*/@androidx.work.systemjobscheduler@com.google.android.apps.youtube.kids/androidx.work.impl.background.systemjob.SystemJobService#1989
02-10 11:56:17.182  2580  2799 I PowerManagerService: need release WakeLockSuspendBlocker
02-10 11:56:17.182  2580  2799 I PowerManagerService: Releasing suspend blocker "PowerManagerService.WakeLocks".
02-10 11:56:17.183  2580  2799 I PowerManagerService: wakeLock.mDisabled:false, mDeviceIdleMode:false, mProcState:0
02-10 11:56:17.183  2580  2799 I PowerManagerService: need acquire WakeLockSuspendBlocker
02-10 11:56:17.183  2580  2799 I PowerManagerService: Acquiring suspend blocker "PowerManagerService.WakeLocks".
02-10 11:56:17.184  2580  3948 V WindowManager: Loading animations: layout params pkg=com.android.systemui resId=0x0
02-10 11:56:17.184  2580  3948 D HwAppTransitionImpl: windowAnimations = 0 dose not come from system, not to override it.
02-10 11:56:17.185  2580  2799 I PowerManagerService: wakeLock.mDisabled:false, mDeviceIdleMode:false, mProcState:0
02-10 11:56:17.186  2580  2799 W ProcBatteryStats: timer is running , not start, name: com.google.android.apps.youtube.kids, uid: 1110203, tag: *job*/@androidx.work.systemjobscheduler@com.google.android.apps.youtube.kids/androidx.work.impl.background.systemjob.SystemJobService#2005
02-10 11:56:17.187  2580  2799 E ProcessInfoCollector: getProcessInfo: failed to find this proc.
02-10 11:56:17.187  2580  2799 W ActivityManager: Service starting has been prevented by iaware or trustsbase sInfo ServiceInfo{3a61876 androidx.work.impl.background.systemjob.SystemJobService}
02-10 11:56:17.187  2580  2799 W ActivityManager: Unbind failed: could not find connection for android.app.LoadedApk$ServiceDispatcher$InnerConnection@a708e77
02-10 11:56:17.187  2580  2799 E JobScheduler.Concurrency: Error executing JobStatus{35424bf androidx.work.systemjobscheduler:u11a203/2005 @androidx.work.systemjobscheduler@com.google.android.apps.youtube.kids/androidx.work.impl.background.systemjob.SystemJobService u=11 s=1110203 TIME=-4d21h53m43s609ms:none NET READY}
02-10 11:56:17.188  2580  2799 W ProcBatteryStats: timer is not running , not stop, name: com.google.android.apps.youtube.kids, uid: 1110203, tag: *job*/@androidx.work.systemjobscheduler@com.google.android.apps.youtube.kids/androidx.work.impl.background.systemjob.SystemJobService#2005
02-10 11:56:17.188  2580  2799 I PowerManagerService: need release WakeLockSuspendBlocker
02-10 11:56:17.188  2580  2799 I PowerManagerService: Releasing suspend blocker "PowerManagerService.WakeLocks".
02-10 11:56:17.189  2580  3948 I hnWindowInfomationUpdate: addOrUpdateWindowInformation end ... 
02-10 11:56:17.190  2580  3948 D HwWindowManagerServiceEx: recompute display mode
02-10 11:56:17.190  2580  3948 D HwWindowManagerServiceEx: recompute display mode
02-10 11:56:17.191  2580  3948 D HwWindowManagerServiceEx: recompute display mode
02-10 11:56:17.191  2580  3948 D HwWindowManagerServiceEx: recompute display mode
02-10 11:56:17.192  2580  3948 D HwWindowManagerServiceEx: recompute display mode
02-10 11:56:17.192  2580  3948 D HwWindowManagerServiceEx: recompute display mode
02-10 11:56:17.196  2580  2608 I HwBrightnessPgSceneDetection: isHealthEyeWhenFlod() sIsContainsFoldPkgfalse
02-10 11:56:17.197  2580  3948 D HwWindowManagerServiceEx: recompute display mode
02-10 11:56:17.198  2580  3948 I WindowManager: handleTopActivityLaunchingInDifferentOrientation background visible activity to cover config
02-10 11:56:17.198  2580  3948 D HwWindowManagerServiceEx: recompute display mode
02-10 11:56:17.199  2580  3948 D HwWindowManagerServiceEx: recompute display mode
02-10 11:56:17.210  2580  3948 D HwWindowManagerServiceEx: recompute display mode
02-10 11:56:17.210  2580  3948 D HwWindowManagerServiceEx: recompute display mode
02-10 11:56:17.210  2580  3948 D HwWindowManagerServiceEx: recompute display mode
02-10 11:56:17.210  2580  3948 D HwWindowManagerServiceEx: recompute display mode
02-10 11:56:17.210  2580  3948 D HwWindowManagerServiceEx: recompute display mode
02-10 11:56:17.211  2580  3948 D HwWindowManagerServiceEx: recompute display mode
02-10 11:56:17.213  2580  2608 I HwBrightnessPgSceneDetection: isHealthEyeWhenFlod() sIsContainsFoldPkgfalse
02-10 11:56:17.213  2580  3948 D HwWindowManagerServiceEx: recompute display mode
02-10 11:56:17.214  2580  3948 I WindowManager: handleTopActivityLaunchingInDifferentOrientation background visible activity to cover config
02-10 11:56:17.214  2580  3948 I hnWindowInfomationUpdate: toSaveActivityMode start ...title=com.google.android.apps.youtube.kids/com.google.android.apps.youtube.kids.main.MainActivity,returnNum=1isVisible=false
02-10 11:56:17.214  2580  3948 I hnWindowInfomationUpdate: toSaveActivityMode start ...mShownWindowMap.size()=0
02-10 11:56:17.215  2580  3948 D HwWindowManagerServiceEx: recompute display mode
02-10 11:56:17.215  2580  3948 D HwWindowManagerServiceEx: recompute display mode
02-10 11:56:17.223  2580  2608 I UsageStatsService: reportEvent : component= ComponentInfo{com.google.android.apps.youtube.kids/com.google.android.apps.youtube.kids.main.MainActivity} eventType= 23
02-10 11:56:17.226  2580  3948 I hnWindowInfomationUpdate: addOrUpdateWindowInformation end ... 
02-10 11:56:17.231  2580  4458 I AppEyeTopApp: handleTopAppChange, bg, disable pid=13370, uid=10203
02-10 11:56:17.232  2580  2773 D HwActivityManagerServiceEx: getPackageNameForPid callingAppId: 1000
02-10 11:56:17.519  2580  2888 I HwFingersSnapshooter[GestureCollectionMotion]: reset mIsCollectionFinished:true, mIsMoreCollectionsFinished:true, isNeedUpdate:false, mCollectionService:null, mMoreCollectionsService:null
02-10 11:56:18.043  2580  2773 I HwNormalizedRampAnimator: onEvent, frameRate=60
02-10 11:56:18.043  2580  2773 I HwNormalizedRampAnimator: onEvent, frameRate=60
02-10 11:56:18.043  2580  2773 I HwNormalizedRampAnimator: onEvent, frameRate=60
02-10 11:56:18.310  2580  2773 I HwNormalizedRampAnimator: onEvent, frameRate=90
02-10 11:56:18.310  2580  2773 I HwNormalizedRampAnimator: onEvent, frameRate=90
02-10 11:56:18.310  2580  2773 I HwNormalizedRampAnimator: onEvent, frameRate=90
02-10 11:56:18.633  2580 10450 E AdbDebuggingManager: Caught an exception opening the socket: java.io.IOException: No such file or directory
02-10 11:56:18.833  2580  2888 I HwFingersSnapshooter[GestureCollectionMotion]: reset mIsCollectionFinished:true, mIsMoreCollectionsFinished:true, isNeedUpdate:false, mCollectionService:null, mMoreCollectionsService:null
02-10 11:56:19.186  2580  2773 I AppWidgetServiceImpl: getInstalledProvidersForProfile: flip_sub_display widget, continue
02-10 11:56:19.213  2580  2773 I AppWidgetServiceImpl: getInstalledProvidersForProfile: flip_sub_display widget, continue
02-10 11:56:19.213  2580  2773 I AppWidgetServiceImpl: getInstalledProvidersForProfile: widget clip only can be bind to hnsystemserver
02-10 11:56:19.213  2580  2773 I AppWidgetServiceImpl: getInstalledProvidersForProfile: widget clip only can be bind to hnsystemserver
02-10 11:56:19.213  2580  2773 I AppWidgetServiceImpl: getInstalledProvidersForProfile: widget clip only can be bind to hnsystemserver
02-10 11:56:19.213  2580  2773 I AppWidgetServiceImpl: getInstalledProvidersForProfile: flip_sub_display widget, continue
02-10 11:56:19.213  2580  2773 I AppWidgetServiceImpl: getInstalledProvidersForProfile: standby widget, continue
02-10 11:56:19.213  2580  2773 I AppWidgetServiceImpl: getInstalledProvidersForProfile: flip_sub_display widget, continue
02-10 11:56:19.214  2580  2773 I AppWidgetServiceImpl: getInstalledProvidersForProfile: flip_sub_display widget, continue
02-10 11:56:19.214  2580  2773 I AppWidgetServiceImpl: getInstalledProvidersForProfile: widget clip only can be bind to hnsystemserver
02-10 11:56:19.214  2580  2773 I AppWidgetServiceImpl: getInstalledProvidersForProfile: flip_sub_display widget, continue
02-10 11:56:19.214  2580  2773 I AppWidgetServiceImpl: getInstalledProvidersForProfile: standby widget, continue
02-10 11:56:19.215  2580  2773 I AppWidgetServiceImpl: getInstalledProvidersForProfile: flip_sub_display widget, continue
02-10 11:56:19.334  2580  2773 I HwNormalizedRampAnimator: onEvent, frameRate=60
02-10 11:56:19.335  2580  2773 I HwNormalizedRampAnimator: onEvent, frameRate=60
02-10 11:56:19.335  2580  2773 I HwNormalizedRampAnimator: onEvent, frameRate=60
02-10 11:56:19.593  2580  2773 I HwNormalizedRampAnimator: onEvent, frameRate=90
