02-10 11:56:21.389  2580  9122 I HWMW_HwMagicWinAmsPolicy: overrideIntentFlagForHwMagicWin result: Bundle[{}]
02-10 11:56:21.389  2580  9122 D ActivityTaskManager: TaskLaunchParamsModifier:task=null activity=ActivityRecord{7634718 u0 com.android.settings/.Settings$WifiSettingsActivity t-1 mVisible=false mOccludesParent=false mode=undefined boundsRect(0, 0 - 0, 0)} display-area-from-source=DefaultTaskDisplayArea@124351193 display-id=0 task-display-area-windowing-mode=1 suggested-display-area=DefaultTaskDisplayArea@124351193
02-10 11:56:21.390  2580  9122 I ActivityStarter: shouldShowFreeformWindow realCallingPackage =com.android.settings isRes= true rotation= 1 orientation = -1 isPortarait = false sourceRecord = ActivityRecord{d9ac69 u0 com.android.settings/.HWSettings t632 mVisible=true mOccludesParent=true mode=fullscreen boundsRect(0, 0 - 1920, 1200)} isMagicWin = false isForceRotation = false r.packageName = com.android.settings isAE= false sourceLaunchedFromPackage= com.hihonor.android.launcher isInBlackList= false r.info = ActivityInfo{93dbafb com.android.settings.Settings$WifiSettingsActivity}
02-10 11:56:21.390  2580  9122 D ActivityTaskManager: TaskLaunchParamsModifier:task=Task{9d7a625 #632 type=standard A=1000:com.android.settings} activity=ActivityRecord{7634718 u0 com.android.settings/.Settings$WifiSettingsActivity t-1 mVisible=false mOccludesParent=false mode=undefined boundsRect(0, 0 - 0, 0)} display-area-from-source=DefaultTaskDisplayArea@124351193 display-id=0 task-display-area-windowing-mode=1 suggested-display-area=DefaultTaskDisplayArea@124351193 inherit-from-source=fullscreen non-freeform-task-display-area display-area=DefaultTaskDisplayArea@124351193 default-portrait freeform-size-mismatch=Rect(682, 103 - 1238, 1091)
02-10 11:56:21.391  2580  9122 I HwActivityTaskManagerServiceEx: isAppIsImportingData AMS return -> isCloningAppCloning=false
02-10 11:56:21.392  2580  9122 I WindowManager: addWindowToken: displayid:0 binder:Token{ed1bcc4 ActivityRecord{7634718 u0 com.android.settings/.Settings$WifiSettingsActivity t-1 mVisible=false mOccludesParent=false mode=undefined boundsRect(0, 0 - 0, 0)}} token:ActivityRecord{7634718 u0 com.android.settings/.Settings$WifiSettingsActivity t-1 mVisible=false mOccludesParent=false mode=undefined boundsRect(0, 0 - 0, 0)}
02-10 11:56:21.392  2580  9122 D ActivityTaskManager: setEnterOrExitFullScreenVideo isEnterOrExitFullScreenVideo = false
02-10 11:56:21.393  2580  9122 I ActivityTaskManager: onConfigurationChanged recordWindowInformationForPerformance this = ActivityRecord{7634718 u0 com.android.settings/.Settings$WifiSettingsActivity t632 mVisible=false mOccludesParent=false mode=fullscreen boundsRect(0, 0 - 1920, 1200)}
02-10 11:56:21.393  2580  9122 I hnWindowInfomationUpdate: toSaveActivityMode start ...title=com.android.settings/com.android.settings.Settings$WifiSettingsActivity,returnNum=1isVisible=false
02-10 11:56:21.393  2580  9122 I hnWindowInfomationUpdate: toSaveActivityMode start ...mShownWindowMap.size()=0
02-10 11:56:21.395  2580  9122 D HwTaskEx: updateHwPCMultiCastOverrideConfiguration
02-10 11:56:21.397  2580  9122 I ActivityTaskManager: HWMW_startActivityInner POLICY_UPDATE_INTENT mSourceRecord ActivityRecord{d9ac69 u0 com.android.settings/.HWSettings t632 mVisible=true mOccludesParent=true mode=fullscreen boundsRect(0, 0 - 1920, 1200)}
02-10 11:56:21.397  2580  9122 I ActivityTaskManager:  topFocused ActivityRecord{d9ac69 u0 com.android.settings/.HWSettings t632 mVisible=true mOccludesParent=true mode=fullscreen boundsRect(0, 0 - 1920, 1200)}
02-10 11:56:21.397  2580  9122 I ActivityTaskManager:  mStartActivity ActivityRecord{7634718 u0 com.android.settings/.Settings$WifiSettingsActivity t632 mVisible=false mOccludesParent=false mode=fullscreen boundsRect(0, 0 - 1920, 1200)}
02-10 11:56:21.398  2580  9122 I HWMW_HwMagicWinAmsPolicy: ### Execute -> overrideIntentForHwMagicWin, focusToken: Token{4ab7dab ActivityRecord{d9ac69 u0 com.android.settings/.HWSettings t632 mVisible=true mOccludesParent=true mode=fullscreen boundsRect(0, 0 - 1920, 1200)}}, reusedToken: null, isNewTask: false, topFocused: ActivityRecord{d9ac69 u0 com.android.settings/.HWSettings t632 mVisible=true mOccludesParent=true mode=fullscreen boundsRect(0, 0 - 1920, 1200)}, next: ActivityRecord{7634718 u0 com.android.settings/.Settings$WifiSettingsActivity t632 mVisible=false mOccludesParent=false mode=fullscreen boundsRect(0, 0 - 1920, 1200)}, options: null
02-10 11:56:21.398  2580  9122 W HWMW_HwMagicActivityStarter: checkSettingValidity return, settingConfig is null
02-10 11:56:21.398  2580  9122 W HWMW_HwMagicWinManager: checkMwDividerPosition return, task: Task{9d7a625 #632 type=standard A=1000:com.android.settings}
02-10 11:56:21.398  2580  9122 I HWMW_HwMagicActivityStarter: overrideIntentForHwMagicWin appMode=com.android.server.wm.HwMagicModeBase@9a5cb7a
02-10 11:56:21.398  2580  9122 I HWMW_HwMagicActivityStarter: overrideIntentForHwMagicWin return, shouldn't enter magic window or isOtherMultiWinOptions
02-10 11:56:21.398  2580  9122 I HWMW_HwMagicWinAmsPolicy: overrideIntentForHwMagicWin result: Bundle[{}]
02-10 11:56:21.399  2580  8561 W TaskStackActivitiesFilter: appFilter no data
02-10 11:56:21.399  2580  8561 D TaskStackActivitiesFilter: whiteAppFilter no data
02-10 11:56:21.399  2580  8561 D TaskStackActivitiesFilter: listNum com.hihonor.coauthservice 1
02-10 11:56:21.400  2580  8561 I ActivityManager: Killing 8736:com.hihonor.coauthservice/u0a92 (adj 915): iAwareR[LowMem](cch-empty) 8022ms
02-10 11:56:21.400  2580  2858 I CollectDataProc: [activity restore]  com.hihonor.coauthservice [killed reason] iAwareR[LowMem]
02-10 11:56:21.401  2580  2618 I DE J DES: [effect] MEMC do nothing
02-10 11:56:21.401  2580  9122 I TransitionController: setReady falase, wc: Task{9d7a625 #632 type=standard A=1000:com.android.settings} com.android.server.wm.TaskFragment.startPausing:2121 com.android.server.wm.TaskFragment.resumeTopActivity:1471 com.android.server.wm.Task.resumeTopActivityInnerLocked:6915 com.android.server.wm.Task.resumeTopActivityUncheckedLocked:6810 com.android.server.wm.RootWindowContainer.resumeFocusedTasksTopActivities:2816 com.android.server.wm.ActivityStarter.startActivityInner:2808 com.android.server.wm.ActivityStarter.startActivityUnchecked:2048 com.android.server.wm.ActivityStarter.executeRequest:1793 com.android.server.wm.HwActivityStarter.executeRequest:352 com.android.server.wm.ActivityStarter.execute:1001 com.android.server.wm.HwActivityStarter.execute:683 com.android.server.wm.ActivityTaskManagerService.startActivityAsUser:1565 com.android.server.wm.ActivityTaskManagerService.startActivityAsUser:1516 com.android.server.wm.ActivityTaskManagerService.startActivity:1491 android.app.IActivityTaskManager$Stub.onTransact:983 
02-10 11:56:21.401  2580  3007 W HwAudioServiceEx: SoundEffectState bundle get reserved is invalid
02-10 11:56:21.402  2580  9122 I StatusBarManagerService: collapsePanels2 by :2580
02-10 11:56:21.402  2580  9122 E WMTransition: Trying to add a ready-group twice: Display{#0 state=ON size=1920x1200 ROTATION_90}
02-10 11:56:21.404  2580  9122 I ActivityTaskManager:  (BAL_ALLOW_ALLOWLISTED_UID) result code=0
02-10 11:56:21.405  3141  3233 I WindowManagerShell: Transition requested: android.os.BinderProxy@db13282 null
02-10 11:56:21.406  9097  9097 D RtgSched: resetRtgSchedHandle failed enable:1
02-10 11:56:21.407  2580  2773 D HwWindowManagerServiceEx: recompute display mode
02-10 11:56:21.408  2580  2773 D HwWindowManagerServiceEx: recompute display mode
02-10 11:56:21.408  2580  3060 I ActivityManager: ProcessRecord to clean, name: com.hihonor.coauthservice, uid: 10092, app: ProcessRecord{b92376f 8736:com.hihonor.coauthservice/u0a92}
02-10 11:56:21.408  2580  2773 D HwWindowManagerServiceEx: recompute display mode
02-10 11:56:21.409  2580  2773 D HwWindowManagerServiceEx: recompute display mode
02-10 11:56:21.409  2580  2773 D HwWindowManagerServiceEx: recompute display mode
02-10 11:56:21.409  2580  2773 D HwWindowManagerServiceEx: recompute display mode
02-10 11:56:21.410  2580  2773 I WindowManager: applyPostLayoutPolicyLw# 2 win: Window{6d39ae7 u0 com.android.settings/com.android.settings.HWSettings}
02-10 11:56:21.413  2580  9122 I HnVibratorManagerService: isSupportHwVibrator type:haptic.common.click_medium, isSupport:-1
02-10 11:56:21.419  2580  2773 D HwWindowManagerServiceEx: recompute display mode
02-10 11:56:21.420  2580  2608 I HwBrightnessPgSceneDetection: isHealthEyeWhenFlod() sIsContainsFoldPkgfalse
02-10 11:56:21.420  2580  2773 I WindowManager: handleTopActivityLaunchingInDifferentOrientation background visible activity to cover config
02-10 11:56:21.421  2580  2773 D HwWindowManagerServiceEx: recompute display mode
02-10 11:56:21.421  2580  2773 D HwWindowManagerServiceEx: recompute display mode
02-10 11:56:21.423  2580  3060 D HWMW_HwMagicWindowConfig: this product do not support magic window unlock false
02-10 11:56:21.423  2580  3060 I HWMW_HwMagicWinAmsPolicy: onProcessDied return, container: com.android.server.wm.HwMagicLocalContainer@d503838
02-10 11:56:21.424  2580  3007 W HwAudioServiceEx: SoundEffectState bundle get reserved is invalid
02-10 11:56:21.424  3141  3263 I VRI[settings]: dispatchDetachedFromWindow in doDie
02-10 11:56:21.424  2580  2618 I HwPowerManagerService: appdie release wakelock, pid = 8736, uid = 10092
02-10 11:56:21.425  2580  3250 I WindowManager: removeLeash, the window position need update Window{6d39ae7 u0 com.android.settings/com.android.settings.HWSettings}
02-10 11:56:21.425  2580  3250 I hnWindowInfomationUpdate: toSaveActivityMode start ...title=com.android.settings/com.android.settings.HWSettings,returnNum=1isVisible=true
02-10 11:56:21.425  2580  3250 I hnWindowInfomationUpdate: toSaveActivityMode start ...mShownWindowMap.size()=1
02-10 11:56:21.431  2580  2606 D DisplayManagerService: Drop pending events for gone uid 10092
02-10 11:56:21.437  2580  3250 D HwWindowManagerServiceEx: recompute display mode
02-10 11:56:21.437  2580  3250 D HwWindowManagerServiceEx: recompute display mode
02-10 11:56:21.437  2580  3250 D HwWindowManagerServiceEx: recompute display mode
02-10 11:56:21.437  2580  3250 D HwWindowManagerServiceEx: recompute display mode
02-10 11:56:21.437  2580  3250 D HwWindowManagerServiceEx: recompute display mode
02-10 11:56:21.437  2580  3250 D HwWindowManagerServiceEx: recompute display mode
02-10 11:56:21.437  2580  3250 I WindowManager: applyPostLayoutPolicyLw# 2 win: Window{6d39ae7 u0 com.android.settings/com.android.settings.HWSettings}
02-10 11:56:21.441  2580  2608 I HwBrightnessPgSceneDetection: isHealthEyeWhenFlod() sIsContainsFoldPkgfalse
02-10 11:56:21.442  2580  2609 I WindowManager: applyPostLayoutPolicyLw# 2 win: Window{6d39ae7 u0 com.android.settings/com.android.settings.HWSettings}
02-10 11:56:21.444  2580  2608 I HwBrightnessPgSceneDetection: isHealthEyeWhenFlod() sIsContainsFoldPkgfalse
02-10 11:56:21.445  2580  2608 I UsageStatsService: reportEvent : component= ComponentInfo{com.android.settings/com.android.settings.HWSettings} eventType= 2
02-10 11:56:21.446  2580  5181 I ActivityTaskManager: Making visible and scheduling visibility: ActivityRecord{7634718 u0 com.android.settings/.Settings$WifiSettingsActivity t632 mVisible=false mOccludesParent=false mode=fullscreen boundsRect(0, 0 - 1920, 1200)}
02-10 11:56:21.446  2580  5181 D HwWindowManagerServiceEx: recompute display mode
02-10 11:56:21.446  2580  5181 I WindowManager: handleTopActivityLaunchingInDifferentOrientation background visible activity to cover config
02-10 11:56:21.446  2580  5181 D HwWindowManagerServiceEx: recompute display mode
02-10 11:56:21.446  2580  5181 I WindowManager: handleTopActivityLaunchingInDifferentOrientation background visible activity to cover config
02-10 11:56:21.448  2580  5181 E HwActivityTaskManagerServiceEx: invalid ActivityRecord, error.
02-10 11:56:21.448  2580  5181 E HwActivityTaskManagerServiceEx: parse activity info error.
02-10 11:56:21.449  2580  5181 D HwWindowManagerServiceEx: recompute display mode
02-10 11:56:21.449  2580  2608 I UsageStatsService: reportEvent : component= ComponentInfo{com.android.settings/com.android.settings.Settings$WifiSettingsActivity} eventType= 1
02-10 11:56:21.449  2580  5181 D HwWindowManagerServiceEx: recompute display mode
02-10 11:56:21.449  2580  5181 D HwWindowManagerServiceEx: recompute display mode
02-10 11:56:21.449  2580  5181 D HwWindowManagerServiceEx: recompute display mode
02-10 11:56:21.449  2580  5181 I WindowManager: applyPostLayoutPolicyLw# 2 win: Window{6d39ae7 u0 com.android.settings/com.android.settings.HWSettings}
02-10 11:56:21.451  2580  2608 I HwBrightnessPgSceneDetection: isHealthEyeWhenFlod() sIsContainsFoldPkgfalse
02-10 11:56:21.452  2580  2773 D CoreBackPreview: Window{7ca935b u0 Splash Screen com.android.settings EXITING}: Setting back callback null
02-10 11:56:21.453  2580  2608 W ActivityManager: setHasOverlayUi called on unknown pid: 8736
02-10 11:56:21.459  9097  9097 V ActivityThread: Handling launch of ActivityRecord{db9dbbf token=android.os.BinderProxy@28aadde {com.android.settings/com.android.settings.Settings$WifiSettingsActivity}}
02-10 11:56:21.470  9097  9097 V ActivityThread: callActivityOnCreate
02-10 11:56:21.473  2580  5181 I HWMW_HwMagicWinAmsPolicy: ### Execute -> isPreDeviceStateChanging true ActivityRecord{7634718 u0 com.android.settings/.Settings$WifiSettingsActivity t632 mVisible=false mOccludesParent=false mode=fullscreen boundsRect(0, 0 - 1920, 1200)}
02-10 11:56:21.473  2580  5181 I HWMW_HwMagicWinAmsPolicy: isPreDeviceStateChanging, result: Bundle[{RESULT_IS_PRE_DEVICE_STATE_CHANGING=false}]
02-10 11:56:21.539  2580  2609 I WindowManager: removeLeash, the window position need update Window{7ca935b u0 Splash Screen com.android.settings EXITING}
02-10 11:56:21.540  2580  2609 I hnWindowInfomationUpdate: addOrUpdateWindowInformation end ... 
02-10 11:56:21.542  2580  2609 I hnWindowInfomationUpdate: addOrUpdateWindowInformation end ... 
02-10 11:56:21.545  2580  2609 I WindowManager: setSurfaceControl null, caller = com.android.server.wm.WindowContainer.removeImmediately:874 com.android.server.wm.WindowState.removeImmediately:3017 com.android.server.wm.WindowState.destroySurface:4314 com.android.server.wm.WindowState.onExitAnimationDone:5955 com.android.server.wm.WindowStateAnimator.onAnimationFinished:250 com.android.server.wm.WindowState.onAnimationFinished:6244 com.android.server.wm.WindowContainer$$ExternalSyntheticLambda4.onAnimationFinished:0 com.android.server.wm.SurfaceAnimator.lambda$getFinishedCallback$0:166 com.android.server.wm.SurfaceAnimator.$r8$lambda$eYT7rjaBOE8bCIRq043wVzQ_RTM:0 com.android.server.wm.SurfaceAnimator$$ExternalSyntheticLambda1.run:0 
02-10 11:56:21.546  2580  2609 D HwWindowManagerServiceEx: recompute display mode
02-10 11:56:21.546  2580  2609 D HwWindowManagerServiceEx: recompute display mode
02-10 11:56:21.547  2580  2609 D HwWindowManagerServiceEx: recompute display mode
02-10 11:56:21.547  2580  2609 D HwWindowManagerServiceEx: recompute display mode
02-10 11:56:21.547  2580  2609 D HwWindowManagerServiceEx: recompute display mode
02-10 11:56:21.547  2580  2609 I WindowManager: applyPostLayoutPolicyLw# 2 win: Window{6d39ae7 u0 com.android.settings/com.android.settings.HWSettings}
02-10 11:56:21.547  2580  2609 I WindowManager: removeLeash, the window position need update Window{a6e22cc u0 StatusBar}
02-10 11:56:21.550  2580  2609 I WindowManager: removeLeash, the window position need update Window{3618320 u0 NavigationBar0}
02-10 11:56:21.556  2580  2609 D HwWindowManagerServiceEx: recompute display mode
02-10 11:56:21.557  2580  2608 I HwBrightnessPgSceneDetection: isHealthEyeWhenFlod() sIsContainsFoldPkgfalse
02-10 11:56:21.558  2580  2609 I WindowManager: applyPostLayoutPolicyLw# 2 win: Window{6d39ae7 u0 com.android.settings/com.android.settings.HWSettings}
02-10 11:56:21.559  2580  2608 I HwBrightnessPgSceneDetection: isHealthEyeWhenFlod() sIsContainsFoldPkgfalse
02-10 11:56:21.565  2580  2773 I HwGeneralService: readProtectArea: callingPid is 9097,callingUid is 1000
02-10 11:56:21.575  2580  2773 E HwProtectAreaService: nativeReadProtectAreaJava:error ret is -1 !
02-10 11:56:21.660  2580  2773 E UserRestrictionsUtils: Unknown restriction queried by uid 1000 (com.android.localtransport et al): null
02-10 11:56:21.667  2580  2773 E UserRestrictionsUtils: Unknown restriction queried by uid 1000 (com.android.localtransport et al): null
02-10 11:56:21.668  2580  2773 E UserRestrictionsUtils: Unknown restriction queried by uid 1000 (com.android.localtransport et al): null
02-10 11:56:21.674  9097  9097 W ContextImpl: Calling a method in the system process without a qualified user: android.app.ContextImpl.bindService:2124 android.content.ContextWrapper.bindService:861 com.android.settings.wifi.WifiSettingsHwBase.W2:28 com.android.settings.wifi.WifiSettings.onCreate:174 androidx.fragment.app.Fragment.performCreate:22 
02-10 11:56:21.675  2580  2775 W ActivityManager: Unable to start service Intent { act=com.hihonor.instantonline.action.INSTANTONLINE_SERVICE pkg=com.hihonor.android.instantonline } U=0: not found
02-10 11:56:21.727  9097  9097 I ActivityThread: add activity client record, r= ActivityRecord{db9dbbf token=android.os.BinderProxy@28aadde {com.android.settings/com.android.settings.Settings$WifiSettingsActivity}} token= android.os.BinderProxy@28aadde
02-10 11:56:21.735  2580  5182 I HnVibratorManagerService: isSupportHwVibrator type:haptic.common.long_press_context_menu, isSupport:-1
02-10 11:56:21.785  2580  5181 I HwNormalizedRampAnimator: onEvent, frameRate=60
02-10 11:56:21.785  2580  5181 I HwNormalizedRampAnimator: onEvent, frameRate=60
02-10 11:56:21.785  2580  5181 I HwNormalizedRampAnimator: onEvent, frameRate=60
02-10 11:56:21.800  2580  5182 I HnVibratorManagerService: isSupportHwVibrator type:haptic.common.slide_pull_refresh, isSupport:-1
02-10 11:56:21.800  2580  5181 I HnVibratorManagerService: isSupportHwVibrator type:haptic.common.slide_pull_refresh, isSupport:-1
02-10 11:56:21.855  2580  5181 D CompatibilityChangeReporter: Compat change id reported: 319212206; UID 1000; state: DISABLED
02-10 11:56:21.861  2580  2775 I PackageManager: setEnabledSetting pkg:com.android.settings, className:com.android.settings.fingerprint.FingerprintMainSettingsActivity, newState:1, flags:1, userId:0, CallingPid:9097, CallingUid:1000
02-10 11:56:21.861  2580  2773 I PackageManager: setEnabledSetting pkg:com.android.settings, className:com.android.settings.fingerprint.FingerprintSettingsActivity, newState:1, flags:1, userId:0, CallingPid:9097, CallingUid:1000
02-10 11:56:21.875  2580  2775 I HWMW_HwMagicWinAmsPolicy: ### Execute -> isPreDeviceStateChanging true ActivityRecord{7634718 u0 com.android.settings/.Settings$WifiSettingsActivity t632 mVisible=false mOccludesParent=false mode=fullscreen boundsRect(0, 0 - 1920, 1200)}
02-10 11:56:21.875  2580  2775 I HWMW_HwMagicWinAmsPolicy: isPreDeviceStateChanging, result: Bundle[{RESULT_IS_PRE_DEVICE_STATE_CHANGING=false}]
02-10 11:56:21.876  2580  5181 D HwWindowStateEx: construct win com.android.server.wm.HwWindowStateEx@4b558b5,comp ComponentInfo{com.android.settings/com.android.settings.Settings$WifiSettingsActivity},mLayoutInCutoutLandscape false
02-10 11:56:21.877  2580  5181 V WindowManager: Attaching Window{33c1b4a u0 com.android.settings/com.android.settings.Settings$WifiSettingsActivity} token=ActivityRecord{7634718 u0 com.android.settings/.Settings$WifiSettingsActivity t632 mVisible=false mOccludesParent=false mode=fullscreen boundsRect(0, 0 - 1920, 1200)}
02-10 11:56:21.879  2580  5181 D HwWindowManagerServiceEx: recompute display mode
02-10 11:56:21.879  2580  5181 D HwWindowManagerServiceEx: recompute display mode
02-10 11:56:21.881  2580  2775 I HwActivityTaskManagerServiceEx: dispatchActivityLifeState hwmw_resume
02-10 11:56:21.881  2580  2775 I HWMW_HwMagicActivityLifeManager: ### Execute -> resumeActivityForHwMagicWin ActivityRecord resumeActivity = ActivityRecord{7634718 u0 com.android.settings/.Settings$WifiSettingsActivity t632 mVisible=false mOccludesParent=false mode=fullscreen boundsRect(0, 0 - 1920, 1200)} isInFoldedStatus:false
02-10 11:56:21.881  2580  2775 I HWMW_HwMagicActivityLifeManager: updateStatusBar
02-10 11:56:21.881  2580  2775 I HWMW_HwMagicActivityLifeManager: resumeActivityForHwMagicWin return, resumeActivity: ActivityRecord{7634718 u0 com.android.settings/.Settings$WifiSettingsActivity t632 mVisible=false mOccludesParent=false mode=fullscreen boundsRect(0, 0 - 1920, 1200)}
02-10 11:56:21.882  2580  3007 W HwAudioServiceEx: SoundEffectState bundle get reserved is invalid
02-10 11:56:21.882  2580  2618 I DE J DES: [effect] now QR status:CLOSE
02-10 11:56:21.882  2580  2618 I DE J DES: [effect] MEMC do nothing
02-10 11:56:21.887  2580  2608 V LocalDisplayAdapter: getDisplayDeviceInfoLocked called,1200x1920, 1200x1920displayCutout null, roundedCorners null
02-10 11:56:21.887  2580  2608 I DisplayDeviceRepository: Display device changed: DisplayDeviceInfo{"Pantalla integrada": uniqueId="local:4630946403464778881", 1200 x 1920, modeId 2, renderFrameRate 60.000004, defaultModeId 2, supportedModes [{id=1, width=1200, height=1920, fps=90.0, alternativeRefreshRates=[60.000004], supportedHdrTypes=[]}, {id=2, width=1200, height=1920, fps=60.000004, alternativeRefreshRates=[90.0], supportedHdrTypes=[]}], colorMode 0, supportedColorModes [0], hdrCapabilities HdrCapabilities{mSupportedHdrTypes=[], mMaxLuminance=500.0, mMaxAverageLuminance=500.0, mMinLuminance=0.0}, allmSupported false, gameContentTypeSupported false, density 280, 207.346 x 206.644 dpi, appVsyncOff 1000000, presDeadline 16666666, touch INTERNAL, rotation 0, type INTERNAL, address {port=129, model=0x40446d37d86414}, deviceProductInfo DeviceProductInfo{name=, manufacturerPnpId=QCM, productId=1, modelYear=null, manufactureDate=ManufactureDate{week=27, year=2006}, connectionToSinkType=0}, state ON, committedState ON, frameRateOverride , brightnessMinimum 0.0, brightnessMaximum 1.0, brightnessDefault 0.12941177, hdrSdrRatio NaN, FLAG_ALLOWED_TO_BE_DEFAULT_DISPLAY, FLAG_ROTATES_WITH_CONTENT, FLAG_SECURE, FLAG_SUPPORTS_PROTECTED_BUFFERS, FLAG_TRUSTED, installOrientation 0, displayShape DisplayShape{ spec=1237991957 displayWidth=1200 displayHeight=1920 physicalPixelDisplaySizeRatio=1.0 rotation=0 offsetX=0 offsetY=0 scale=1.0}}
02-10 11:56:21.891  2580  2580 I HwMultiDisplayManager: onDisplayChanged: 0
02-10 11:56:21.894  2580  2606 I HwActivityTaskSupervisorEx: handleVrDisplayChanged displayId = 0
02-10 11:56:21.894  2580  2606 W HwActivityTaskSupervisorEx: handleVrDisplayChanged other vr mode displayId: 0
02-10 11:56:21.895  2580  2609 W WindowManager: REFRESH_STATUS_BAR_ATTRS Window{33c1b4a u0 com.android.settings/com.android.settings.Settings$WifiSettingsActivity} frame is 1*1, can NOT affect SystemUiFlags!
02-10 11:56:21.895  2580  2609 I WindowManager: applyPostLayoutPolicyLw# 2 win: Window{6d39ae7 u0 com.android.settings/com.android.settings.HWSettings}
02-10 11:56:21.897  2580  2609 I LogicalDisplay: configureDisplayLocked mTempLayerStackRect=Rect(0, 0 - 1920, 1200) mTempDisplayRect=Rect(0, 0 - 1920, 1200) orientation = 1 mDisplayId=0
02-10 11:56:21.898  2580  2609 I HwWindowStateEx: isNeedWaitBaseActivityShown baseWindowState = Window{6d39ae7 u0 com.android.settings/com.android.settings.HWSettings}
02-10 11:56:21.899  2580  2775 D CoreBackPreview: Window{33c1b4a u0 com.android.settings/com.android.settings.Settings$WifiSettingsActivity}: Setting back callback OnBackInvokedCallbackInfo{mCallback=android.window.IOnBackInvokedCallback$Stub$Proxy@223df0, mPriority=0, mIsAnimationCallback=false}
02-10 11:56:21.904  2580  2609 W WindowManager: REFRESH_STATUS_BAR_ATTRS Window{33c1b4a u0 com.android.settings/com.android.settings.Settings$WifiSettingsActivity} frame is 1*1, can NOT affect SystemUiFlags!
02-10 11:56:21.904  2580  2609 I WindowManager: applyPostLayoutPolicyLw# 2 win: Window{6d39ae7 u0 com.android.settings/com.android.settings.HWSettings}
02-10 11:56:21.904  2580  2608 I HwBrightnessPgSceneDetection: isHealthEyeWhenFlod() sIsContainsFoldPkgfalse
02-10 11:56:21.907  2580  2609 I HwWindowStateEx: isNeedWaitBaseActivityShown baseWindowState = Window{6d39ae7 u0 com.android.settings/com.android.settings.HWSettings}
02-10 11:56:21.908  2580  2608 I HwBrightnessPgSceneDetection: isHealthEyeWhenFlod() sIsContainsFoldPkgfalse
02-10 11:56:21.910  2580 11313 D HwWindowManagerServiceEx: recompute display mode
02-10 11:56:21.910  2580 11313 D HwWindowManagerServiceEx: recompute display mode
02-10 11:56:21.911  2580 11313 D HwWindowManagerServiceEx: recompute display mode
02-10 11:56:21.911  2580 11313 D HwWindowManagerServiceEx: recompute display mode
02-10 11:56:21.911  2580 11313 D HwWindowManagerServiceEx: recompute display mode
02-10 11:56:21.911  2580 11313 D HwWindowManagerServiceEx: recompute display mode
02-10 11:56:21.911  2580 11313 I WindowManager: applyPostLayoutPolicyLw# 2 win: Window{6d39ae7 u0 com.android.settings/com.android.settings.HWSettings}
02-10 11:56:21.913  2580 11313 I HwWindowStateEx: isNeedWaitBaseActivityShown baseWindowState = Window{6d39ae7 u0 com.android.settings/com.android.settings.HWSettings}
02-10 11:56:21.913  2580  2608 I HwBrightnessPgSceneDetection: isHealthEyeWhenFlod() sIsContainsFoldPkgfalse
02-10 11:56:21.914  2580 11313 I WindowManager: Changing focus from null to Window{33c1b4a u0 com.android.settings/com.android.settings.Settings$WifiSettingsActivity} mode 0 displayId=0
02-10 11:56:21.914  2580  2858 D HwActivityManagerServiceEx: getPackageNameForPid callingAppId: 1000
02-10 11:56:21.914  2580 11313 V HwPhoneWindowManager: updateSystemUiColorLw window=Window{33c1b4a u0 com.android.settings/com.android.settings.Settings$WifiSettingsActivity},MagicStyle=1,StatusBarColor=0x0,NavigationBarColor=0x0, mForceNotchStatusBar=false
02-10 11:56:21.915  2580 11313 I WindowManager: removeLeash, the window position need update Window{a6e22cc u0 StatusBar}
02-10 11:56:21.915  3141  5207 I HwCommandQueue: updateBarBgColor
02-10 11:56:21.915  3141  5207 D HwCommandQueue: CommandQueue, setBarBackgroundColor
02-10 11:56:21.917  2580 11313 I WindowManager: removeLeash, the window position need update Window{3618320 u0 NavigationBar0}
02-10 11:56:21.918  2580 11313 I HwDisplayContentEx: currentFocus windowstate not null
02-10 11:56:21.918  2580 11313 E ZrHung.AppEyeFocusWindow: cancel check
02-10 11:56:21.918  2580 11313 I HwDisplayContentEx: trans currentFocus windowstate not null
02-10 11:56:21.918  2580 11313 D HwWindowManagerServiceEx: recompute display mode
02-10 11:56:21.919  2580 11313 I WindowManager: handleTopActivityLaunchingInDifferentOrientation background visible activity to cover config
02-10 11:56:21.919  2580 11313 D HwWindowManagerServiceEx: recompute display mode
02-10 11:56:21.919  2580 11313 D HwWindowManagerServiceEx: recompute display mode
02-10 11:56:21.923  2580  2609 D HwWindowManagerServiceEx: recompute display mode
02-10 11:56:21.923  2580  2609 D HwWindowManagerServiceEx: recompute display mode
02-10 11:56:21.924  2580  3007 I HwAudioServiceEx: HwAudioHandlerEx receive unknown msg
02-10 11:56:21.945  2580  2609 D HwWindowManagerServiceEx: recompute display mode
02-10 11:56:21.945  2580  2609 D HwWindowManagerServiceEx: recompute display mode
02-10 11:56:21.946  2580  2609 D HwWindowManagerServiceEx: recompute display mode
02-10 11:56:21.946  2580  2609 D HwWindowManagerServiceEx: recompute display mode
02-10 11:56:21.946  2580  2609 D HwWindowManagerServiceEx: recompute display mode
02-10 11:56:21.946  2580  2609 D HwWindowManagerServiceEx: recompute display mode
02-10 11:56:21.947  2580  2609 I WindowManager: applyPostLayoutPolicyLw# 2 win: Window{6d39ae7 u0 com.android.settings/com.android.settings.HWSettings}
02-10 11:56:21.950  2580  2609 I HwWindowStateEx: isNeedWaitBaseActivityShown baseWindowState = Window{6d39ae7 u0 com.android.settings/com.android.settings.HWSettings}
02-10 11:56:21.951  2580  2609 I ActivityTaskManager: send PROCESS_STOPPING_AND_FINISHING_MSG
02-10 11:56:21.952  2580  2609 I hnWindowInfomationUpdate: toSaveActivityMode start ...title=com.android.settings/com.android.settings.Settings$WifiSettingsActivity,returnNum=1isVisible=true
02-10 11:56:21.952  2580  2609 I hnWindowInfomationUpdate: toSaveActivityMode start ...mShownWindowMap.size()=2
02-10 11:56:21.952  2580  2609 I hnWindowInfomationUpdate: addOrUpdateWindowInformation end ... 
02-10 11:56:21.952  2580  2609 I WMTransition: Start calculating TransitionInfo based on participants: {ActivityRecord{7634718 u0 com.android.settings/.Settings$WifiSettingsActivity t632 mVisible=true mOccludesParent=false mode=fullscreen boundsRect(0, 0 - 1920, 1200)}}
02-10 11:56:21.953  2580  2609 I WMTransition: Initial targets: {745=ActivityRecord{7634718 u0 com.android.settings/.Settings$WifiSettingsActivity t632 mVisible=true mOccludesParent=false mode=fullscreen boundsRect(0, 0 - 1920, 1200)}}
02-10 11:56:21.953  2580  2609 I WMTransition: Final targets: [ActivityRecord{7634718 u0 com.android.settings/.Settings$WifiSettingsActivity t632 mVisible=true mOccludesParent=false mode=fullscreen boundsRect(0, 0 - 1920, 1200)}]
02-10 11:56:21.955  2580  2609 I ActivityTaskManager: cropRectForSplitMode frameRect Rect(768, 0 - 1920, 1200)
02-10 11:56:21.955  2580  2609 D HwWindowManagerServiceEx: constructHnTransitionAnimationInfo wc size : 1
02-10 11:56:21.955  2580  2609 I HwWindowManagerServiceEx: constructHnTransitionAnimationInfo type: open activity : ActivityRecord{7634718 u0 com.android.settings/.Settings$WifiSettingsActivity t632 mVisible=true mOccludesParent=false mode=fullscreen boundsRect(0, 0 - 1920, 1200)}
02-10 11:56:21.955  2580  2609 D HwWindowManagerServiceEx: mIntelligentCardPosition = null
02-10 11:56:21.955  2580  2609 I HnTransitionEx: isActivityInRecentsTransient :false
02-10 11:56:21.956  2580  2609 D HwMultiWindowManager: setParticialSplitScreenStatus: status=false
02-10 11:56:21.957  2580  2609 I WindowManager: Win Window{4b368ca u0 NotificationShade}, animationWallpaper=false, hasWallpaper=false, w.isOnScreen()=false, w.isDrawFinishedLw()=false
02-10 11:56:21.957  2580  2609 D HwWindowManagerServiceEx: recompute display mode
02-10 11:56:21.957  2580  2609 D HwWindowManagerServiceEx: recompute display mode
02-10 11:56:21.958  2580  2609 D HwWindowManagerServiceEx: recompute display mode
02-10 11:56:21.958  2580  2609 D HwWindowManagerServiceEx: recompute display mode
02-10 11:56:21.958  2580  2609 D HwWindowManagerServiceEx: recompute display mode
02-10 11:56:21.958  2580  2609 D HwWindowManagerServiceEx: recompute display mode
02-10 11:56:21.958  2580  2605 V WindowManager: Sent Transition #2152 createdAt=02-10 11:56:21.388 via request=TransitionRequestInfo { type = OPEN, triggerTask = TaskInfo{userId=0 taskId=632 displayId=0 isRunning=true baseIntent=Intent { act=android.intent.action.MAIN cat=[android.intent.category.LAUNCHER] flg=0x10200000 cmp=com.android.settings/.HWSettings } baseActivity=ComponentInfo{com.android.settings/com.android.settings.HWSettings} topActivity=ComponentInfo{com.android.settings/com.android.settings.Settings$WifiSettingsActivity} origActivity=ComponentInfo{com.android.settings/com.android.settings.HWSettings} realActivity=ComponentInfo{com.android.settings/com.android.settings.HWSettings} numActivities=2 lastActiveTime=1935369609 isSupportsHwFreeForm=false appOrientationPolicy=1 affinity=1000:com.android.settings freeformPaddingType=0 shouldFreeformSetSurfaceCorner=false supportsHnSplitScreenMultiWindow=false supportsHnTopBotSplitScreenfalse supportsMultiWindow=true resizeMode=2 isResizeable=false minWidth=-1 minHeight=-1 defaultMinSize=220 token=WCT{RemoteToken{b3d524c Task{9d7a625 #632 type=standard A=1000:com.android.settings}}} topActivityType=1 pictureInPictureParams=null isAutoRemoveRecents=false shouldDockBigOverlays=false launchIntoPipHostTaskId=-1 lastParentTaskIdBeforePip=-1 displayCutoutSafeInsets=null topActivityInfo=ActivityInfo{93dbafb com.android.settings.Settings$WifiSettingsActivity} windowMode=1 launchCookies=[] positionInParent=Point(0, 0) parentTaskId=-1 isFocused=true isVisible=true isFreeformEnterPip=false isVisibleRequested=true isSleeping=false topActivityInSizeCompat=false topActivityEligibleForLetterboxEducation= false topActivityLetterboxed= false isFromDoubleTap= false topActivityLetterboxVerticalPosition= -1 topActivityLetterboxHorizontalPosition= -1 topActivityLetterboxWidth=-1 topActivityLetterboxHeight=-1 locusId=null displayAreaFeatureId=1 cameraCompatControlState=hidden targetScaleForVerticalInwardFold=1.0}, remoteTransition = null, displayChange = null }
02-10 11:56:21.958  2580  2609 I WindowManager: applyPostLayoutPolicyLw# 2 win: Window{6d39ae7 u0 com.android.settings/com.android.settings.HWSettings}
02-10 11:56:21.958  2580  2605 V WindowManager:     startWCT=WindowContainerTransaction { changes = {} hops = [] errorCallbackToken=null taskFragmentOrganizer=null }
02-10 11:56:21.958  2580  2605 V WindowManager:     info={id=2152 t=OPEN f=0x0 trk=0 includeEmbeddedWindow=false isKeyGuardLocked=false r=[0@Point(0, 0)#true] c=[{null m=OPEN f=TRANSLUCENT|FILLS_TASK leash=Surface(name=ActivityRecord{7634718 u0 com.android.settings/.Settings$WifiSettingsActivity t632 mVisible=false mOccludesParent=false mode=fullscreen boundsRect(0, 0 - 1920, 1200)})/@0xdabdb08 sb=Rect(0, 0 - 0, 0) eb=Rect(0, 0 - 1920, 1200) d=-1->0 r=-1->1:-1 mSkipAnimation=false taskId = 632}]}
02-10 11:56:21.960  3141  3233 I WindowManagerShell: onTransitionReady android.os.BinderProxy@db13282: {id=2152 t=OPEN f=0x0 trk=0 includeEmbeddedWindow=false isKeyGuardLocked=false r=[0@Point(0, 0)#true] c=[{null m=OPEN f=TRANSLUCENT|FILLS_TASK leash=Surface(name=ActivityRecord{7634718 u0 com.android.settings/.Settings$WifiSettingsActivity t632 mVisible=false mOccludesParent=false mode=fullscreen boundsRect(0, 0 - 1920, 1200)})/@0xfde55c9 sb=Rect(0, 0 - 0, 0) eb=Rect(0, 0 - 1920, 1200) d=-1->0 r=-1->1:-1 mSkipAnimation=false taskId = 632}]}
02-10 11:56:21.961  3141  3233 I ShellTransitions: Transition ready: (#2152)android.os.BinderProxy@db13282@0 abort? false and playing: null
02-10 11:56:21.961  3141  3233 I WindowManagerShell: Playing animation for (#2152)android.os.BinderProxy@db13282@0
02-10 11:56:21.961  3141  3233 V WindowManagerShell:  try handler com.android.wm.shell.hnmultiwindow.MultiWindowTransitionHandler@3330df3
02-10 11:56:21.961  3141  3233 I MultiWindowTransitionHandler: shouldStartAnimation: false TransitionInfo: {id=2152 t=OPEN f=0x0 trk=0 includeEmbeddedWindow=false isKeyGuardLocked=false r=[0@Point(0, 0)#true] c=[{null m=OPEN f=TRANSLUCENT|FILLS_TASK leash=Surface(name=ActivityRecord{7634718 u0 com.android.settings/.Settings$WifiSettingsActivity t632 mVisible=false mOccludesParent=false mode=fullscreen boundsRect(0, 0 - 1920, 1200)})/@0xfde55c9 sb=Rect(0, 0 - 0, 0) eb=Rect(0, 0 - 1920, 1200) d=-1->0 r=-1->1:-1 mSkipAnimation=false taskId = 632}]}
02-10 11:56:21.961  3141  3233 D MultiWindowTransitionHandler: transitType: 1
02-10 11:56:21.961  3141  3233 V WindowManagerShell:  try handler com.android.wm.shell.hnmagicwindow.HnMagicWindowTransitionController@7ef2ab0
02-10 11:56:21.961  3141  3233 V WindowManagerShell:  try handler com.android.wm.shell.activityembedding.ActivityEmbeddingController@3f6fd29
02-10 11:56:21.961  3141  3233 V WindowManagerShell:  try handler com.android.wm.shell.transition.DefaultMixedHandler@80278ae
02-10 11:56:21.961  3141  3233 V WindowManagerShell:  try handler com.android.wm.shell.keyguard.KeyguardTransitionHandler@e94842
02-10 11:56:21.961  3141  3233 V WindowManagerShell:  try handler com.android.wm.shell.recents.RecentsTransitionHandler@c641053
02-10 11:56:21.961  3141  3233 I ShellRecents: RecentsTransitionHandler.startAnimation: no controller found
02-10 11:56:21.961  3141  3233 V WindowManagerShell:  try handler com.android.wm.shell.pip.PipTransition@6c66d90
02-10 11:56:21.962  3141  3233 V WindowManagerShell:  try handler com.android.wm.shell.splitscreen.StageCoordinator@b70b530
02-10 11:56:21.962  3141  3233 V WindowManagerShell:  try handler com.android.wm.shell.freeform.FreeformTaskTransitionHandler@53eb689
02-10 11:56:21.962  3141  3233 V WindowManagerShell:  try handler com.android.wm.shell.transition.RemoteTransitionHandler@e47a68e
02-10 11:56:21.962  3141  3233 V WindowManagerShell: Transition doesn't have explicit remote, search filters for match for {id=2152 t=OPEN f=0x0 trk=0 includeEmbeddedWindow=false isKeyGuardLocked=false r=[0@Point(0, 0)#true] c=[{null m=OPEN f=TRANSLUCENT|FILLS_TASK leash=Surface(name=ActivityRecord{7634718 u0 com.android.settings/.Settings$WifiSettingsActivity t632 mVisible=false mOccludesParent=false mode=fullscreen boundsRect(0, 0 - 1920, 1200)})/@0xfde55c9 sb=Rect(0, 0 - 0, 0) eb=Rect(0, 0 - 1920, 1200) d=-1->0 r=-1->1:-1 mSkipAnimation=false taskId = 632}]}
02-10 11:56:21.962  3141  3233 V WindowManagerShell:  Checking filter Pair{{types=[] flags=0x0] notFlags=0x100 checks=[{atype=home independent=true modes=[OPEN,TO_FRONT] flags=NONE mustBeTask=false order=ANY topActivity=ComponentInfo{com.hihonor.android.launcher/com.hihonor.android.launcher.unihome.UniHomeLauncher}},{atype=standard independent=true modes=[CLOSE,TO_BACK] flags=NONE mustBeTask=false order=ANY topActivity=null},{NOT atype=standard independent=true modes=[] flags=TRANSLUCENT mustBeTask=false order=ANY topActivity=null}]} RemoteTransition { remoteTransition = android.window.IRemoteTransition$Stub$Proxy@b5fc13, backRemoteTransition = , appThread = android.app.IApplicationThread$Stub$Proxy@9fc4e50, debugName = QuickstepLaunchHome }}
02-10 11:56:21.962  3141  3233 V WindowManagerShell:  Checking filter Pair{{types=[] flags=0x0] notFlags=0x100 checks=[{atype=home independent=true modes=[OPEN,TO_FRONT] flags=NONE mustBeTask=false order=ANY topActivity=ComponentInfo{com.hihonor.android.launcher/com.hihonor.android.launcher.unihome.UniHomeLauncher}},{atype=standard independent=true modes=[CLOSE,TO_BACK] flags=NONE mustBeTask=false order=ANY topActivity=null},{NOT atype=standard independent=true modes=[] flags=TRANSLUCENT mustBeTask=false order=ANY topActivity=null}]} RemoteTransition { remoteTransition = android.window.IRemoteTransition$Stub$Proxy@ccc00b6, backRemoteTransition = , appThread = android.app.IApplicationThread$Stub$Proxy@dd7f1b7, debugName = QuickstepLaunchHome }}
02-10 11:56:21.963  3141  3233 V WindowManagerShell:  Checking filter Pair{{types=[] flags=0x0] notFlags=0x100 checks=[{atype=home independent=true modes=[OPEN,TO_FRONT] flags=NONE mustBeTask=false order=ANY topActivity=ComponentInfo{com.hihonor.android.launcher/com.hihonor.android.launcher.unihome.UniHomeLauncher}},{atype=standard independent=true modes=[CLOSE,TO_BACK] flags=NONE mustBeTask=false order=ANY topActivity=null},{NOT atype=standard independent=true modes=[] flags=TRANSLUCENT mustBeTask=false order=ANY topActivity=null}]} RemoteTransition { remoteTransition = android.window.IRemoteTransition$Stub$Proxy@1517070, backRemoteTransition = , appThread = android.app.IApplicationThread$Stub$Proxy@68f2fe9, debugName = QuickstepLaunchHome }}
02-10 11:56:21.963  9097  9097 I VRI[HWSettings]: setLayoutParams: not fullscreen caller = android.view.WindowManagerGlobal.updateViewLayout:521 android.view.WindowManagerImpl.updateViewLayout:184 android.app.Activity.onWindowAttributesChanged:4408 android.view.WindowCallbackWrapper.onWindowAttributesChanged:98 android.view.Window.dispatchWindowAttributesChanged:1375 com.android.internal.policy.PhoneWindow.dispatchWindowAttributesChanged:3355 android.view.Window.setFlags:1337 android.view.Window.clearFlags:1298 com.hihonor.settingslib.InputMethodEnableController.clearInputMethodFlag:22 com.hihonor.settingslib.InputMethodEnableController.a:1 
02-10 11:56:21.963  3141  3233 V WindowManagerShell:  Checking filter Pair{{types=[] flags=0x0] notFlags=0x100 checks=[{atype=home independent=true modes=[OPEN,TO_FRONT] flags=NONE mustBeTask=false order=ANY topActivity=ComponentInfo{com.hihonor.android.launcher/com.hihonor.android.launcher.unihome.UniHomeLauncher}},{atype=standard independent=true modes=[CLOSE,TO_BACK] flags=NONE mustBeTask=false order=ANY topActivity=null},{NOT atype=standard independent=true modes=[] flags=TRANSLUCENT mustBeTask=false order=ANY topActivity=null}]} RemoteTransition { remoteTransition = android.window.IRemoteTransition$Stub$Proxy@ba47a8e, backRemoteTransition = , appThread = android.app.IApplicationThread$Stub$Proxy@a33a2af, debugName = QuickstepLaunchHome }}
02-10 11:56:21.963  3141  3233 V WindowManagerShell:  Delegate animation for #2152 to null
02-10 11:56:21.964  3141  3233 E RemoteTransitionHandler: pending remote null
02-10 11:56:21.964  3141  3233 V WindowManagerShell:  try handler com.android.wm.shell.transition.DefaultTransitionHandler@1533245
02-10 11:56:21.964  3141  3233 I WindowManagerShell: start default transition animation, info = {id=2152 t=OPEN f=0x0 trk=0 includeEmbeddedWindow=false isKeyGuardLocked=false r=[0@Point(0, 0)#true] c=[{null m=OPEN f=TRANSLUCENT|FILLS_TASK leash=Surface(name=ActivityRecord{7634718 u0 com.android.settings/.Settings$WifiSettingsActivity t632 mVisible=false mOccludesParent=false mode=fullscreen boundsRect(0, 0 - 1920, 1200)})/@0xfde55c9 sb=Rect(0, 0 - 0, 0) eb=Rect(0, 0 - 1920, 1200) d=-1->0 r=-1->1:-1 mSkipAnimation=false taskId = 632}]}
02-10 11:56:21.965  3141  3233 I DefaultTransitionHandler: start default transition, wallpaperTransit: 0
02-10 11:56:21.965  2580  2618 I DE J DES: [effect] QR do nothing
02-10 11:56:21.965  2580  2618 I DE J DES: [effect] MEMC do nothing
02-10 11:56:21.966  2580  2608 I HwBrightnessPgSceneDetection: isHealthEyeWhenFlod() sIsContainsFoldPkgfalse
02-10 11:56:21.969  3141  3233 I DefaultTransitionHandler: loadAnimation: type=OPEN flags=0 changeMode=1 changeFlags=TRANSLUCENT|FILLS_TASK isOpeningType=true enter=true isTask=false overrideType=1 endBounds=Rect(0, 0 - 1920, 1200) options = { AnimationOptions type= ANIM_CUSTOM package=com.android.settings override=true b=Rect(0, 0 - 0, 0)}
02-10 11:56:21.967  2580  2608 I HwBrightnessPgSceneDetection: isHealthEyeWhenFlod() sIsContainsFoldPkgfalse
02-10 11:56:21.969  3141  3233 I DefaultTransitionHandler: load custom animation=0x0, pkg=com.android.settings
02-10 11:56:21.970  3141  3233 E DefaultTransitionHandler: animation res null, {null m=OPEN f=TRANSLUCENT|FILLS_TASK leash=Surface(name=ActivityRecord{7634718 u0 com.android.settings/.Settings$WifiSettingsActivity t632 mVisible=false mOccludesParent=false mode=fullscreen boundsRect(0, 0 - 1920, 1200)})/@0xfde55c9 sb=Rect(0, 0 - 0, 0) eb=Rect(0, 0 - 1920, 1200) d=-1->0 r=-1->1:-1 mSkipAnimation=false taskId = 632}
02-10 11:56:21.971  2580  5181 I WindowManager: LauncherPermanent keep UniHomeLauncher permanent
02-10 11:56:21.972  2580 11304 D NotificationListeners: Removing active service ComponentInfo{com.hihonor.android.launcher/com.hihonor.android.launcher.notification.NotificationListener}
02-10 11:56:21.972  2580  2608 I UsageStatsService: reportEvent : component= ComponentInfo{com.hihonor.android.launcher/com.hihonor.android.launcher.unihome.UniHomeLauncher} eventType= 23
02-10 11:56:21.972  2580  2609 I WindowManager: applyPostLayoutPolicyLw# 2 win: Window{6d39ae7 u0 com.android.settings/com.android.settings.HWSettings}
02-10 11:56:21.975  2580  5181 I ActivityManager: PendingStartActivityUids startActivity to updateOomAdj delay:1243ms, uid:1000
02-10 11:56:21.981  2580  4458 I AppEyeTopApp: handleTopAppChange, bg, disable pid=9612, uid=10102
02-10 11:56:21.982  3141  3233 I ShellTransitions: Active animation finished=(#2152)android.os.BinderProxy@db13282@0, merged=null, aborted=false
02-10 11:56:21.982  3141  3233 V WindowManagerShell: Transition animation finished (aborted=false), notifying core (#2152)android.os.BinderProxy@db13282@0
02-10 11:56:21.987  2580  2799 E ProcessInfoCollector: getProcessInfo: proc should not less than zero.
02-10 11:56:21.990  2580  5182 I BLASTSyncEngine: transaction commit callback: 2152
02-10 11:56:21.990  2580  9122 D HwWindowManagerServiceEx: recompute display mode
02-10 11:56:21.990  2580  3250 D HwActivityManagerServiceEx: getPackageNameForPid callingAppId: 1000
02-10 11:56:21.991  2580  9122 D HwWindowManagerServiceEx: recompute display mode
02-10 11:56:21.991  2580  2799 E ProcessInfoCollector: getProcessInfo: proc should not less than zero.
02-10 11:56:21.991  2580  9122 D HwWindowManagerServiceEx: recompute display mode
02-10 11:56:21.991  2580  9122 D HwWindowManagerServiceEx: recompute display mode
02-10 11:56:21.991  2580  9122 D HwWindowManagerServiceEx: recompute display mode
02-10 11:56:21.991  2580  9122 D HwWindowManagerServiceEx: recompute display mode
02-10 11:56:21.991  2580  2799 E ProcessInfoCollector: getProcessInfo: proc should not less than zero.
02-10 11:56:21.992  2580  2608 I HwBrightnessPgSceneDetection: isHealthEyeWhenFlod() sIsContainsFoldPkgfalse
02-10 11:56:21.992  2580  9122 I WindowManager: applyPostLayoutPolicyLw# 2 win: Window{6d39ae7 u0 com.android.settings/com.android.settings.HWSettings}
02-10 11:56:21.992  2580  2799 E ProcessInfoCollector: getProcessInfo: proc should not less than zero.
02-10 11:56:21.993  2580  2799 E ProcessInfoCollector: getProcessInfo: proc should not less than zero.
02-10 11:56:21.996  2580  9122 D HwWindowManagerServiceEx: recompute display mode
02-10 11:56:21.996  2580  9122 I WindowManager: handleTopActivityLaunchingInDifferentOrientation background visible activity to cover config
02-10 11:56:21.996  2580  2799 E ProcessInfoCollector: getProcessInfo: proc should not less than zero.
02-10 11:56:21.996  2580  5181 I TransitionController: finishTransition TransitionRecord{188af56 id=2152 type=OPEN flags=0x0}
02-10 11:56:21.998  2580  2605 V WindowManager: Finish Transition #2152: created at 02-10 11:56:21.388 collect-started=0.536ms request-sent=14.467ms started=17.64ms ready=60.752ms sent=567.779ms finished=608.523ms
02-10 11:56:21.999  9097  9097 I VRI[Settings$WifiSettingsActivity]: send MSG_WINDOW_FOCUS_CHANGED msg
02-10 11:56:22.000  3141  3233 I WindowManagerShell: Track 0 became idle
02-10 11:56:22.000  3141  3233 I WindowManagerShell: All active transition animations finished
02-10 11:56:22.000  3141  3233 I WindowManagerShell:  animated by com.android.wm.shell.transition.DefaultTransitionHandler@1533245
02-10 11:56:22.000  3141  3233 I WindowManagerShell: Track 0 became idle
02-10 11:56:22.000  3141  3233 I WindowManagerShell: All active transition animations finished
02-10 11:56:22.000  2580  2799 E ProcessInfoCollector: getProcessInfo: proc should not less than zero.
02-10 11:56:22.006  2580  9122 I HnVibratorManagerService: isSupportHwVibrator type:haptic.common.click_medium, isSupport:-1
02-10 11:56:22.007  2580  2799 E ProcessInfoCollector: getProcessInfo: proc should not less than zero.
02-10 11:56:22.008  2580  2799 I JobScheduler: isReadyToBeExecutedLocked, job is prohibit by iaware: JobStatus{af5116a androidx.work.systemjobscheduler:u0a199/990 @androidx.work.systemjobscheduler@com.netflix.mediaclient/androidx.work.impl.background.systemjob.SystemJobService u=0 s=10199 READY}
02-10 11:56:22.008  2580  2799 E ProcessInfoCollector: getProcessInfo: proc should not less than zero.
02-10 11:56:22.008  2580  2799 I JobScheduler: isReadyToBeExecutedLocked, job is prohibit by iaware: JobStatus{89f8d37 androidx.work.systemjobscheduler:u0a199/994 @androidx.work.systemjobscheduler@com.netflix.mediaclient/androidx.work.impl.background.systemjob.SystemJobService u=0 s=10199 READY}
02-10 11:56:22.009  2580  2799 E ProcessInfoCollector: getProcessInfo: proc should not less than zero.
02-10 11:56:22.009  2580  2799 I JobScheduler: isReadyToBeExecutedLocked, job is prohibit by iaware: JobStatus{88012a4 androidx.work.systemjobscheduler:u0a199/995 @androidx.work.systemjobscheduler@com.netflix.mediaclient/androidx.work.impl.background.systemjob.SystemJobService u=0 s=10199 READY}
02-10 11:56:22.010  2580  2799 E ProcessInfoCollector: getProcessInfo: proc should not less than zero.
02-10 11:56:22.010  2580  2799 I JobScheduler: isReadyToBeExecutedLocked, job is prohibit by iaware: JobStatus{7a2e65b androidx.work.systemjobscheduler:u0a199/992 @androidx.work.systemjobscheduler@com.netflix.mediaclient/androidx.work.impl.background.systemjob.SystemJobService u=0 s=10199 READY}
02-10 11:56:22.011  2580  2799 E ProcessInfoCollector: getProcessInfo: proc should not less than zero.
02-10 11:56:22.011  2580  2799 I JobScheduler: isReadyToBeExecutedLocked, job is prohibit by iaware: JobStatus{30e180d androidx.work.systemjobscheduler:u0a199/996 @androidx.work.systemjobscheduler@com.netflix.mediaclient/androidx.work.impl.background.systemjob.SystemJobService u=0 s=10199 READY}
02-10 11:56:22.011  2580  2799 E ProcessInfoCollector: getProcessInfo: proc should not less than zero.
02-10 11:56:22.012  2580  2799 I JobScheduler: isReadyToBeExecutedLocked, job is prohibit by iaware: JobStatus{2aa52e3 androidx.work.systemjobscheduler:u0a199/977 @androidx.work.systemjobscheduler@com.netflix.mediaclient/androidx.work.impl.background.systemjob.SystemJobService u=0 s=10199 NET READY}
02-10 11:56:22.018  2580  2799 W JobScheduler.Concurrency: Had fewer than 16 in existence
02-10 11:56:22.019  2580  2608 I HwBrightnessPgSceneDetection: isHealthEyeWhenFlod() sIsContainsFoldPkgfalse
02-10 11:56:22.021  2580  2799 I PowerManagerService: wakeLock.mDisabled:false, mDeviceIdleMode:false, mProcState:0
02-10 11:56:22.024  2580  2799 I PowerManagerService: wakeLock.mDisabled:false, mDeviceIdleMode:false, mProcState:0
